GAMS 45.7.0  64fbf3ce Jan 18, 2024          WEX-WEI x86 64bit/MS Windows - 07/11/25 19:12:20 Page 1
G e n e r a l   A l g e b r a i c   M o d e l i n g   S y s t e m
C o m p i l a t i o n


   1  *==============================================================================*
   2  *GTAP DataBase Verion 11b Mapping Code Manual
   3  *Version: 1.0
   4  *Author: [Jintae Kim]
   5  *Original Code Authors: Veronique Robichaud, Andre Lemelin, Helene Maisonnave, Bernard Decaluwe (PEP-w-1)
   6  *License: CC BY-NC-SA 3.0
   7  *Last Updated: 2025-03-27
   8   
   9  *==============================================================================*
  10  *Introduction
  11  *This manual is based on the GTAP data mapping code (DATA_GTAP11b.gms). It explains the process of mapping between GTAP data and the PEP-w model, clarifying key variables and data transformation processes within the code.
  12  *
  13  *This manual can only be used for non-commercial (NC) purposes and must be shared under the same license (CC BY-NC-SA 3.0).
  14  *For detailed license information, please visit:
  15  *https://creativecommons.org/licenses/by-nc-sa/3.0/
  16   
  17  *License Notice
  18  *This manual is based on the GTAP data mapping code (DATA_GTAP11b.gms), originally developed by Veronique Robichaud, Andre Lemelin, Helene Maisonnave, and Bernard Decaluwe. It is distributed under the Creative Commons Attribution-NonCommercial-ShareAlike 3.0 (CC BY-NC-SA 3.0) license.
  19   
  20  *Key License Terms:
  21  *Attribution (BY): You must give appropriate credit to the original authors.
  22  *Non-Commercial (NC): This work cannot be used for commercial purposes.
  23  *Share-Alike (SA): If you modify or build upon this work, you must distribute the modified work under the same license.
  24  *For more details, please visit:
  25  *https://creativecommons.org/licenses/by-nc-sa/3.0/
  26   
  27  *==============================================================================*
  28  * Running new GTAP Model generates a number of files, of which two are
  29  * used below: BaseData2019.har and Parameters2019.har.
  30   
  31  * The har2gdx facility allows converting these two files into GDX format.
  32  *==============================================================================
  35   
  36  *==============================================================================
  37  * 1. Define the sets
  38  *==============================================================================
  39  *  1.1 Sets that will be used in the aggregated model
  40  *==============================================================================
  41  SET J All industries
  42  /
  43   01_AGRICULT    Agricultural forest and fishery goods
  44   02_COAL        Coal
  45   03_OIL         Crude petroleum
  46   04_GAS         Natural gas Gas distribution
  47   05_MINING      Mined and quarried goods
  48   06_FOODPRO     Food beverages and tobacco products
  49   07_TEXTILES    Textile and leather products
  50   08_WOODPRO     Wood products
  51   09_PAPERPRO    Paper products
  52   10_PETROLCOAL  Petroleum and coal products
  53   11_CHEMICAL    Chemical products
  54   12_NONMET      Non-metallic mineral products
  55   13_IRONSTL     Primary iron and steel products
  56   14_NONFERR     Non-ferrous metal products
  57   15_MACHINE     Fabricated metal products Electronic and electrical equipment Machinery and equipment
  58   16_TRANSEQ     Motor vehicles Other transport equipment
  59   17_OTHERIND    Other manufactured products Water supply
  60   18_TnD         Transmission and Distribution
  61   19_eNuclear    Nuclear generation
  62   20_eCoal       Coal generation
  63   21_eGas        Gas generation
  64   22_eOil        Oil generation
  65   23_eWind       Wind generation
  66   24_eSolar      Solar generation
  67   25_eHydro      Hydro generation
  68   26_eOther      Other generation
  69   27_CONSTRUC    Construction
  70   28_LTRP        Land transport service(road rail)
  71   29_WTRP        Water transport service
  72   30_ATRP        Air transport service
  73   31_SER         Service
  74  /
  75   
  76  J2(J) KLE Sectors
  77  /
  78   01_AGRICULT    Agricultural forest and fishery goods
  79   06_FOODPRO     Food beverages and tobacco products
  80   07_TEXTILES    Textile and leather products
  81   08_WOODPRO     Wood products
  82   09_PAPERPRO    Paper products
  83   10_PETROLCOAL  Petroleum and coal products
  84   11_CHEMICAL    Chemical products
  85   12_NONMET      Non-metallic mineral products
  86   13_IRONSTL     Primary iron and steel products
  87   14_NONFERR     Non-ferrous metal products
  88   15_MACHINE     Fabricated metal products Electronic and electrical equipment Machinery and equipment
  89   16_TRANSEQ     Motor vehicles Other transport equipment
  90   17_OTHERIND    Other manufactured products Water supply
  91   27_CONSTRUC    Construction
  92   28_LTRP        Land transport service(road rail)
  93   29_WTRP        Water transport service
  94   30_ATRP        Air transport service
  95   31_SER         Service
  96  /
  97   
  98  J3(J) Non-KLE Sectors
  99  /
 100   02_COAL        Coal
 101   03_OIL         Crude petroleum
 102   04_GAS         Natural gas Gas distribution
 103   05_MINING      Mined and quarried goods
 104   18_TnD         Transmission and Distribution
 105   19_eNuclear    Nuclear generation
 106   20_eCoal       Coal generation
 107   21_eGas        Gas generation
 108   22_eOil        Oil generation
 109   23_eWind       Wind generation
 110   24_eSolar      Solar generation
 111   25_eHydro      Hydro generation
 112   26_eOther      Other generation
 113  /
 114   
 115   
 116  I All commodities except agriculture
 117  /
 118   01_AGRICULT    Agricultural forest and fishery goods
 119   02_COAL        Coal
 120   03_OIL         Crude petroleum
 121   04_GAS         Natural gas Gas distribution
 122   05_MINING      Mined and quarried goods
 123   06_FOODPRO     Food beverages and tobacco products
 124   07_TEXTILES    Textile and leather products
 125   08_WOODPRO     Wood products
 126   09_PAPERPRO    Paper products
 127   10_PETROLCOAL  Petroleum and coal products
 128   11_CHEMICAL    Chemical products
 129   12_NONMET      Non-metallic mineral products
 130   13_IRONSTL     Primary iron and steel products
 131   14_NONFERR     Non-ferrous metal products
 132   15_MACHINE     Fabricated metal products Electronic and electrical equipment Machinery and equipment
 133   16_TRANSEQ     Motor vehicles Other transport equipment
 134   17_OTHERIND    Other manufactured products Water supply
 135   18_ELEC        Electricity
 136   19_CONSTRUC    Construction
 137   20_LTRP        Land transport service(road rail)
 138   21_WTRP        Water transport service
 139   22_ATRP        Air transport service
 140   23_SER         Service
 141  /
 142   
 143  ENE(I) Energy commodities full list
 144  /
 145   02_COAL         Coal
 146   03_OIL          Crude petroleum
 147   04_GAS         Natural gas
 148   10_PETROLCOAL   Petroleum and coal products
 149   18_ELEC         Electricity
 150  /
 151   
 152  BUS(J) Private industries
 153  /
 154   01_AGRICULT    Agricultural forest and fishery goods
 155   02_COAL        Coal
 156   03_OIL         Crude petroleum
 157   04_GAS         Natural gas Gas distribution
 158   05_MINING      Mined and quarried goods
 159   06_FOODPRO     Food beverages and tobacco products
 160   07_TEXTILES    Textile and leather products
 161   08_WOODPRO     Wood products
 162   09_PAPERPRO    Paper products
 163   10_PETROLCOAL  Petroleum and coal products
 164   11_CHEMICAL    Chemical products
 165   12_NONMET      Non-metallic mineral products
 166   13_IRONSTL     Primary iron and steel products
 167   14_NONFERR     Non-ferrous metal products
 168   15_MACHINE     Fabricated metal products Electronic and electrical equipment Machinery and equipment
 169   16_TRANSEQ     Motor vehicles Other transport equipment
 170   17_OTHERIND    Other manufactured products Water supply
 171   18_TnD         Transmission and Distribution
 172   19_eNuclear    Nuclear generation
 173   20_eCoal       Coal generation
 174   21_eGas        Gas generation
 175   22_eOil        Oil generation
 176   23_eWind       Wind generation
 177   24_eSolar      Solar generation
 178   25_eHydro      Hydro generation
 179   26_eOther      Other generation
 180   27_CONSTRUC    Construction
 181   28_LTRP        Land transport service(road rail)
 182   29_WTRP        Water transport service
 183   30_ATRP        Air transport service
 184   31_SER         Service
 185  /
 186   
 187  TRP(J) TRANSPORT
 188  /
 189   28_LTRP        Land transport service(road rail)
 190   29_WTRP        Water transport service
 191   30_ATRP        Air transport service
 192  /
 193   
 194  PUB(J) Public industries
 195  /
 196  * 01_AGRICULT    Agricultural forest and fishery goods
 197  * 02_COAL        Coal
 198  * 03_OIL         Crude petroleum
 199  * 04_GAS         Natural gas Gas distribution
 200  * 05_MINING      Mined and quarried goods
 201  * 06_FOODPRO     Food beverages and tobacco products
 202  * 07_TEXTILES    Textile and leather products
 203  * 08_WOODPRO     Wood products
 204  * 09_PAPERPRO    Paper products
 205  * 10_PETROLCOAL  Petroleum and coal products
 206  * 11_CHEMICAL    Chemical products
 207  * 12_NONMET      Non-metallic mineral products
 208  * 13_IRONSTL     Primary iron and steel products
 209  * 14_NONFERR     Non-ferrous metal products
 210  * 15_MACHINE     Fabricated metal products Electronic and electrical equipment Machinery and equipment
 211  * 16_TRANSEQ     Motor vehicles Other transport equipment
 212  * 17_OTHERIND    Other manufactured products Water supply
 213  * 18_TnD         Transmission and Distribution
 214  * 19_eNuclear    Nuclear generation
 215  * 20_eCoal       Coal generation
 216  * 21_eGas        Gas generation
 217  * 22_eOil        Oil generation
 218  * 23_eWind       Wind generation
 219  * 24_eSolar      Solar generation
 220  * 25_eHydro      Hydro generation
 221  * 26_eOther      Other generation
 222  * 27_CONSTRUC    Construction
 223  * 28_LTRP        Land transport service(road rail)
 224  * 29_WTRP        Water transport service
 225  * 30_ATRP        Air transport service
 226  * 31_SER         Service
 227  /
 228   
 229  F Production factors
 230  /
 231   slab            Skilled labour
 232   ulab            Unskilled Labour
 233   cap             Capital
 234   land            Land
 235   natr            Natural resources
 236  /
 237   
 238  L(F) Labor categories
 239  /
 240   slab            Skilled labour
 241   ulab            Unskilled Labour
 242  /
 243   
 244  K(F) Capital categories
 245  /
 246   cap             Capital
 247   land            Land
 248   natr            Natural resources
 249  /
 250   
 251  Z Regions
 252  /
 253   01_KOR Korea
 254   02_CHN China
 255   03_JPN Japan
 256   04_RUS Russian Federation
 257   05_MNG Mongolia
 258   06_PRK Peoples Republic of Korea
 259   07_NAM North America
 260   08_LAM Latin America and the Caribbean
 261   09_WEU Western Europe
 262   10_EEU Central and Eastern Europe
 263   11_FSU Former Soviet Union
 264   12_MEA Middle East and North Africa
 265   13_AFR Sub-Saharan Africa
 266   14_CPA Centrally Planned Asia and China
 267   15_SAS South Asia
 268   16_PAS Other Pacific Asia
 269   17_PAO Pacific OECD
 270  /
 271   
 272  Z1(Z) All regions except reference region
 273  /
 274   01_KOR Korea
 275   02_CHN China
 276   03_JPN Japan
 277   04_RUS Russian Federation
 278   05_MNG Mongolia
 279   06_PRK Peoples Republic of Korea
 280  * 07_NAM North America
 281   08_LAM Latin America and the Caribbean
 282   09_WEU Western Europe
 283   10_EEU Central and Eastern Europe
 284   11_FSU Former Soviet Union
 285   12_MEA Middle East and North Africa
 286   13_AFR Sub-Saharan Africa
 287   14_CPA Centrally Planned Asia and China
 288   15_SAS South Asia
 289   16_PAS Other Pacific Asia
 290   17_PAO Pacific OECD
 291  /
 292   
 293  ZR(Z) Reference country
 294  /
 295   07_NAM North America
 296  /
 297   
 298  Zrich(Z) Rich regions
 299   
 300  Zother(Z) Non-rich regions
 301   
 302  TIME Time periods
 303  /
 304  2018*2100
 305  /
 306   
 307  *==============================================================================
 308  *  1.2 Sets used in GTAP DB
 309  *==============================================================================
 310   
 311   GlobalSet(*) All of the elements of all sets
 312   endw(GlobalSet)  All factors of production
 313   acts(GlobalSet)  All industries
 314   comm(GlobalSet)  ALL commodities
 315   reg(GlobalSet)  All regions
 316   marg(comm) Margin commodities
 317   
GDXIN   C:\Users\kimc0\GUIDE_GLOBAL_CGE\4.SAM\Input_w-t\GTAP11c_basedata2019.gdx
 319   
--- LOAD  GlobalSet = 1:GlobalSet
--- LOAD  reg = 5:REG
--- LOAD  endw = 6:ENDW
--- LOAD  acts = 4:ACTS
--- LOAD  comm = 3:COMM
--- LOAD  marg = 7:MARG
 321   
 322  *==============================================================================
 323  *  1.3 Mapping between sets used in PEP-w and GTAP DB
 324  *==============================================================================
 325   
 326  z1c(reg)  Elements in GTAP that refer to one single country
 327  /
 328  r_01KOR, r_02CHN, r_03JPN, r_04RUS, r_05MNG, r_06PRK, r_07NAM, r_08LAM,
 329  r_09WEU, r_10EEU, r_11FSU, r_12MEA, r_13AFR, r_14CPA, r_15SAS, r_16PAS, r_17PAO
 330  /
 331   
 332  z2reg(z,reg) Mapping of regions
 333  /
 334   01_KOR. (r_01KOR)
 335   02_CHN. (r_02CHN)
 336   03_JPN. (r_03JPN)
 337   04_RUS. (r_04RUS)
 338   05_MNG. (r_05MNG)
 339   06_PRK. (r_06PRK)
 340   07_NAM. (r_07NAM)
 341   08_LAM. (r_08LAM)
 342   09_WEU. (r_09WEU)
 343   10_EEU. (r_10EEU)
 344   11_FSU. (r_11FSU)
 345   12_MEA. (r_12MEA)
 346   13_AFR. (r_13AFR)
 347   14_CPA. (r_14CPA)
 348   15_SAS. (r_15SAS)
 349   16_PAS. (r_16PAS)
 350   17_PAO. (r_17PAO)
 351  /
 352   
 353  j2acts(j,acts) Mapping of sectors
 354  /
 355   01_AGRICULT.     (pdr, wht, gro, v_f, osd, c_b, pfb, ocr, ctl, oap, rmk, wol, frs, fsh)
 356   02_COAL.         (coa)
 357   03_OIL.          (oil)
 358  * 04_GAS.          (gas, gdt)
 359   04_GAS.          (gas)
 360   05_MINING.       (oxt)
 361   06_FOODPRO.      (cmt, omt, vol, mil, pcr, sgr, ofd, b_t)
 362   07_TEXTILES.     (tex, wap, lea)
 363   08_WOODPRO.      (lum)
 364   09_PAPERPRO.     (ppp)
 365   10_PETROLCOAL.   (p_c)
 366   11_CHEMICAL.     (chm, bph, rpp)
 367   12_NONMET.       (nmm)
 368   13_IRONSTL.      (i_s)
 369   14_NONFERR.      (nfm)
 370   15_MACHINE.      (fmp, ele, eeq, ome)
 371   16_TRANSEQ.      (mvh, otn)
 372   17_OTHERIND.     (omf)
 373   18_TnD.          (TnD)
 374   19_eNuclear.     (eNuclear)
 375   20_eCoal.        (eCoal)
 376   21_eGas.         (eGas)
 377   22_eOil.         (eOil)
 378   23_eWind.        (eWind)
 379   24_eSolar.       (eSolar)
 380   25_eHydro.       (eHydro)
 381   26_eOther.       (eOther)
 382   27_CONSTRUC.     (cns)
 383   28_LTRP.         (otp)
 384   29_WTRP.         (wtp)
 385   30_ATRP.         (atp)
 386   31_SER.          (trd, afs, whs, cmn, ofi, ins, rsa, obs, ros, dwe, osg, edu, hht, wtr)
 387  /
 388   
 389  j2comm(j,comm) Mapping of sectors
 390  /
 391   01_AGRICULT.     (pdr, wht, gro, v_f, osd, c_b, pfb, ocr, ctl, oap, rmk, wol, frs, fsh)
 392   02_COAL.         (coa)
 393   03_OIL.          (oil)
 394  * 04_GAS.          (gas, gdt)
 395   04_GAS.          (gas)
 396   05_MINING.       (oxt)
 397   06_FOODPRO.      (cmt, omt, vol, mil, pcr, sgr, ofd, b_t)
 398   07_TEXTILES.     (tex, wap, lea)
 399   08_WOODPRO.      (lum)
 400   09_PAPERPRO.     (ppp)
 401   10_PETROLCOAL.   (p_c)
 402   11_CHEMICAL.     (chm, bph, rpp)
 403   12_NONMET.       (nmm)
 404   13_IRONSTL.      (i_s)
 405   14_NONFERR.      (nfm)
 406   15_MACHINE.      (fmp, ele, eeq, ome)
 407   16_TRANSEQ.      (mvh, otn)
 408   17_OTHERIND.     (omf)
 409   18_TnD.          (TnD)
 410   19_eNuclear.     (eNuclear)
 411   20_eCoal.        (eCoal)
 412   21_eGas.         (eGas)
 413   22_eOil.         (eOil)
 414   23_eWind.        (eWind)
 415   24_eSolar.       (eSolar)
 416   25_eHydro.       (eHydro)
 417   26_eOther.       (eOther)
 418   27_CONSTRUC.     (cns)
 419   28_LTRP.         (otp)
 420   29_WTRP.         (wtp)
 421   30_ATRP.         (atp)
 422   31_SER.          (trd, afs, whs, cmn, ofi, ins, rsa, obs, ros, dwe, osg, edu, hht, wtr)
 423  /
 424   
 425  i2comm(i,comm) Mapping of sectors
 426  /
 427   01_AGRICULT.     (pdr, wht, gro, v_f, osd, c_b, pfb, ocr, ctl, oap, rmk, wol, frs, fsh)
 428   02_COAL.         (coa)
 429   03_OIL.          (oil)
 430  * 04_GAS.          (gas, gdt)
 431   04_GAS.          (gas)
 432   05_MINING.       (oxt)
 433   06_FOODPRO.      (cmt, omt, vol, mil, pcr, sgr, ofd, b_t)
 434   07_TEXTILES.     (tex, wap, lea)
 435   08_WOODPRO.      (lum)
 436   09_PAPERPRO.     (ppp)
 437   10_PETROLCOAL.   (p_c)
 438   11_CHEMICAL.     (chm, bph, rpp)
 439   12_NONMET.       (nmm)
 440   13_IRONSTL.      (i_s)
 441   14_NONFERR.      (nfm)
 442   15_MACHINE.      (fmp, ele, eeq, ome)
 443   16_TRANSEQ.      (mvh, otn)
 444   17_OTHERIND.     (omf)
 445   18_ELEC.         (TnD, eNuclear, eCoal, eGas, eOil, eWind, eSolar, eHydro, eOther)
 446   19_CONSTRUC.     (cns)
 447   20_LTRP.         (otp)
 448   21_WTRP.         (wtp)
 449   22_ATRP.         (atp)
 450   23_SER.          (trd, afs, whs, cmn, ofi, ins, rsa, obs, ros, dwe, osg, edu, hht, wtr)
 451  /
 452   
 453  i2comm2(i,comm) Mapping of sectors
 454  /
 455   02_COAL.         (coa, oil, gas, p_c, TnD, eNuclear, eCoal, eGas, eOil, eWind, eSolar, eHydro, eOther)
 456  /
 457   
 458  COMtoIND(j,i)
 459  /
 460   01_AGRICULT.     (01_AGRICULT)
 461   02_COAL.         (02_COAL)
 462   03_OIL.          (03_OIL)
 463   04_GAS.          (04_GAS)
 464   05_MINING.       (05_MINING)
 465   06_FOODPRO.      (06_FOODPRO)
 466   07_TEXTILES.     (07_TEXTILES)
 467   08_WOODPRO.      (08_WOODPRO)
 468   09_PAPERPRO.     (09_PAPERPRO)
 469   10_PETROLCOAL.   (10_PETROLCOAL)
 470   11_CHEMICAL.     (11_CHEMICAL)
 471   12_NONMET.       (12_NONMET)
 472   13_IRONSTL.      (13_IRONSTL)
 473   14_NONFERR.      (14_NONFERR)
 474   15_MACHINE.      (15_MACHINE)
 475   16_TRANSEQ.      (16_TRANSEQ)
 476   17_OTHERIND.     (17_OTHERIND)
 477   18_TnD.          (18_ELEC)
 478   19_eNuclear.     (18_ELEC)
 479   20_eCoal.        (18_ELEC)
 480   21_eGas.         (18_ELEC)
 481   22_eOil.         (18_ELEC)
 482   23_eWind.        (18_ELEC)
 483   24_eSolar.       (18_ELEC)
 484   25_eHydro.       (18_ELEC)
 485   26_eOther.       (18_ELEC)
 486   27_CONSTRUC.     (19_CONSTRUC)
 487   28_LTRP.         (20_LTRP)
 488   29_WTRP.         (21_WTRP)
 489   30_ATRP.         (22_ATRP)
 490   31_SER.          (23_SER)
 491  /
 492   
 493  f2endw(f,endw) Mapping of production factors
 494  /
 495   slab.     (SkLab)
 496   ulab.     (UnSkLab)
 497   cap.      (Capital)
 498   land.     (Land)
 499   natr.     (NatRes)
 500  /
 501   
 502  ALIAS(reg,regj)
 503  ALIAS(comm,commi)
 504  ALIAS(acts,actsj)
 505  ALIAS(j,jj)
 506  ALIAS(i,ij)
 507  ALIAS(l,lj)
 508  ALIAS(k,kj)
 509  ALIAS(z,zj,zjj)
 510  ALIAS(time,timej)
 511  AlIAS (ENE,ENEE)
 512   
 513  ;
 514   
 515  *==============================================================================
 516  * 2. Calibration of variables
 517  *==============================================================================
 518   
 519  Parameter
 520  *==============================================================================
 521  *  2.1 Variables in GTAP DB
 522  *==============================================================================
 523  * These are the variables from GTAP DB format 6 verion used in the calibration process.
 524  * Population data is in million while all other data are expressed in millions of USD
 525   
 526   EVOS(endw,acts,reg)            Endowments at agents prices
 527   FBEP(endw,acts,reg)            Factor-based subsidies
 528   FTRV(endw,acts,reg)            Taxes - Factor Employment Tax Revenue
 529   MFRV(comm,reg,reg)             Protection MFA export subsidy equivalent
 530   OSEP(comm,reg)                 Ordinary output subsidies
 531   POP(reg)                       Population
 532   TFRV(comm,reg,reg)             Protection Ordinary Import Duty
 533   VDEP(reg)                      Capital Stock Value of Depreciation
 534   VDFP(comm,acts,reg)            Intermed Firms Dom Purchases at Agent Prices
 535   VDFB(comm,acts,reg)            Intermed Firms Dom Purchases at Mkt Prices
 536   VMFP(comm,acts,reg)            Intermed Firms Imp Purchases at Agent Prices
 537   VMFB(comm,acts,reg)            Intermed Firms Imp Purchases at Mkt Prices
 538   VDGP(comm,reg)                 Government Dom Purchases at Agents Prices
 539   VDGB(comm,reg)                 Government Dom Purchases at Market Prices
 540   VDPP(comm,reg)                 Private Hhold Dom Purchases at Agents Prices
 541   VDPB(comm,reg)                 Private Hhold Dom Purchases at Market Prices
 542   EVFB(endw,acts,reg)            Endowments Firms Purchases at Market Prices
 543   VIFA(comm,acts,reg)            Intermed Firms Imports at Agents Prices
 544   VIFM(comm,acts,reg)            Intermed Firms Imports at Market Prices
 545   VMGP(comm,reg)                 Government Imports at Agents Prices
 546   VMGB(comm,reg)                 Government Imports at Market Prices
 547   VMSB(comm,reg,reg)             Trade Bilateral Imports at Market Prices
 548   VMPP(comm,reg)                 Private Households Imports at Agents Prices
 549   VMPB(comm,reg)                 Private Households Imports at Market Prices
 550   VCIF(comm,reg,reg)             Trade Bilateral Imports at World Prices
 551   VKB(reg)                       Capital Stock Value at Beginning-of-Period
 552   VST(marg,reg)                  Trade Exports Internatl Trans Mkt Prices
 553   VTMFSD(marg,comm,reg,reg)      Trade Margins Internatl Trans World Prices
 554   VXSB(comm,reg,reg)             Trade Bilateral Exports at Market Prices
 555   VFOB(comm,reg,reg)             Trade Bilateral Exports at World Prices
 556   XTRV(comm,reg,reg)             Protection Ordinary Export Subsidy
 557   VDIP(comm,reg)                 Investment expenditure on dom. c in r at producer prices
 558   VMIP(comm,reg)                 Investment expenditure on imp. c in r at producer prices
 559   VDIB(comm,reg)                 Investment expenditure on dom. c in r at basic prices
 560   VMIB(comm,reg)                 Investment expenditure on imp. c in r at basic prices
 561   MAKES(comm,acts,reg)           Make matrix valued at suppliers prices
 562   MAKEB(comm,acts,reg)           Make matrix valued at basic prices
 563   
 564  *==============================================================================
 565  *  2.2 Variables in the aggregated model
 566  *==============================================================================
 567   CO(i,z)         Household consumption of commodity I
 568   CGO(i,z)        Public final consumption of commodity i
 569   INVO(i,z)       Final demand of commodity i for investment purposes
 570   DDO(i,z)        Demand for domestic production of commodity i
 571   DEPO(z)         Depreciation
 572   DIO(i,j,z)      Intermediate consumption of commodity i by industry j
 573   DSO(j,i,z)      Supply of commodity i by sector j to the domestic market
 574   EXO(i,z,zj)     Exports supply of commodity i from country z to country zj
 575   EXTO(i,z)       Total Export
 576   IMO(i,zj,z)     Imports of commodity m by country z from country zj
 577   RKDO(k,j,z)     Type k capital income in industry j
 578   RKDO_J(k,z)     Type k capital income
 579   KSTO(z)         Total capital stock in region z
 580   LDO2(l,j,z)     Industry j demand for labour l
 581   LDO2_J(l,z)     Demand for labour l
 582   LDO(j,z)        Industry j demand for labour l
 583   LDO_J(z)        Demand for labour l
 584   MRGNO(i,z)      Demand for commodity i as a margin
 585   POPO(z)         Population
 586   TDHO(z)         Household income taxes
 587   DTAX(f,z)       Direct taxes
 588   TICO(i,z)       Government receipts of indirect taxes on commodity i
 589   TIKO(k,j,z)     Government receipts of indirect taxes on capital k of industry j
 590   TIKO_J(k,z)     Government receipts of indirect taxes on capital k
 591   TIMO(i,zj,z)    Government receipts of indirect taxes on imports of commodity i
 592   TIPO(j,z)       Government receipts of indirect taxes on production of industry j
 593   TIWO2(l,j,z)     Government receipts of indirect taxes on wages and salaries of industry j
 594   TIWO2_J(l,z)     Government receipts of indirect taxes on wages and salaries
 595   TIWO(j,z)     Government receipts of indirect taxes on wages and salaries of industry j
 596   TIWO_J(z)     Government receipts of indirect taxes on wages and salaries
 597   TIXO(i,z,zj)    Government receipts of indirect taxes on exports of commodity i
 598   tmrg(i,ij,zj,z) Rate of commodity i margin applied to import m from country zj
 599   XSO_I(i,z)      total production by commodity
 600   XSO(j,i,z)      Industry j production of commodity i
 601   XSTO(j,z)       Total aggregate output of industry j
 602   tssm(i,j,z)     Intermediate tax by source import
 603   tssd(i,j,z)     Intermediate tax by source domestic
 604   MAKE(j,i,z)     Make matrix valued at basic prices
 605   DSO_I(i,z)      Supplys of domestic production of commodity i
 606   XSO_I(i,z)      Total aggregate output of commoity i
 607   TotalCost(j,z)  Total Cost by industry
 608  ;
 609   
 610  *==============================================================================
 611  *  2.3 Loading parameters from GTAP database
 612  *==============================================================================
--- LOAD  EVOS = 13:EVOS
--- LOAD  FBEP = 40:FBEP
--- LOAD  FTRV = 41:FTRV
--- LOAD  MFRV = 46:MFRV
--- LOAD  OSEP = 43:OSEP
--- LOAD  POP = 42:POP
--- LOAD  TFRV = 45:TFRV
--- LOAD  VDEP = 31:VDEP
--- LOAD  VDFP = 11:VDFP
--- LOAD  VDFB = 9:VDFB
--- LOAD  VDGP = 20:VDGP
--- LOAD  VDGB = 18:VDGB
--- LOAD  VMFP = 12:VMFP
--- LOAD  VMFB = 10:VMFB
--- LOAD  MAKES = 16:MAKES
--- LOAD  MAKEB = 17:MAKEB
--- LOAD  VDPP = 24:VDPP
--- LOAD  VDPB = 22:VDPB
--- LOAD  EVFB = 14:EVFB
--- LOAD  VDIP = 28:VDIP
--- LOAD  VDIB = 26:VDIB
--- LOAD  VMIP = 29:VMIP
--- LOAD  VMIB = 27:VMIB
--- LOAD  VMGP = 21:VMGP
--- LOAD  VMGB = 19:VMGB
--- LOAD  VMPP = 25:VMPP
--- LOAD  VMPB = 23:VMPB
--- LOAD  VMSB = 35:VMSB
--- LOAD  VCIF = 34:VCIF
--- LOAD  VKB = 39:VKB
--- LOAD  VST = 36:VST
--- LOAD  VTMFSD = 38:VTMFSD
--- LOAD  VXSB = 32:VXSB
--- LOAD  VFOB = 33:VFOB
--- LOAD  XTRV = 44:XTRV
 616   
 617  *==============================================================================
 618  * 2.4 Mapping between variables in the model and GTAP
 619  *==============================================================================
 620  *==============================================================================
 621  * 2.4.1 Households consumption
 622  *==============================================================================
 623  * Households consumption is given by the sum of domestic purchases at
 624  * agents prices (VDPP) and private household imports at agents prices (VMPP).
 625   
 626   CO(i,z)         = SUM{(comm,reg)$[i2comm(i,comm)$z2reg(z,reg)],
 627                         VDPP(comm,reg)+VMPP(comm,reg)};
 628   
 629   CO(i,z)$(CO(i,z) lt 0.1) = 0.1 ;
 630   
 631  *==============================================================================
 632  * 2.4.2 Public final consumption
 633  *==============================================================================
 634  * Public final consumption is given by the sum of domestic purchases at
 635  * agents prices (VDGP) and public final imports at agents prices (VMGP).
 636   
 637   CGO(i,z)        = SUM{(comm,reg)$[i2comm(i,comm)$z2reg(z,reg)],
 638                         VDGP(comm,reg)+VMGP(comm,reg)};
 639   
 640   CGO(i,z)$(CGO(i,z) lt 0.1) = 0.1 ;
 641   
 642  *==============================================================================
 643  * 2.4.3 Demand for investment purposes
 644  *=============================================================================
 645  *  In the GTAP data, the accumulation account is presented in the
 646  *  production sector CGDS (Capital goods). Demand for investment purposes
 647  *  is thus given by the sum of domestic purchases at agents prices (VDIP)
 648  *  and public final imports at agents prices (VMIP) for this sector.
 649   
 650   INVO(i,z)       = SUM{(comm,reg)$[i2comm(i,comm)$z2reg(z,reg)],
 651                        VDIP(comm,reg)+VMIP(comm,reg)};
 652   
 653   INVO(i,z)$(INVO(i,z) lt 0.1) = 0.1 ;
 654   
 655  *==============================================================================
 656  * 2.4.4 Intermediate demand
 657  *==============================================================================
 658  * Intermediate consumption is given by the sum of domestic purchases at
 659  * agents prices (VDFP) and public final imports at agents prices (VMFP).
 660   
 661   DIO(i,j,z)      = SUM[(comm,acts,reg)$[i2comm(i,comm)
 662                        $j2acts(j,acts)$z2reg(z,reg)],
 663                        VDFP(comm,acts,reg)+VMFP(comm,acts,reg)];
 664   
 665   DIO(ene,j2,z)$(DIO(ene,j2,z) lt 0.1) = sum(enee,DIO(enee,j2,z))*0.015 ;
 666   DIO(i,j,z)$(DIO(i,j,z) lt 0.1) = 0.1 ;
 667   
 668  * for data balancing
 669  * DIO(i,'09_PAPERPRO','05_MNG')$(DIO(i,'09_PAPERPRO','05_MNG') lt 0.0000068505) = 0.000001 ;
 670   
 671   tssm(i,j,z)    = SUM[(comm,acts,reg)$[i2comm(i,comm)
 672                        $j2acts(j,acts)$z2reg(z,reg)],
 673                        VMFP(comm,acts,reg)-VMFB(comm,acts,reg)];
 674   
 675   tssd(i,j,z)    = SUM[(comm,acts,reg)$[i2comm(i,comm)
 676                        $j2acts(j,acts)$z2reg(z,reg)],
 677                        VDFP(comm,acts,reg)-VDFB(comm,acts,reg)];
 678   
 679  *==============================================================================
 680  * 2.4.5 Imports
 681  *==============================================================================
 682  * Imports are defined in GTAP at world prices (VCIF) and at market prices
 683  * (VMSB). Data on bilateral flows also include margins on imports (VTMFSD) and
 684  * import duties (TFRV). On the export side, the database includes exports at
 685  * market prices (VXSB), at world prices (VFOB) and subsidies on exports (MFRV
 686  * and XTRV).
 687  * The relationships between those variables is the following:
 688  *       VMSB = VCIF + TFRV
 689  *       VCIF = VFOB + VTMFSD
 690  *       VXSB = VFOB - MFRV - XTRV
 691  *
 692  * Imports are evaluated at world prices (VCIF) less transport margins (VTMFSD).
 693   
 694  ** Elimination of trade within a country:
 695  ** Trade within any entity that is a GTAP single-country region (or equivalent)
 696  ** is removed.
 697   VCIF(comm,z1c,z1c)        = 0;
 698   VTMFSD(marg,comm,z1c,z1c) = 0;
 699   
 700   IMO(i,zj,z)     = SUM{(comm,regj,reg)$[i2comm(i,comm)
 701                         $z2reg(zj,regj)$z2reg(z,reg)],
 702                         VCIF(comm,regj,reg)-
 703                         SUM[marg,VTMFSD(marg,comm,regj,reg)]};
 704  *lt Strictly less than
 705   IMO(i,zj, z)$(IMO(i, zj, z) lt 0.1) = 0.1 ;
 706   IMO(i,zj,z)$sameas(zj,z) = 0 ;
 707   
 708  * IMO(i,zj,z)$(abs(IMO(i,zj,z)) < 1e-3) = 0;
 709  * IMO(i,zj,z)$sameas(zj,z) = 0 ;
 710   
 711  *==============================================================================
 712  * 2.4.6 Exports
 713  *==============================================================================
 714  *  To limit the sources of potential desequilibrium, exports are simply set
 715  *  equal to imports.
 716   
 717   EXO(i,zj,z)     = IMO(i,zj,z);
 718   EXTO(i,z)       = sum(zj, EXO(i,z,zj));
 719   
 720  * VXSB(comm,z1c,z1c)        = 0;
 721   
 722  * Alternative method bring the export value
 723  * EXO(i,zj,z)     = SUM{(comm,regj,reg)$[i2comm(i,comm)
 724  *                       $z2reg(zj,regj)$z2reg(z,reg)],
 725  *                       VXSB(comm,regj,reg)};
 726  *
 727  *;
 728   
 729  * EXO(i,zj,z)$(abs(EXO(i,zj,z)) < 1e-8) = 1e-3;
 730  * EXTO(i,z)       = sum(zj, EXO(i,z,zj));
 731   
 732  *==============================================================================
 733  * 2.4.7 Margins
 734  *==============================================================================
 735  *  Transport margins are given by the variable VTMFSD
 736  * tmrg(TRP,ij,zj,z)$IMO(ij,zj,z)
 737  *                 = SUM{(comm,regj,reg)$[j2comm(ij,comm)
 738  *                       $z2reg(zj,regj)$z2reg(z,reg)],
 739  *                       SUM[marg,VTMFSD(marg,comm,regj,reg)]};
 740   
 741   tmrg('20_LTRP',ij,zj,z)$IMO(ij,zj,z)
 742                   = SUM{(comm,regj,reg)$[i2comm(ij,comm)
 743                         $z2reg(zj,regj)$z2reg(z,reg)],
 744                         VTMFSD('otp',comm,regj,reg)};
 745   
 746   tmrg('20_LTRP',ij,zj,z)$(tmrg('20_LTRP',ij,zj,z)lt 0.1) = 0.1 ;
 747   
 748   tmrg('21_WTRP',ij,zj,z)$IMO(ij,zj,z)
 749                   = SUM{(comm,regj,reg)$[i2comm(ij,comm)
 750                         $z2reg(zj,regj)$z2reg(z,reg)],
 751                         VTMFSD('wtp',comm,regj,reg)};
 752   
 753   tmrg('21_WTRP',ij,zj,z)$(tmrg('21_WTRP',ij,zj,z)lt 0.1) = 0.1 ;
 754   
 755   tmrg('22_ATRP',ij,zj,z)$IMO(ij,zj,z)
 756                   = SUM{(comm,regj,reg)$[i2comm(ij,comm)
 757                         $z2reg(zj,regj)$z2reg(z,reg)],
 758                         VTMFSD('atp',comm,regj,reg)};
 759   
 760   tmrg('22_ATRP',ij,zj,z)$(tmrg('22_ATRP',ij,zj,z)lt 0.1) = 0.1 ;
 761   
 762   
 763  * Supply of transport margin are given by the variable VST
 764   MRGNO(i,z)      = SUM{(marg,reg)$[i2comm(i,marg)$z2reg(z,reg)],
 765                         VST(marg,reg)};
 766   
 767   MRGNO(i,z)$(MRGNO(i,z)lt 0.1) = 0.1 ;
 768   
 769  *==============================================================================
 770  * 2.4.8 Import duties
 771  *==============================================================================
 772  *  Import duties are given by the variable TFRV
 773   
 774   TIMO(i,zj,z)$IMO(i,zj,z)
 775                   = SUM{(comm,regj,reg)$[i2comm(i,comm)
 776                         $z2reg(zj,regj)$z2reg(z,reg)],
 777                         TFRV(comm,regj,reg)};
 778   
 779  *==============================================================================
 780  * 2.4.9 Taxes on exports
 781  *==============================================================================
 782  *  Taxes on exports are given by the sum of MFRV and XTRV
 783   
 784   TIXO(i,z,zj)$IMO(i,z,zj)
 785                   = SUM{(comm,reg,regj)$[i2comm(i,comm)
 786                         $z2reg(z,reg)$z2reg(zj,regj)],
 787                         MFRV(comm,reg,regj)+XTRV(comm,reg,regj)};
 788   
 789  *==============================================================================
 790  * 2.4.10 Taxes on factors of production
 791  *==============================================================================
 792  * Net taxes on factor of production are calculated as taxes (FTRV)
 793  * less subsidies (FBEP).
 794   
 795   TIWO2(l,j,z)     = SUM{(endw,acts,reg)$[f2endw(l,endw)
 796                         $j2acts(j,acts)$z2reg(z,reg)],
 797                         FTRV(endw,acts,reg)+
 798                         FBEP(endw,acts,reg)};
 799   
 800   TIWO2_J(l,z)   = SUM(j, TIWO2(l,j,z));
 801   
 802   TIWO(j,z) = SUM(l, TIWO2(l,j,z));
 803   
 804   TIWO_J(z)   = SUM(j, TIWO(j,z));
 805   
 806   TIKO(k,j,z)     = SUM{(endw,acts,reg)$[f2endw(k,endw)
 807                         $j2acts(j,acts)$z2reg(z,reg)],
 808                         FTRV(endw,acts,reg)+
 809                         FBEP(endw,acts,reg)};
 810   
 811   TIKO_J(k,z) = SUM(j, TIKO(k,j,z));
 812   
 813  *==============================================================================
 814  * 2.4.11 Taxes on production
 815  *==============================================================================
 816  * Taxes on production are set equal to the negative value of production
 817  * subsidies (OSEP).
 818   
 819   TIPO(j,z)       = SUM{(comm,reg)$[j2comm(j,comm)$z2reg(z,reg)],
 820                         OSEP(comm,reg)};
 821   
 822  *==============================================================================
 823  * 2.4.12 Domestic taxes on commodities
 824  *==============================================================================
 825  * Domestic taxes on commodities are evaluated as the difference between
 826  * demand at agent prices and demand at market prices.
 827   
 828   TICO(i,z)       = SUM{(comm,reg)$[i2comm(i,comm)$z2reg(z,reg)],
 829                        VDPP(comm,reg)-VDPB(comm,reg)
 830                       +VMPP(comm,reg)-VMPB(comm,reg)
 831                       +VDGP(comm,reg)-VDGB(comm,reg)
 832                       +VMGP(comm,reg)-VMGB(comm,reg)
 833                       +SUM[acts,VDFP(comm,acts,reg)
 834                            +VMFP(comm,acts,reg)]
 835   
 836                       -SUM[acts,VDFB(comm,acts,reg)
 837                             +VMFB(comm,acts,reg)]};
 838   
 839   
 840  *Balancing 2019
 841   
 842  TICO('04_GAS','06_PRK')   = TICO('04_GAS','06_PRK') -3.59655 -1.0;
 843  TICO('04_GAS','05_MNG')   = TICO('04_GAS','05_MNG') -2.15382 -1.0;
 844  TICO('03_OIL','05_MNG')   = TICO('03_OIL','05_MNG') -3.30004 -1.0;
 845  TICO('03_OIL','06_PRK')   = TICO('03_OIL','06_PRK') -2.13592 -1.0;
 846   
 847  *==============================================================================
 848  * 2.4.13 Direct taxes
 849  *==============================================================================
 850  * Direct taxes is given by the difference between factor payment at
 851  * market prices (EVFB) and endowment at agent prices (EVOS)
 852   
 853   TDHO(z)            = SUM{reg$z2reg(z,reg),
 854                         SUM[endw,SUM(acts,EVFB(endw,acts,reg))
 855                         -SUM(acts,EVOS(endw, acts, reg))]};
 856   
 857   DTAX(f,z)          = SUM{(endw,reg)$[f2endw(f,endw)$z2reg(z,reg)],
 858                         SUM[acts,EVFB(endw,acts,reg)] -
 859                         SUM[acts,EVOS(endw,acts, reg)]} ;
 860   
 861  *==============================================================================
 862  * 2.4.14 Factors of production
 863  *==============================================================================
 864  * Remuneration of the production factors is evaluated at market prices,
 865  * that is before taxes (EVFB).
 866   
 867   LDO2(l,j,z)       = SUM{(endw,acts,reg)$[f2endw(l,endw)
 868                         $j2acts(j,acts)$z2reg(z,reg)],
 869                         EVFB(endw,acts,reg)};
 870   
 871   LDO2(l,j,z)$(LDO2(l,j,z) lt 0.1) = 0.1 ;
 872   LDO2_J(l,z)  = SUM(j,LDO2(l,j,z)) - DTAX(l,z);
 873   
 874   LDO(j,z) = SUM(l,LDO2(l,j,z));
 875   LDO_J(z) = SUM(j,LDO(j,z));
 876   
 877   RKDO(k,j,z)      = SUM{(endw,acts,reg)$[f2endw(k,endw)
 878                         $j2acts(j,acts)$z2reg(z,reg)],
 879                         EVFB(endw,acts,reg)};
 880   
 881   RKDO("cap",j,z)$(RKDO("cap",j,z) lt 0.1) = 0.1 ;
 882   RKDO("natr","04_GAS","01_KOR")$(RKDO("natr","04_GAS","01_KOR") lt 0.1) = 0.1 ;
 883   RKDO("natr","04_GAS","05_MNG")$(RKDO("natr","04_GAS","05_MNG") lt 0.1) = 0.1 ;
 884   RKDO("natr","04_GAS","06_PRK")$(RKDO("natr","04_GAS","06_PRK") lt 0.1) = 0.1 ;
 885   RKDO("natr","05_MINING","06_PRK")$(RKDO("natr","05_MINING","06_PRK") lt 0.1) = 0.1 ;
 886   
 887  * Total capital stock at the beginning of the period
 888   KSTO(z)         = SUM{reg$z2reg(z,reg),VKB(reg)};
 889   
 890  *==============================================================================
 891  * 2.4.15 Depreciation
 892  *==============================================================================
 893  * Depreciation is given by the variable VDEP
 894   
 895   DEPO(z)         = SUM{reg$z2reg(z,reg),VDEP(reg)};
 896   
 897  *==============================================================================
 898  * 2.4.16 Population
 899  *==============================================================================
 900  *  Population by region
 901   POPO(z)         = SUM{reg$z2reg(z,reg),POP(reg)};
 902   
 903  *==============================================================================
 904  * 2.4.17 Domestic demand
 905  *==============================================================================
 906  * Once again, to avoid descrepencies, domestic purchases are calculated
 907  * by substracting imports, transport margins and indirect taxes from total
 908  * domestic absorption.
 909   
 910   DDO(i,z)        = CO(i,z)+CGO(i,z)+INVO(i,z)+SUM[j,DIO(i,j,z)]-TICO(i,z)
 911                     -SUM[zj,TIMO(i,zj,z)]-SUM[zj,IMO(i,zj,z)]
 912                     -SUM[(ij,zj),tmrg(ij,i,zj,z)];
 913   
 914  *==============================================================================
 915  * 2.4.18 MAKE Matrix
 916  *==============================================================================
 917   
 918   MAKE(j,i,z) = SUM[(acts,comm,reg)$[i2comm(i,comm)
 919                        $j2acts(j,acts)$z2reg(z,reg)],
 920                        MAKEB(comm,acts,reg)];
 921   
 922  *==============================================================================
 923  * 2.5 Equilibrate data
 924  *==============================================================================
 925  *  2.5.1 Equilibrium on the world margin market
 926  *==============================================================================
 927  *  The first step would be to equilibrate international markets. As there is a
 928  *  small difference between supply of margins and demand, we chose to adjust
 929  *  the supply side by increasing or reducing each region's production
 930  *  proportionately.
 931   
 932   MRGNO(i,z)$MRGNO(i,z)
 933                   = MRGNO(i,z)*SUM[(ij,zj,zjj),tmrg(i,ij,zj,zjj)]
 934                    /SUM[zjj,MRGNO(i,zjj)];
 935   
 936  **==============================================================================
 937  * 2.5.2 Equilibrium in each region
 938  *==============================================================================
 939  *  As exports have already been set equal to imports, the remaining differences
 940  *  would appear in the national data. Total production is first set equal to
 941  *  the sum of production for the domestic market (DSO), adjusted production
 942  *  of margins (MRGNO) and exports.
 943   
 944   DSO_I(i,z)        = DDO(i,z) ;
 945   XSO_I(i,z)        = DDO(i,z)+MRGNO(i,z)+SUM[zj,EXO(i,z,zj)-TIXO(i,z,zj)];
 946   XSO(j,i,z)        = XSO_I(i,z)*[MAKE(j,i,z)/sum(jj,MAKE(jj,i,z))];
 947   XSTO(j,z)         = SUM(i, XSO(j,i,z));
 948   EXTO(i,z)         = SUM[zj,EXO(i,z,zj)];
 949   DSO(j,i,z)        = DDO(i,z)*[MAKE(j,i,z)/sum(jj,MAKE(jj,i,z))];
 950   
 951  *  The operating surplus is the variable that was used to equilibrate the
 952  *  regional data. As all other variables (income, savings and so on) will
 953  *  be calculated based on the variables described in these steps, there
 954  *  should not be any other descrepency.
 955   
 956  * for Data Balancing in 2019 Database
 957  TIPO('04_GAS','06_PRK')       = -9.19154 -0.1;
 958  TIPO('09_PAPERPRO','05_MNG')  = -7.77282  -0.1;
 959  TIPO('11_CHEMICAL','05_MNG')  = -7.2221  -0.809803 -0.1;
 960  TIPO('03_OIL','06_PRK')       = -6.11563 -0.1;
 961  TIPO('13_IRONSTL','05_MNG')   = -5.64578 -0.1;
 962  TIPO('19_eNuclear','06_PRK')  = -4.99124 -0.1;
 963  TIPO('23_eWind','06_PRK')     = -4.99122 -0.1;
 964  TIPO('24_eSolar','06_PRK')    = -4.92509 -0.1;
 965  TIPO('19_eNuclear','05_MNG')  = -4.81788 -0.1;
 966  TIPO('19_eNuclear','17_PAO')  = -4.80275 -0.1;
 967  TIPO('26_eOther','05_MNG')    = -4.80001 -0.1;
 968  TIPO('21_eGas','05_MNG')      = -4.78731 -0.1;
 969  TIPO('19_eNuclear','14_CPA')  = -4.63479 -0.1;
 970  TIPO('21_eGas','06_PRK')      = -4.12172 -0.1;
 971  TIPO('24_eSolar','14_CPA')    = -3.06953 -0.1;
 972  TIPO('26_eOther','06_PRK')    = -2.96659 -0.1;
 973  TIPO('14_NONFERR','06_PRK')   = -2.12762 -0.1;
 974  TIPO('10_PETROLCOAL','06_PRK')= -1.82929 -0.1;
 975  TIPO('24_eSolar','05_MNG')    = -0.654131 -0.1;
 976  TIPO('22_eOil','06_PRK')      = -0.408636 -0.1;
 977  TIPO('04_GAS','01_KOR')       = -0.00115488 -0.1;
 978  TIPO('04_GAS','05_MNG')       = -0.0039926 -7.1598 -0.1;
 979  TIPO('05_MINING','06_PRK ')   = -0.0394804 -0.1;
 980   
 981  *RKDO('cap',j,z)  = XSTO(j,z)-SUM[i,DIO(i,j,z)]-SUM[l, LDO(l,j,z)+TIWO(l,j,z)]
 982  *                   -TIPO(j,z)-SUM[k,TIKO(k,j,z)]-RKDO('land',j,z) -RKDO('natr',j,z);
 983   
 984  RKDO('cap',j,z)  = XSTO(j,z)-SUM[i,DIO(i,j,z)]-LDO(j,z)-TIWO(j,z)
 985                     -TIPO(j,z)-SUM[k,TIKO(k,j,z)]-RKDO('land',j,z) -RKDO('natr',j,z);
 986   
 987   
 988  RKDO_J(k,z) = sum(j,RKDO(k,j,z)) - DTAX(k,z);
 989   
 990  TotalCost(j,z) = SUM[i,DIO(i,j,z)]
 991  *                    +SUM[l,LDO(l,j,z)+TIWO(l,j,z)]
 992                      +LDO(j,z)+TIWO(j,z)
 993                      +TIPO(j,z)
 994                      +SUM[k,TIKO(k,j,z)+RKDO(k,j,z)];
 995   
 996  *==============================================================================
 997  * 3. CES elasticities
 998  *==============================================================================
 999  * 3.1 Definition of GTAP parameters
1000  *==============================================================================
1001  PARAMETER
1002   ESUBD(comm, reg)   Elasticity of substitution between domestic product and imports
1003   ESUBM(comm, reg)   Elasticity of substitution between imports from different regions
1004   ESUBVA(acts, reg)  Elasticity of substitution between primary factors in the production of value added
1005   ELFKLE(acts, reg)  Elasticity of substitution between VA-energy sub-production
1006   
1007  *==============================================================================
1008  * 3.2 Definition in PEP w
1009  *==============================================================================
1010   sigma_M1(i,z)   Elasticity (CES - composite commodity)
1011   sigma_M2(i,z)   Elasticity (CES - composite import)
1012   sigma_VA(j,z)   Elasticity (CES - value added)
1013   sigma_KLE(j,z)  Elastcitiy (CES - KL-E)
1014   
1015  *==============================================================================
1016  * 3.3 Temporary variables
1017  *==============================================================================
1018   IM_GTAP(comm,z)  Total imports using the GTAP commodity sets
1019   Q_GTAP(comm,z)   Composite commodity using the GTAP commodity sets
1020   VA_GTAP(acts,z)  Value added using the GTAP sectors
1021   KLE_GTAP(acts,z) KLE using the GTAP sectors
1022   E_GTAP(acts,z)   E using ther GTAP sectors
1023   SH_IM(comm,i,z)  Share of each import TRAD_COM in aggregation i for region z
1024   SH_Q(comm,i,z)   Share of each composite commodity TRAD_COM in aggregation i for region z
1025   SH_VA(acts,j,z)  Share of each sector TRAD_COM in aggregation j for region z
1026   SH_KLE(acts,j,z) Share of each sector KLE in aggregation j for region z
1027  ;
1028   
1029  *==============================================================================
1030  * 3.4 Load the GTAP file which includes the parameters
1031  *==============================================================================
GDXIN   C:\Users\kimc0\GUIDE_GLOBAL_CGE\4.SAM\Input_w-t\GTAP11c_Parameters2019.gdx
--- LOAD  ESUBD = 19:ESUBD
--- LOAD  ESUBM = 20:ESUBM
--- LOAD  ESUBVA = 61:ESUBVA
--- LOAD  ELFKLE = 62:ELFKLE
1034   
1035  *==============================================================================
1036  *  3.5 sigma_M1
1037  *==============================================================================
1038  * Elasticities of substitution between domestic product and imports are
1039  * aggregated acording to the share of each commodity (QO) TRAD_COMM in total I
1040   
1041   Q_GTAP(comm,z)
1042                   = SUM{reg$z2reg(z,reg),
1043                     VDPP(comm,reg)+VMPP(comm,reg)+
1044                     VDGP(comm,reg)+VMGP(comm,reg)+
1045                     VDIP(comm,reg)+VMIP(comm,reg)+
1046                     SUM[acts,VDFP(comm,acts,reg)+
1047                         VMFP(comm,acts,reg)]};
1048   
1049   
1050   SH_Q(comm,i,z)$i2comm(i,comm)
1051                   = Q_GTAP(comm,z)/
1052                     SUM{commi$i2comm(i,commi),
1053                         Q_GTAP(commi,z)};
1054   
1055   sigma_M1(i,z)   = SUM{(comm,reg)$[i2comm(i,comm)$z2reg(z,reg)],
1056                     ESUBD(comm,reg)*SH_Q(comm,i,z)};
1057   
1058  *==============================================================================
1059  *  3.6 sigma_M2
1060  *==============================================================================
1061  * Elasticities of substitution between imports from different partners are
1062  * aggregated acording to the share of total import (IMTO) TRAD_COMM in total I
1063   
1064   IM_GTAP(comm,z)
1065                   = SUM[regj,SUM{reg$z2reg(z,reg),VCIF(comm,regj,reg)}];
1066   
1067   SH_IM(comm,i,z)$i2comm(i,comm)
1068                   = IM_GTAP(comm,z)/
1069                     SUM{commi$i2comm(i,commi),
1070                         IM_GTAP(commi,z)};
1071   
1072   sigma_M2(i,z)   = SUM{(comm,reg)$[i2comm(i,comm)$z2reg(z,reg)],
1073                     ESUBM(comm,reg)*SH_IM(comm,i,z)};
1074   
1075  *==============================================================================
1076  *  3.7 sigma_VA
1077  *==============================================================================
1078  * Elasticities of substitution between factors of production are aggregated
1079  * acording to the share of each sector (VA) TRAD_COMM in total I
1080   
1081   VA_GTAP(acts,z)
1082                   = SUM{endw,
1083                         SUM[reg$z2reg(z,reg),EVFB(endw,acts,reg)]};
1084   
1085   SH_VA(acts,j,z)$j2acts(j,acts)
1086                   = VA_GTAP(acts,z)/
1087                     SUM{actsj$j2acts(j,actsj),
1088                         VA_GTAP(actsj,z)};
1089   
1090   sigma_VA(j,z)   = SUM{(acts,reg)$[j2acts(j,acts)$z2reg(z,reg)],
1091                     ESUBVA(acts,reg)*SH_VA(acts,j,z)};
1092   
1093  *==============================================================================
1094  *  3.8 sigma_KLE
1095  *==============================================================================
1096   KLE_GTAP(acts,z)
1097                   = SUM{endw,
1098                         SUM[reg$z2reg(z,reg),EVFB(endw,acts,reg)]} +
1099                       SUM[i,
1100                          SUM[(comm,reg)$[i2comm2(i,comm)$z2reg(z,reg)],
1101                               VDFP(comm,acts,reg)+VMFP(comm,acts,reg)]];
1102   
1103   E_GTAP(acts,z)
1104                   = SUM[i,
1105                          SUM[(comm,reg)$[i2comm2(i,comm)$z2reg(z,reg)],
1106                               VDFP(comm,acts,reg)+VMFP(comm,acts,reg)]];
1107   
1108   SH_KLE(acts,j,z)$j2acts(j,acts)
1109                   = KLE_GTAP(acts,z)/
1110                     SUM{actsj$j2acts(j,actsj),
1111                         KLE_GTAP(actsj,z)};
1112   
1113   sigma_KLE(j,z)   = SUM{(acts,reg)$[j2acts(j,acts)$z2reg(z,reg)],
1114                      ELFKLE(acts, reg)*SH_KLE(acts,j,z)};
1115   
1116  *==============================================================================
1117  * 4. Own price elasticities (Conditional)
1118  *==============================================================================
1119  PARAMETER
1120   E_Composite(j,z)      E nest susbtitution elasticies
1121   KLE_Composite(j,z)    KLE nest susbtitution elasticies
1122   elas_E(j,z)           Own price elasticities(Composite Energy)
1123   elas_elec(j,z)        Own price elasticities(electricity)
1124   elas_gas(j,z)         Own price elasticities(gas)
1125   elas_oil(j,z)         Own price elasticities(oil)
1126   elas_coal(j,z)        Own price elasticities(coal)
1127   elas_petrolcoal(j,z)  Own price elasticities(petrolcoal)
1128  ;
1129   
1130   E_Composite(j,z)   = SUM{(acts)$[j2acts(j,acts)], E_GTAP(acts,z)};
1131   KLE_Composite(j,z) = SUM{(acts)$[j2acts(j,acts)], KLE_GTAP(acts,z)};
1132   
1133   elas_E(j,z) = sigma_KLE(j,z)*(1- E_Composite(j,z)/KLE_Composite(j,z));
1134   elas_elec(j,z) = 1.1*(1- DIO('18_ELEC',j,z)/E_Composite(j,z));
1135   elas_gas(j,z) = 1.1*(1- DIO('04_GAS',j,z)/E_Composite(j,z));
1136   elas_oil(j,z) = 1.1*(1- DIO('03_OIL',j,z)/E_Composite(j,z));
1137   elas_coal(j,z) = 1.1*(1- DIO('02_COAL',j,z)/E_Composite(j,z));
1138   elas_petrolcoal(j,z) = 1.1*(1- DIO('10_PETROLCOAL',j,z)/E_Composite(j,z));
1139   
1140  *==============================================================================
1141  * Projections used in Recursive Dynamic model
1142  *==============================================================================
1143  PARAMETER
1144   ACT_POP(z,time)         Active population from 1980 to 2050 based on the PEP w aggregation
1145  * ACT_POP_GTAP8(reg,time) Active population from 1980 to 2050 based on the GTAP8 aggregation
1146   CAB_Foure(z,time)       Implicit CAB in Foure et al projections
1147   exogro(z,time)          Exogenous growth factor for exogenously growing variables
1148   exogro_LS(z,time)       Exogenous growth factor for exogenously growing labor supply
1149   g_GDP(z,time)           GDP growth
1150   g_KS(z,time)            Capital stock growth rate
1151   g_LS(z,time)            Active population growth rate
1152   g_POP(z,time)           Population growth rate
1153   g_SDR(z,time)           Domestic savings rate growth rate
1154   GDP(z,time)             GDP projection based on the PEP w aggregation
1155  * GDP_GTAP8(reg,time)     GDP from 1980 to 2050 based on the GTAP8 aggregation
1156   gdp_per_cap(z)          GDP per capita
1157   I_rate(z,time)          Investment rate - domestic savings over GDP
1158   Invest(z,time)          Investments from 1980 to 2050 based on PEP w aggregation
1159  * Invest_GTAP8(reg,time)  Investments from 1980 to 2050 based on GTAP8 aggregation
1160  * K_Stock_GTAP8(reg,time) Capital stock from 1980 to 2050 based on the GTAP8 aggregation
1161   K_Stock(z,time)         Capital stock from 1980 to 2050 based on the PEP w aggregation
1162   TFP(z,time)             Total factor productivity index 1980-2050 for PEP w aggregation
1163  * TFP_GTAP8(reg,time)     Total factor productivity 1980-2050 for GTAP8 aggregation
1164   S_rate(z,time)          Savings rate - domestic savings over GDP
1165   Savings(z,time)         Domestic savings from 1980 to 2050 based on PEP w aggregation
1166  * Savings_GTAP8(reg,time) Domestic savings from 1980 to 2050 based on GTAP8 aggregation
1167   sdr_fac(z,time)         Exogenous change factor for domestic savings rate
1168   TOT_POP(z,time)         Total population from 1980 to 2050 based on the PEP w aggregation
1169  * TOT_POP_GTAP8(reg,time) Total population from 1980 to 2050 based on the GTAP8 aggregation
1170   CTAX_Cal(z,time)        Carbon Tax for Baseline Scenario
1171   CTAX_CPS(z,time)        Carbon Tax for Current Policy Scenario
1172   CTAX_NZS(z,time)        Carbon Tax for Net-Zero Scenario
1173   EMPLOY(j,z)             Employment by sector 2019 (thousand)
1174   AEEI_low(z,time)        Autonomous energy efficiency improvement
1175   AEEI_high(z,time)       Autonomous energy efficiency improvement
1176   TREND(z,time)           Value to Physical quantity
1177   TREND2(z,time)          Value to Physical quantity
1178   TREND_CPS(z,time)       Value to Physical quantity
1179   TREND_NZS(z,time)       Value to Physical quantity
1180   PERMIT_Cal(z,time)      PERMIT
1181  ;
1182   
GDXIN   C:\Users\kimc0\GUIDE_GLOBAL_CGE\4.SAM\Input_w-t\Projection.gdx
--- LOAD  GDP = 1:GDP
--- LOAD  TOT_POP = 2:TOT_POP
--- LOAD  g_SDR = 3:g_SDR
--- LOAD  AEEI_low = 4:AEEI_low
--- LOAD  AEEI_high = 5:AEEI_high
--- LOAD  TREND = 6:TREND
--- LOAD  TREND2 = 7:TREND2
--- LOAD  TREND_CPS = 8:TREND_CPS
--- LOAD  TREND_NZS = 9:TREND_NZS
--- LOAD  CTAX_Cal = 10:CTAX_Cal
--- LOAD  CTAX_CPS = 11:CTAX_CPS
--- LOAD  CTAX_NZS = 12:CTAX_NZS
--- LOAD  PERMIT_Cal = 13:PERMIT_Cal
1186   
GDXIN   C:\Users\kimc0\GUIDE_GLOBAL_CGE\4.SAM\Input_w-t\Employment.gdx
--- LOAD  EMPLOY = 1:EMPLOY
1190   
1191  *==============================================================================
1192  * 4.1 Real GDP projections
1193  *==============================================================================
1194   
1195  loop{time$[time.val lt 2100],
1196   g_GDP(z,time+1)           = [GDP(z,time+1)/GDP(z,time)]-1;
1197  };
1198   g_GDP(z,time)$[time.val ge 2100]
1199                           = g_GDP(z,time+2);
1200   
1201  *==============================================================================
1202  * 4.2 Total population projections
1203  *==============================================================================
1204   
1205  loop{time$[time.val lt 2100],
1206   g_POP(z,time+1)           = [TOT_POP(z,time+1)/TOT_POP(z,time)]-1;
1207  };
1208   g_POP(z,time)$[time.val ge 2100]
1209                           = g_POP(z,time+1);
1210   
1211  *==============================================================================
1212  * 5. Endogenous definition of set for rich regions/countries
1213  *==============================================================================
1214  * High Income Countries
1215   Zrich('01_KOR')        = yes;
1216   Zrich('03_JPN')        = yes;
1217   Zrich('07_NAM')        = yes;
1218   Zrich('09_WEU')        = yes;
1219   Zrich('10_EEU')        = yes;
1220   Zrich('17_PAO')        = yes;
1221   Zother(Z)              = yes$[not Zrich(Z)];
1222   
1223  *==============================================================================
1224  * SAM Balancing
1225  *==============================================================================
1226  *$INCLUDE DATA_SamBal.gms
INCLUDE    C:\Users\kimc0\GUIDE_GLOBAL_CGE\4.SAM\new3.gms
1228  SETS
1229  A MATRIX ACCOUNTS
1230  /
1231  1_a_AGRICULT
1232  2_a_COAL
1233  3_a_OIL
1234  4_a_GAS
1235  5_a_MINING
1236  6_a_FOODPRO
1237  7_a_TEXTILES
1238  8_a_WOODPRO
1239  9_a_PAPERPRO
1240  10_a_PETROLCOAL
1241  11_a_CHEMICAL
1242  12_a_NONMET
1243  13_a_IRONSTL
1244  14_a_NONFERR
1245  15_a_MACHINE
1246  16_a_TRANSEQ
1247  17_a_OTHERIND
1248  18_a_TnD
1249  19_a_eNuclear
1250  20_a_eCoal
1251  21_a_eGas
1252  22_a_eOil
1253  23_a_eWind
1254  24_a_eSolar
1255  25_a_eHydro
1256  26_a_eOther
1257  27_a_CONSTRUC
1258  28_a_LTRP
1259  29_a_WTRP
1260  30_a_ATRP
1261  31_a_SER
1262  32_c_AGRICULT
1263  33_c_COAL
1264  34_c_OIL
1265  35_c_GAS
1266  36_c_MINING
1267  37_c_FOODPRO
1268  38_c_TEXTILES
1269  39_c_WOODPRO
1270  40_c_PAPERPRO
1271  41_c_PETROLCOAL
1272  42_c_CHEMICAL
1273  43_c_NONMET
1274  44_c_IRONSTL
1275  45_c_NONFERR
1276  46_c_MACHINE
1277  47_c_TRANSEQ
1278  48_c_OTHERIND
1279  49_c_ELEC
1280  50_c_CONSTRUC
1281  51_c_LTRP
1282  52_c_WTRP
1283  53_c_ATRP
1284  54_c_SER
1285  55_Land
1286  56_UnSkLab
1287  57_SkLab
1288  58_Capital
1289  59_NatRes
1290  60_tmm_r_01KOR
1291  61_tmm_r_02CHN
1292  62_tmm_r_03JPN
1293  63_tmm_r_04RUS
1294  64_tmm_r_05MNG
1295  65_tmm_r_06PRK
1296  66_tmm_r_07NAM
1297  67_tmm_r_08LAM
1298  68_tmm_r_09WEU
1299  69_tmm_r_10EEU
1300  70_tmm_r_11FSU
1301  71_tmm_r_12MEA
1302  72_tmm_r_13AFR
1303  73_tmm_r_14CPA
1304  74_tmm_r_15SAS
1305  75_tmm_r_16PAS
1306  76_tmm_r_17PAO
1307  77_tee_r_01KOR
1308  78_tee_r_02CHN
1309  79_tee_r_03JPN
1310  80_tee_r_04RUS
1311  81_tee_r_05MNG
1312  82_tee_r_06PRK
1313  83_tee_r_07NAM
1314  84_tee_r_08LAM
1315  85_tee_r_09WEU
1316  86_tee_r_10EEU
1317  87_tee_r_11FSU
1318  88_tee_r_12MEA
1319  89_tee_r_13AFR
1320  90_tee_r_14CPA
1321  91_tee_r_15SAS
1322  92_tee_r_16PAS
1323  93_tee_r_17PAO
1324  94_tf_Land
1325  95_tf_UnSkLab
1326  96_tf_SkLab
1327  97_tf_Capital
1328  98_tf_NatRes
1329  99_M1c20__R1r
1330  100_M2c21__R1r
1331  101_M3c22__R1r
1332  102_M1c20__R2r
1333  103_M2c21__R2r
1334  104_M3c22__R2r
1335  105_M1c20__R3r
1336  106_M2c21__R3r
1337  107_M3c22__R3r
1338  108_M1c20__R4r
1339  109_M2c21__R4r
1340  110_M3c22__R4r
1341  111_M1c20__R5r
1342  112_M2c21__R5r
1343  113_M3c22__R5r
1344  114_M1c20__R6r
1345  115_M2c21__R6r
1346  116_M3c22__R6r
1347  117_M1c20__R7r
1348  118_M2c21__R7r
1349  119_M3c22__R7r
1350  120_M1c20__R8r
1351  121_M2c21__R8r
1352  122_M3c22__R8r
1353  123_M1c20__R9r
1354  124_M2c21__R9r
1355  125_M3c22__R9r
1356  126_M1c20__R10r
1357  127_M2c21__R10r
1358  128_M3c22__R10r
1359  129_M1c20__R11r
1360  130_M2c21__R11r
1361  131_M3c22__R11r
1362  132_M1c20__R12r
1363  133_M2c21__R12r
1364  134_M3c22__R12r
1365  135_M1c20__R13r
1366  136_M2c21__R13r
1367  137_M3c22__R13r
1368  138_M1c20__R14r
1369  139_M2c21__R14r
1370  140_M3c22__R14r
1371  141_M1c20__R15r
1372  142_M2c21__R15r
1373  143_M3c22__R15r
1374  144_M1c20__R16r
1375  145_M2c21__R16r
1376  146_M3c22__R16r
1377  147_M1c20__R17r
1378  148_M2c21__R17r
1379  149_M3c22__R17r
1380  150_M1c20_L_pvst
1381  151_M2c21_W_pvst
1382  152_M3c22_A_pvst
1383  153_ww_r_01KOR
1384  154_ww_r_02CHN
1385  155_ww_r_03JPN
1386  156_ww_r_04RUS
1387  157_ww_r_05MNG
1388  158_ww_r_06PRK
1389  159_ww_r_07NAM
1390  160_ww_r_08LAM
1391  161_ww_r_09WEU
1392  162_ww_r_10EEU
1393  163_ww_r_11FSU
1394  164_ww_r_12MEA
1395  165_ww_r_13AFR
1396  166_ww_r_14CPA
1397  167_ww_r_15SAS
1398  168_ww_r_16PAS
1399  169_ww_r_17PAO
1400  170_PRIV
1401  171_PRODTAX
1402  172_DIRTAX
1403  173_GOVT
1404  174_CGDS
1405  175_TOT
1406  /
1407   
1408  INT(A) MATRIX ACCOUNTS
1409  /
1410  1_a_AGRICULT
1411  2_a_COAL
1412  3_a_OIL
1413  4_a_GAS
1414  5_a_MINING
1415  6_a_FOODPRO
1416  7_a_TEXTILES
1417  8_a_WOODPRO
1418  9_a_PAPERPRO
1419  10_a_PETROLCOAL
1420  11_a_CHEMICAL
1421  12_a_NONMET
1422  13_a_IRONSTL
1423  14_a_NONFERR
1424  15_a_MACHINE
1425  16_a_TRANSEQ
1426  17_a_OTHERIND
1427  18_a_TnD
1428  19_a_eNuclear
1429  20_a_eCoal
1430  21_a_eGas
1431  22_a_eOil
1432  23_a_eWind
1433  24_a_eSolar
1434  25_a_eHydro
1435  26_a_eOther
1436  27_a_CONSTRUC
1437  28_a_LTRP
1438  29_a_WTRP
1439  30_a_ATRP
1440  31_a_SER
1441  32_c_AGRICULT
1442  33_c_COAL
1443  34_c_OIL
1444  35_c_GAS
1445  36_c_MINING
1446  37_c_FOODPRO
1447  38_c_TEXTILES
1448  39_c_WOODPRO
1449  40_c_PAPERPRO
1450  41_c_PETROLCOAL
1451  42_c_CHEMICAL
1452  43_c_NONMET
1453  44_c_IRONSTL
1454  45_c_NONFERR
1455  46_c_MACHINE
1456  47_c_TRANSEQ
1457  48_c_OTHERIND
1458  49_c_ELEC
1459  50_c_CONSTRUC
1460  51_c_LTRP
1461  52_c_WTRP
1462  53_c_ATRP
1463  54_c_SER
1464  55_Land
1465  56_UnSkLab
1466  57_SkLab
1467  58_Capital
1468  59_NatRes
1469  60_tmm_r_01KOR
1470  61_tmm_r_02CHN
1471  62_tmm_r_03JPN
1472  63_tmm_r_04RUS
1473  64_tmm_r_05MNG
1474  65_tmm_r_06PRK
1475  66_tmm_r_07NAM
1476  67_tmm_r_08LAM
1477  68_tmm_r_09WEU
1478  69_tmm_r_10EEU
1479  70_tmm_r_11FSU
1480  71_tmm_r_12MEA
1481  72_tmm_r_13AFR
1482  73_tmm_r_14CPA
1483  74_tmm_r_15SAS
1484  75_tmm_r_16PAS
1485  76_tmm_r_17PAO
1486  77_tee_r_01KOR
1487  78_tee_r_02CHN
1488  79_tee_r_03JPN
1489  80_tee_r_04RUS
1490  81_tee_r_05MNG
1491  82_tee_r_06PRK
1492  83_tee_r_07NAM
1493  84_tee_r_08LAM
1494  85_tee_r_09WEU
1495  86_tee_r_10EEU
1496  87_tee_r_11FSU
1497  88_tee_r_12MEA
1498  89_tee_r_13AFR
1499  90_tee_r_14CPA
1500  91_tee_r_15SAS
1501  92_tee_r_16PAS
1502  93_tee_r_17PAO
1503  94_tf_Land
1504  95_tf_UnSkLab
1505  96_tf_SkLab
1506  97_tf_Capital
1507  98_tf_NatRes
1508  99_M1c20__R1r
1509  100_M2c21__R1r
1510  101_M3c22__R1r
1511  102_M1c20__R2r
1512  103_M2c21__R2r
1513  104_M3c22__R2r
1514  105_M1c20__R3r
1515  106_M2c21__R3r
1516  107_M3c22__R3r
1517  108_M1c20__R4r
1518  109_M2c21__R4r
1519  110_M3c22__R4r
1520  111_M1c20__R5r
1521  112_M2c21__R5r
1522  113_M3c22__R5r
1523  114_M1c20__R6r
1524  115_M2c21__R6r
1525  116_M3c22__R6r
1526  117_M1c20__R7r
1527  118_M2c21__R7r
1528  119_M3c22__R7r
1529  120_M1c20__R8r
1530  121_M2c21__R8r
1531  122_M3c22__R8r
1532  123_M1c20__R9r
1533  124_M2c21__R9r
1534  125_M3c22__R9r
1535  126_M1c20__R10r
1536  127_M2c21__R10r
1537  128_M3c22__R10r
1538  129_M1c20__R11r
1539  130_M2c21__R11r
1540  131_M3c22__R11r
1541  132_M1c20__R12r
1542  133_M2c21__R12r
1543  134_M3c22__R12r
1544  135_M1c20__R13r
1545  136_M2c21__R13r
1546  137_M3c22__R13r
1547  138_M1c20__R14r
1548  139_M2c21__R14r
1549  140_M3c22__R14r
1550  141_M1c20__R15r
1551  142_M2c21__R15r
1552  143_M3c22__R15r
1553  144_M1c20__R16r
1554  145_M2c21__R16r
1555  146_M3c22__R16r
1556  147_M1c20__R17r
1557  148_M2c21__R17r
1558  149_M3c22__R17r
1559  150_M1c20_L_pvst
1560  151_M2c21_W_pvst
1561  152_M3c22_A_pvst
1562  153_ww_r_01KOR
1563  154_ww_r_02CHN
1564  155_ww_r_03JPN
1565  156_ww_r_04RUS
1566  157_ww_r_05MNG
1567  158_ww_r_06PRK
1568  159_ww_r_07NAM
1569  160_ww_r_08LAM
1570  161_ww_r_09WEU
1571  162_ww_r_10EEU
1572  163_ww_r_11FSU
1573  164_ww_r_12MEA
1574  165_ww_r_13AFR
1575  166_ww_r_14CPA
1576  167_ww_r_15SAS
1577  168_ww_r_16PAS
1578  169_ww_r_17PAO
1579  170_PRIV
1580  171_PRODTAX
1581  172_DIRTAX
1582  173_GOVT
1583  174_CGDS
1584  *175_TOT
1585  /
1586   
1587  A1(A)
1588  /
1589  1_a_AGRICULT
1590  2_a_COAL
1591  3_a_OIL
1592  4_a_GAS
1593  5_a_MINING
1594  6_a_FOODPRO
1595  7_a_TEXTILES
1596  8_a_WOODPRO
1597  9_a_PAPERPRO
1598  10_a_PETROLCOAL
1599  11_a_CHEMICAL
1600  12_a_NONMET
1601  13_a_IRONSTL
1602  14_a_NONFERR
1603  15_a_MACHINE
1604  16_a_TRANSEQ
1605  17_a_OTHERIND
1606  18_a_TnD
1607  19_a_eNuclear
1608  20_a_eCoal
1609  21_a_eGas
1610  22_a_eOil
1611  23_a_eWind
1612  24_a_eSolar
1613  25_a_eHydro
1614  26_a_eOther
1615  27_a_CONSTRUC
1616  28_a_LTRP
1617  29_a_WTRP
1618  30_a_ATRP
1619  31_a_SER
1620  /
1621   
1622  C1(A)
1623  /
1624  32_c_AGRICULT
1625  33_c_COAL
1626  34_c_OIL
1627  35_c_GAS
1628  36_c_MINING
1629  37_c_FOODPRO
1630  38_c_TEXTILES
1631  39_c_WOODPRO
1632  40_c_PAPERPRO
1633  41_c_PETROLCOAL
1634  42_c_CHEMICAL
1635  43_c_NONMET
1636  44_c_IRONSTL
1637  45_c_NONFERR
1638  46_c_MACHINE
1639  47_c_TRANSEQ
1640  48_c_OTHERIND
1641  49_c_ELEC
1642  50_c_CONSTRUC
1643  51_c_LTRP
1644  52_c_WTRP
1645  53_c_ATRP
1646  54_c_SER
1647  /
1648   
1649  L1(A)
1650  /
1651  56_UnSkLab
1652  57_SkLab
1653  /
1654   
1655  K1(A)
1656  /
1657  55_Land
1658  58_Capital
1659  59_NatRes
1660  /
1661   
1662  ITAX1(A)
1663  /
1664  60_tmm_r_01KOR
1665  61_tmm_r_02CHN
1666  62_tmm_r_03JPN
1667  63_tmm_r_04RUS
1668  64_tmm_r_05MNG
1669  65_tmm_r_06PRK
1670  66_tmm_r_07NAM
1671  67_tmm_r_08LAM
1672  68_tmm_r_09WEU
1673  69_tmm_r_10EEU
1674  70_tmm_r_11FSU
1675  71_tmm_r_12MEA
1676  72_tmm_r_13AFR
1677  73_tmm_r_14CPA
1678  74_tmm_r_15SAS
1679  75_tmm_r_16PAS
1680  76_tmm_r_17PAO
1681  /
1682   
1683  ETAX1(A)
1684  /
1685  77_tee_r_01KOR
1686  78_tee_r_02CHN
1687  79_tee_r_03JPN
1688  80_tee_r_04RUS
1689  81_tee_r_05MNG
1690  82_tee_r_06PRK
1691  83_tee_r_07NAM
1692  84_tee_r_08LAM
1693  85_tee_r_09WEU
1694  86_tee_r_10EEU
1695  87_tee_r_11FSU
1696  88_tee_r_12MEA
1697  89_tee_r_13AFR
1698  90_tee_r_14CPA
1699  91_tee_r_15SAS
1700  92_tee_r_16PAS
1701  93_tee_r_17PAO
1702  /
1703   
1704  tf(A)
1705  /
1706  94_tf_Land
1707  95_tf_UnSkLab
1708  96_tf_SkLab
1709  97_tf_Capital
1710  98_tf_NatRes
1711  /
1712   
1713  tf1(A)
1714  /
1715  95_tf_UnSkLab
1716  96_tf_SkLab
1717  /
1718   
1719  tf2(A)
1720  /
1721  94_tf_Land
1722  97_tf_Capital
1723  98_tf_NatRes
1724  /
1725   
1726  MAR1(A)
1727  /
1728  99_M1c20__R1r
1729  102_M1c20__R2r
1730  105_M1c20__R3r
1731  108_M1c20__R4r
1732  111_M1c20__R5r
1733  114_M1c20__R6r
1734  117_M1c20__R7r
1735  120_M1c20__R8r
1736  123_M1c20__R9r
1737  126_M1c20__R10r
1738  129_M1c20__R11r
1739  132_M1c20__R12r
1740  135_M1c20__R13r
1741  138_M1c20__R14r
1742  141_M1c20__R15r
1743  144_M1c20__R16r
1744  147_M1c20__R17r
1745  /
1746   
1747  MAR2(A)
1748  /
1749  100_M2c21__R1r
1750  103_M2c21__R2r
1751  106_M2c21__R3r
1752  109_M2c21__R4r
1753  112_M2c21__R5r
1754  115_M2c21__R6r
1755  118_M2c21__R7r
1756  121_M2c21__R8r
1757  124_M2c21__R9r
1758  127_M2c21__R10r
1759  130_M2c21__R11r
1760  133_M2c21__R12r
1761  136_M2c21__R13r
1762  139_M2c21__R14r
1763  142_M2c21__R15r
1764  145_M2c21__R16r
1765  148_M2c21__R17r
1766  /
1767   
1768  MAR3(A)
1769  /
1770  101_M3c22__R1r
1771  104_M3c22__R2r
1772  107_M3c22__R3r
1773  110_M3c22__R4r
1774  113_M3c22__R5r
1775  116_M3c22__R6r
1776  119_M3c22__R7r
1777  122_M3c22__R8r
1778  125_M3c22__R9r
1779  128_M3c22__R10r
1780  131_M3c22__R11r
1781  134_M3c22__R12r
1782  137_M3c22__R13r
1783  140_M3c22__R14r
1784  143_M3c22__R15r
1785  146_M3c22__R16r
1786  149_M3c22__R17r
1787  /
1788   
1789  MART1(A)
1790  /
1791  150_M1c20_L_pvst
1792  151_M2c21_W_pvst
1793  152_M3c22_A_pvst
1794  /
1795   
1796  WORLD1(A)
1797  /
1798  153_ww_r_01KOR
1799  154_ww_r_02CHN
1800  155_ww_r_03JPN
1801  156_ww_r_04RUS
1802  157_ww_r_05MNG
1803  158_ww_r_06PRK
1804  159_ww_r_07NAM
1805  160_ww_r_08LAM
1806  161_ww_r_09WEU
1807  162_ww_r_10EEU
1808  163_ww_r_11FSU
1809  164_ww_r_12MEA
1810  165_ww_r_13AFR
1811  166_ww_r_14CPA
1812  167_ww_r_15SAS
1813  168_ww_r_16PAS
1814  169_ww_r_17PAO
1815  /
1816   
1817  PRI1(A)
1818  /
1819  170_PRIV
1820  /
1821   
1822  PTX1(A)
1823  /
1824  171_PRODTAX
1825  /
1826   
1827  DTX1(A)
1828  /
1829  172_DIRTAX
1830  /
1831   
1832  GOV1(A)
1833  /
1834  173_GOVT
1835  /
1836   
1837  INV1(A)
1838  /
1839  174_CGDS
1840  /
1841   
1842  FACTOR(A)
1843  /
1844  56_UnSkLab
1845  57_SkLab
1846  55_Land
1847  58_Capital
1848  59_NatRes
1849  /
1850   
1851  FTAX(A)
1852  /
1853  171_PRODTAX
1854  /
1855   
1856  sam_sce1(A1,j) Mapping of sectors
1857  /
1858  1_a_AGRICULT.       01_AGRICULT
1859  2_a_COAL.           02_COAL
1860  3_a_OIL.            03_OIL
1861  4_a_GAS.            04_GAS
1862  5_a_MINING.         05_MINING
1863  6_a_FOODPRO.        06_FOODPRO
1864  7_a_TEXTILES.       07_TEXTILES
1865  8_a_WOODPRO.        08_WOODPRO
1866  9_a_PAPERPRO.       09_PAPERPRO
1867  10_a_PETROLCOAL.    10_PETROLCOAL
1868  11_a_CHEMICAL.      11_CHEMICAL
1869  12_a_NONMET.        12_NONMET
1870  13_a_IRONSTL.       13_IRONSTL
1871  14_a_NONFERR.       14_NONFERR
1872  15_a_MACHINE.       15_MACHINE
1873  16_a_TRANSEQ.       16_TRANSEQ
1874  17_a_OTHERIND.      17_OTHERIND
1875  18_a_TnD.           18_TnD
1876  19_a_eNuclear.      19_eNuclear
1877  20_a_eCoal.         20_eCoal
1878  21_a_eGas.          21_eGas
1879  22_a_eOil.          22_eOil
1880  23_a_eWind.         23_eWind
1881  24_a_eSolar.        24_eSolar
1882  25_a_eHydro.        25_eHydro
1883  26_a_eOther.        26_eOther
1884  27_a_CONSTRUC.      27_CONSTRUC
1885  28_a_LTRP.          28_LTRP
1886  29_a_WTRP.          29_WTRP
1887  30_a_ATRP.          30_ATRP
1888  31_a_SER.           31_SER
1889  /
1890   
1891  sam_sce2(C1,i) Mapping of sectors
1892  /
1893  32_c_AGRICULT.        01_AGRICULT
1894  33_c_COAL.            02_COAL
1895  34_c_OIL.             03_OIL
1896  35_c_GAS.             04_GAS
1897  36_c_MINING.          05_MINING
1898  37_c_FOODPRO.         06_FOODPRO
1899  38_c_TEXTILES.        07_TEXTILES
1900  39_c_WOODPRO.         08_WOODPRO
1901  40_c_PAPERPRO.        09_PAPERPRO
1902  41_c_PETROLCOAL.      10_PETROLCOAL
1903  42_c_CHEMICAL.        11_CHEMICAL
1904  43_c_NONMET.          12_NONMET
1905  44_c_IRONSTL.         13_IRONSTL
1906  45_c_NONFERR.         14_NONFERR
1907  46_c_MACHINE.         15_MACHINE
1908  47_c_TRANSEQ.         16_TRANSEQ
1909  48_c_OTHERIND.        17_OTHERIND
1910  49_c_ELEC.            18_ELEC
1911  50_c_CONSTRUC.        19_CONSTRUC
1912  51_c_LTRP.            20_LTRP
1913  52_c_WTRP.            21_WTRP
1914  53_c_ATRP.            22_ATRP
1915  54_c_SER.             23_SER
1916  /
1917   
1918  sam_sce3(L1,f) Mapping of sectors
1919  /
1920  56_UnSkLab.     ulab
1921  57_SkLab.       slab
1922  /
1923   
1924  sam_sce4(K1,f) Mapping of sectors
1925  /
1926  55_Land.        land
1927  58_Capital.     cap
1928  59_NatRes.      natr
1929  /
1930   
1931  sam_sce5(ITAX1,z)
1932  /
1933  60_tmm_r_01KOR. 01_KOR
1934  61_tmm_r_02CHN. 02_CHN
1935  62_tmm_r_03JPN. 03_JPN
1936  63_tmm_r_04RUS. 04_RUS
1937  64_tmm_r_05MNG. 05_MNG
1938  65_tmm_r_06PRK. 06_PRK
1939  66_tmm_r_07NAM. 07_NAM
1940  67_tmm_r_08LAM. 08_LAM
1941  68_tmm_r_09WEU. 09_WEU
1942  69_tmm_r_10EEU. 10_EEU
1943  70_tmm_r_11FSU. 11_FSU
1944  71_tmm_r_12MEA. 12_MEA
1945  72_tmm_r_13AFR. 13_AFR
1946  73_tmm_r_14CPA. 14_CPA
1947  74_tmm_r_15SAS. 15_SAS
1948  75_tmm_r_16PAS. 16_PAS
1949  76_tmm_r_17PAO. 17_PAO
1950  /
1951   
1952  sam_sce6(ETAX1,z)
1953  /
1954  77_tee_r_01KOR. 01_KOR
1955  78_tee_r_02CHN. 02_CHN
1956  79_tee_r_03JPN. 03_JPN
1957  80_tee_r_04RUS. 04_RUS
1958  81_tee_r_05MNG. 05_MNG
1959  82_tee_r_06PRK. 06_PRK
1960  83_tee_r_07NAM. 07_NAM
1961  84_tee_r_08LAM. 08_LAM
1962  85_tee_r_09WEU. 09_WEU
1963  86_tee_r_10EEU. 10_EEU
1964  87_tee_r_11FSU. 11_FSU
1965  88_tee_r_12MEA. 12_MEA
1966  89_tee_r_13AFR. 13_AFR
1967  90_tee_r_14CPA. 14_CPA
1968  91_tee_r_15SAS. 15_SAS
1969  92_tee_r_16PAS. 16_PAS
1970  93_tee_r_17PAO. 17_PAO
1971  /
1972   
1973  sam_sce7(tf1,f) Mapping of sectors
1974  /
1975  95_tf_UnSkLab.     ulab
1976  96_tf_SkLab.       slab
1977  /
1978   
1979  sam_sce8(tf2,f) Mapping of sectors
1980  /
1981  94_tf_Land.        land
1982  97_tf_Capital.     cap
1983  98_tf_NatRes.      natr
1984  /
1985   
1986  sam_sce9(MAR1,zj) Mapping of sectors
1987  /
1988  99_M1c20__R1r.   01_KOR
1989  102_M1c20__R2r.   02_CHN
1990  105_M1c20__R3r.   03_JPN
1991  108_M1c20__R4r.  04_RUS
1992  111_M1c20__R5r.  05_MNG
1993  114_M1c20__R6r.  06_PRK
1994  117_M1c20__R7r.  07_NAM
1995  120_M1c20__R8r.  08_LAM
1996  123_M1c20__R9r.  09_WEU
1997  126_M1c20__R10r. 10_EEU
1998  129_M1c20__R11r. 11_FSU
1999  132_M1c20__R12r. 12_MEA
2000  135_M1c20__R13r. 13_AFR
2001  138_M1c20__R14r. 14_CPA
2002  141_M1c20__R15r. 15_SAS
2003  144_M1c20__R16r. 16_PAS
2004  147_M1c20__R17r. 17_PAO
2005  /
2006   
2007  sam_sce10(MAR2,zj) Mapping of sectors
2008  /
2009  100_M2c21__R1r. 01_KOR
2010  103_M2c21__R2r. 02_CHN
2011  106_M2c21__R3r. 03_JPN
2012  109_M2c21__R4r. 04_RUS
2013  112_M2c21__R5r. 05_MNG
2014  115_M2c21__R6r. 06_PRK
2015  118_M2c21__R7r. 07_NAM
2016  121_M2c21__R8r. 08_LAM
2017  124_M2c21__R9r. 09_WEU
2018  127_M2c21__R10r. 10_EEU
2019  130_M2c21__R11r. 11_FSU
2020  133_M2c21__R12r. 12_MEA
2021  136_M2c21__R13r. 13_AFR
2022  139_M2c21__R14r. 14_CPA
2023  142_M2c21__R15r. 15_SAS
2024  145_M2c21__R16r. 16_PAS
2025  148_M2c21__R17r. 17_PAO
2026  /
2027   
2028  sam_sce11(MAR3,zj) Mapping of sectors
2029  /
2030  101_M3c22__R1r. 01_KOR
2031  104_M3c22__R2r. 02_CHN
2032  107_M3c22__R3r. 03_JPN
2033  110_M3c22__R4r. 04_RUS
2034  113_M3c22__R5r. 05_MNG
2035  116_M3c22__R6r. 06_PRK
2036  119_M3c22__R7r. 07_NAM
2037  122_M3c22__R8r. 08_LAM
2038  125_M3c22__R9r. 09_WEU
2039  128_M3c22__R10r. 10_EEU
2040  131_M3c22__R11r. 11_FSU
2041  134_M3c22__R12r. 12_MEA
2042  137_M3c22__R13r. 13_AFR
2043  140_M3c22__R14r. 14_CPA
2044  143_M3c22__R15r. 15_SAS
2045  146_M3c22__R16r. 16_PAS
2046  149_M3c22__R17r. 17_PAO
2047  /
2048   
2049  sam_sce12(WORLD1, z) Mapping of sectors
2050  /
2051  153_ww_r_01KOR. 01_KOR
2052  154_ww_r_02CHN. 02_CHN
2053  155_ww_r_03JPN. 03_JPN
2054  156_ww_r_04RUS. 04_RUS
2055  157_ww_r_05MNG. 05_MNG
2056  158_ww_r_06PRK. 06_PRK
2057  159_ww_r_07NAM. 07_NAM
2058  160_ww_r_08LAM. 08_LAM
2059  161_ww_r_09WEU. 09_WEU
2060  162_ww_r_10EEU. 10_EEU
2061  163_ww_r_11FSU. 11_FSU
2062  164_ww_r_12MEA. 12_MEA
2063  165_ww_r_13AFR. 13_AFR
2064  166_ww_r_14CPA. 14_CPA
2065  167_ww_r_15SAS. 15_SAS
2066  168_ww_r_16PAS. 16_PAS
2067  169_ww_r_17PAO. 17_PAO
2068  /
2069   
2070     macro 'macro controls' / gdpfc2, gdp2 /
2071  ;
2072   
2073  ALIAS(A,B);
2074  ALIAS(A1,A11);
2075  ALIAS(C1,C11);
2076  ALIAS(INT,JNT);
2077   
2078  *INT(A) = YES;
2079  *INT('175_TOT') = NO;
2080   
2081  *============ 2.Initial matrix ===========================================
2082  Table SAM_Initial(A,B,z) initial matrix ;
2083   
2084  *SAM_Initial(INT,JNT,z) = EPS;
2085   
2086  *Acitivities
2087  SAM_Initial(C1,A1,Z)    = SUM[(i,j)$[sam_sce2(C1,i)$sam_sce1(A1,j)], DIO(i,j,Z)];
2088  SAM_Initial(L1,A1,Z)    = SUM[(l,j)$[sam_sce3(L1,l)$sam_sce1(A1,j)], LDO2(l,j,Z)];
2089  SAM_Initial(K1,A1,Z)    = SUM[(k,j)$[sam_sce4(K1,k)$sam_sce1(A1,j)], RKDO(k,j,Z)];
2090  SAM_Initial(tf1,A1,Z)    = SUM[(l,j)$[sam_sce7(tf1,l)$sam_sce1(A1,j)], TIWO2(l,j,Z)];
2091  SAM_Initial(tf2,A1,Z)    = SUM[(k,j)$[sam_sce8(tf2,k)$sam_sce1(A1,j)], TIKO(k,j,Z)];
2092  SAM_Initial(PTX1,A1,Z) = SUM[(j)$[sam_sce1(A1,j)], TIPO(j,Z)];
2093   
2094   
2095  *Commodities
2096  SAM_Initial(A1,C1,Z)          = SUM[(i,j)$[sam_sce1(A1,j)$sam_sce2(C1,i)],  XSO(j,i,z)];
2097  SAM_Initial(ITAX1,C1,Z)     = SUM[(i,zj)$[sam_sce5(ITAX1,zj)$sam_sce2(C1,i)], TIMO(i,zj,Z)];
2098  SAM_Initial(ETAX1,C1,Z)    = SUM[(i,zj)$[sam_sce6(ETAX1,zj)$sam_sce2(C1,i)], TIXO(i,Z,zj)];
2099  SAM_Initial(MAR1,C1,Z)     = SUM[(ij,zj)$[sam_sce9(MAR1,zj)$sam_sce2(C1,ij)],tmrg('20_LTRP',ij,zj,Z)];
2100  SAM_Initial(MAR2,C1,Z)     = SUM[(ij,zj)$[sam_sce10(MAR2,zj)$sam_sce2(C1,ij)],tmrg('21_WTRP',ij,zj,Z)];
2101  SAM_Initial(MAR3,C1,Z)     = SUM[(ij,zj)$[sam_sce11(MAR3,zj)$sam_sce2(C1,ij)],tmrg('22_ATRP',ij,zj,Z)];
2102  SAM_Initial(WORLD1,C1,Z) = SUM[(i,zj)$[sam_sce12(WORLD1,zj)$sam_sce2(C1,i)], IMO(i,zj,Z)];
2103  SAM_Initial(PTX1,C1,Z)      = SUM[(i)$[sam_sce2(C1,i)], TICO(i,Z)];
2104   
2105  *Factors
2106  SAM_Initial(PRI1,L1,Z)  = sum{(l)$[sam_sce3(L1,l)],LDO2_J(l,Z)};
2107  SAM_Initial(PRI1,K1,Z)  = sum{(k)$[sam_sce4(K1,k)],RKDO_J(k,Z)};
2108  SAM_Initial(DTX1,L1,Z)  = sum{(l)$[sam_sce3(L1,l)],DTAX(l,Z)};
2109  SAM_Initial(DTX1,K1,Z)  = sum{(k)$[sam_sce4(K1,k)],DTAX(k,Z)};
2110   
2111  *Import tariffs
2112  SAM_Initial(PTX1,ITAX1,Z) = SUM[(zj)$[sam_sce5(ITAX1,zj)], sum(i,TIMO(i,zj,Z))];
2113   
2114  *Export taxes
2115  SAM_Initial(PTX1,ETAX1,Z) = SUM[(zj)$[sam_sce6(ETAX1,zj)], sum(i,TIXO(i,Z,zj))];
2116   
2117  *Factor taxes
2118  SAM_Initial(PTX1,tf1,Z)  = sum{(l)$[sam_sce7(tf1,l)],sum(j,TIWO2(l,j,Z))};
2119  SAM_Initial(PTX1,tf2,Z)  = sum{(k)$[sam_sce8(tf2,k)],sum(j,TIKO(k,j,Z))};
2120   
2121  *Transaction cost
2122  SAM_Initial('150_M1c20_L_pvst',MAR1,Z) = SUM[(zj)$[sam_sce9(MAR1,zj)],sum(ij,tmrg('20_LTRP',ij,zj,Z))];
2123  SAM_Initial('151_M2c21_W_pvst',MAR2,Z) = SUM[(zj)$[sam_sce10(MAR2,zj)],sum(ij,tmrg('21_WTRP',ij,zj,Z))];
2124  SAM_Initial('152_M3c22_A_pvst',MAR3,Z) = SUM[(zj)$[sam_sce11(MAR3,zj)],sum(ij,tmrg('22_ATRP',ij,zj,Z))];
2125   
2126  SAM_Initial('51_c_LTRP','150_M1c20_L_pvst',Z)= MRGNO('20_LTRP',Z);
2127  SAM_Initial('52_c_WTRP','151_M2c21_W_pvst',Z)= MRGNO('21_WTRP',Z);
2128  SAM_Initial('53_c_ATRP','152_M3c22_A_pvst',Z)= MRGNO('22_ATRP',Z);
2129   
2130  SAM_Initial(INV1,'150_M1c20_L_pvst',Z)  = sum(B,SAM_Initial('150_M1c20_L_pvst',B,Z))-SAM_Initial('51_c_LTRP','150_M1c20_L_pvst',Z);
2131  SAM_Initial(INV1,'151_M2c21_W_pvst',Z) = sum(B,SAM_Initial('151_M2c21_W_pvst',B,Z))-SAM_Initial('52_c_WTRP','151_M2c21_W_pvst',Z);
2132  SAM_Initial(INV1,'152_M3c22_A_pvst',Z)  = sum(B,SAM_Initial('152_M3c22_A_pvst',B,Z))-SAM_Initial('53_c_ATRP','152_M3c22_A_pvst',Z);
2133   
2134  *Import&Export
2135  SAM_Initial(C1,WORLD1,Z)= SUM[(i,zj)$[sam_sce12(WORLD1,zj)$sam_sce2(C1,i)],EXO(i,Z,zj)];
2136   
2137  *Balance of Trade
2138  SAM_Initial(INV1,WORLD1,Z)= SUM(B,SAM_Initial(WORLD1,B,Z))-SUM(C1,SAM_Initial(C1,WORLD1,Z));
2139   
2140  *Household
2141  SAM_Initial(C1,PRI1,Z)= SUM[(i)$[sam_sce2(C1,I)], CO(i,Z)];
2142  SAM_Initial(INV1,PRI1,Z)= SUM(B,SAM_Initial(PRI1,B,Z))- SUM(C1,SAM_Initial(C1,PRI1,Z));
2143   
2144  *Indirect tax
2145  SAM_Initial(GOV1,PTX1,Z)= SUM(B,SAM_Initial(PTX1,B,Z));
2146   
2147  *Direct tax
2148  SAM_Initial(GOV1,DTX1,Z)= SUM(B,SAM_Initial(DTX1,B,Z));
2149   
2150  *Government
2151  SAM_Initial(C1,GOV1,Z)= SUM[(i)$[sam_sce2(C1,I)], CGO(i,Z)];
2152   
2153  *Saving-Investment
2154  SAM_Initial(C1,INV1,Z)= SUM[(i)$[sam_sce2(C1,I)], INVO(i,Z)];
2155  SAM_Initial(INV1,GOV1,Z)= SUM(C1, SAM_Initial(C1,INV1,Z))-SUM(B,SAM_Initial(INV1,B,Z));
2156   
2157  *Total
2158  SAM_Initial('175_TOT',B,Z)= SUM(A,SAM_Initial(A,B,Z));
2159  SAM_Initial(A,'175_TOT',Z)= SUM(B,SAM_Initial(A,B,Z));
2160   
2161   
2162  Parameter
2163     SAM0(A,B)        'base SAM transactions matrix'
2164     T0(A,B)            'matrix of SAM transactions (flow matrix)'
2165     T1(A,B)            'SAM transactions adjusted to eliminate negative entries'
2166     Abar0(A,B)       'prior SAM coefficient matrix'
2167     Abar1(A,B)       'prior SAM adjusted to eliminate negative coefficients'
2168     Target0(A)       'targets for macro SAM column totals'
2169     epsilon           'tolerance to allow zero entries in SAM'
2170     ;
2171  * Initializing Parameters
2172  SAM0("175_TOT",JNT) = sum(INT, SAM_Initial(INT,JNT,'06_PRK'));
2173  SAM0(INT,"175_TOT") = sum(JNT, SAM_Initial(INT,JNT,'06_PRK'));
2174  SAM0(A,B)  = SAM_Initial(A,B,'06_PRK');
2175   
2176   
2177  Scalar scalesam 'scaling value' / 1000 /;
2178  *sam(A,B)                = sam(A,B)/scalesam ;
2179  SAM_Initial(A,B,'06_PRK') = SAM_Initial(A,B,'06_PRK')/scalesam ;
2180   
2181  Abar0(INT,JNT)$SAM_Initial(INT,JNT,'06_PRK')= SAM_Initial(INT,JNT,'06_PRK')/SAM_Initial("175_TOT",JNT,'06_PRK');
2182   
2183  T0(INT,JNT)             = SAM_Initial(INT,JNT,'06_PRK');
2184  T0("175_TOT",JNT)  = sum(INT, SAM_Initial(INT,JNT,'06_PRK'));
2185  T0(INT,"175_TOT")   = sum(JNT, SAM_Initial(INT,JNT,'06_PRK'));
2186   
2187  epsilon = .00001;
2188   
2189  display T0, Abar0;
2190   
2191   
2192  Set red(A,B) 'set of negative SAM flows';
2193   
2194  Parameter
2195     redsam(A,B) 'negative SAM values only'
2196     rtot(A)     'row total'
2197     ctot(A)     'column total';
2198   
2199  rtot(INT) = sum(JNT, T0(INT,JNT));
2200  ctot(JNT) = sum(INT, T0(INT,JNT));
2201   
2202  red(INT,JNT)$(T0(INT,JNT) < 0) = yes;
2203  redsam(INT,JNT)              = 0;
2204  redsam(INT,JNT)$red(INT,JNT)   = T0(INT,JNT);
2205  redsam(JNT,INT)$red(INT,JNT)   = T0(INT,JNT);
2206   
2207  *Note that redsam includes each entry twice, in corresponding row
2208  *and column. So, redsam need only be subtracted from T0.
2209  T1(INT,JNT)      = T0(INT,JNT) - redsam(INT,JNT);
2210  T1("175_TOT",JNT) = sum(INT, T1(INT,JNT));
2211  T1(INT,"175_TOT") = sum(JNT, T1(INT,JNT));
2212   
2213  redsam("175_TOT",JNT) = sum(INT, redsam(INT,JNT));
2214  redsam(INT,"175_TOT") = sum(JNT, redsam(INT,JNT));
2215   
2216  SAM_Initial(INT,"175_TOT",'06_PRK') = sum(JNT, T1(INT,JNT));
2217  SAM_Initial("175_TOT",JNT,'06_PRK')= sum(INT, T1(INT,JNT));
2218   
2219  rtot(INT) = sum(JNT, T1(INT,JNT));
2220  ctot(JNT) = sum(INT, T1(INT,JNT));
2221   
2222  Abar1(INT,JNT)$SAM_Initial(INT,JNT,'06_PRK') = T1(INT,JNT)/SAM_Initial("175_TOT",JNT,'06_PRK');
2223  *Abar1(INT,JNT) = T1(INT,JNT)/(SAM_Initial("175_TOT",JNT,'06_PRK')+0.000000000000001);
2224   
2225  display "NON-NEGATIVE SAM", redsam, T1, Abar0, Abar1, rtot, ctot;
2226   
2227  * Define set of elements of SAM that can be nonzero. In this case, only
2228  * elements which are nonzero in initial SAM.
2229  Set NONZERO(A,B) 'SAM elements that can be nonzero';
2230  NONZERO(INT,JNT)$(Abar1(INT,JNT)) = yes;
2231   
2232  * Initializing Parameters after accounting for negative values
2233  *   Note that target column sums are being set to average of initial
2234  *   row and column sums. Initial column sums or other values
2235  *   could have been used instead, depending on knowledge of data quality
2236  *   and any other prior information.
2237  target0(INT) = (SAM_Initial(INT,"175_TOT",'06_PRK') + SAM_Initial("175_TOT",INT,'06_PRK'))/2;
2238  *target0(INT) = SAM_Initial(INT,"175_TOT",'06_PRK') ;
2239   
2240  Scalar
2241     gdpfc0 'GDP at factor cost'
2242     gdp0   'base GDP'
2243     gdp00  'GDP from final SAM'
2244     ;
2245   
2246  gdpfc0 = SUM((FACTOR,A1),SAM_Initial(FACTOR,A1,'06_PRK'));
2247  gdp0 = gdpfc0
2248  *Import tariffs
2249  + SUM((ITAX1,C1),SAM_Initial(ITAX1,C1,'06_PRK'))
2250  *Export taxes
2251  + SUM((ETAX1,C1),SAM_Initial(ETAX1,C1,'06_PRK'))
2252  *Factor use taxes
2253  + SUM((TF,A1),SAM_Initial(TF,A1,'06_PRK'))
2254  *Production taxes
2255  + SUM(A1,SAM_Initial('171_PRODTAX',A1,'06_PRK'))
2256  *Income taxes
2257  + SUM((FTAX,A1),SAM_Initial(FTAX,A1,'06_PRK'))
2258  ;
2259   
2260   
2261  Variable
2262     A_MAT(A,B)          'post SAM coefficient matrix'
2263     TSAM(A,B)    'post matrix of SAM transactions'
2264     Y(A)                'row sum of SAM'
2265     X(B)                'column sum of SAM'
2266     DENTROPY          'entropy difference (objective)'
2267     GDPFC_SAM                'GDP at factor cost'
2268     GDP_SAM                    'GDP at market prices'
2269     ;
2270   
2271  * INITIALIZE VARIABLES
2272  A_MAT.l(A,B)         = Abar1(A,B);
2273  TSAM.l(A,B)   = T1(A,B);
2274  Y.l(A)               = target0(A);
2275  X.l(A)               = target0(A);
2276  DENTROPY.l         = 0;
2277  GDPFC_SAM.l               = gdpfc0;
2278  GDP_SAM.l                   = gdp0;
2279   
2280  * CORE EQUATIONS
2281  Equation
2282     SAMEQ(A)         'row and column sum constraint'
2283     SAMMAKE(A,B)  'make SAM flows'
2284     ENTROPY          'entropy difference definition'
2285     ROWSUM(A)      'row target'
2286     COLSUM(B)       'column target'
2287     GDPFCDEF        'define GDP at factor cost'
2288     GDPDEF            'define GDP'
2289  ;
2290  *CORE EQUATIONS
2291  SAMEQ(INT)..   Y(INT) =e= X(INT) ;
2292   
2293  SAMMAKE(INT,JNT)$nonzero(INT,JNT).. TSAM(INT,JNT) =e= A_MAT(INT,JNT)*X(JNT);
2294   
2295  ENTROPY..   DENTROPY =e= sum((INT,JNT)$nonzero(INT,JNT), A_MAT(INT,JNT)*(log(A_MAT(INT,JNT) + epsilon) - log(Abar1(INT,JNT) + epsilon))) ;
2296   
2297  * Note that we exclude one rowsum equation since if all but one column
2298  * and rowsum are equal, the last one must also be equal. Walras' Law
2299  * at work.
2300   
2301  ROWSUM(INT)$(not sameas(INT,"173_GOVT"))..   sum(JNT, TSAM(INT,JNT)) =e= Y(INT);
2302  *ROWSUM(INT)..   sum(JNT, TSAM(INT,JNT)) =e= Y(INT);
2303   
2304  COLSUM(JNT)..   sum(INT, TSAM(INT,JNT)) =e= X(JNT);
2305   
2306  *ADDITIONAL MACRO CONTROL-TOTAL EQUATIONS
2307  GDPFCDEF..   GDPFC_SAM =e= SUM((FACTOR,A1),TSAM(FACTOR,A1)) ;
2308   
2309  GDPDEF..   GDP_SAM   =e= SUM((FACTOR,A1),TSAM(FACTOR,A1))+SUM((ITAX1,C1),TSAM(ITAX1,C1))+SUM((ETAX1,C1),TSAM(ETAX1,C1))
2310                                       + SUM((TF,A1),TSAM(TF,A1))+SUM(A1,TSAM('171_PRODTAX',A1))+SUM((FTAX,A1),TSAM(FTAX,A1))  ;
2311   
2312  A_MAT.lo(INT,JNT)$nonzero(INT,JNT)           = 0;
2313  A_MAT.up(INT,JNT)$nonzero(INT,JNT)          = 1;
2314  A_MAT.fx(INT,JNT)$(not nonzero(INT,JNT))  = 0;
2315   
2316  TSAM.lo(INT,JNT) = 0.0;
2317  TSAM.up(INT,JNT) = +inf;
2318  *TSAM.fx(INT,JNT)$(not nonzero(INT,JNT)) = 0;
2319  TSAM.fx(INT,JNT)$(not nonzero(INT,JNT) and not (INT = "173_GOVT" or JNT = "173_GOVT")) = 0;
****                                                      $148,135,119,8,36   $409
**** LINE   1092 INCLUDE     C:\Users\kimc0\GUIDE_GLOBAL_CGE\4.SAM\new3.gms
**** LINE   1227 INPUT       C:\Users\kimc0\GUIDE_GLOBAL_CGE\4.SAM\DATA_GTAP11c.gms
****   8  ')' expected
****  36  '=' or '..' or ':=' or '$=' operator expected
****      rest of statement ignored
**** 119  Number (primary) expected
**** 135  Incompatible operands for relational operator
**** 148  Dimension different - The symbol is referenced with more/less
****         indices as declared
**** 409  Unrecognizable item - skip to find a new statement
****        looking for a ';' or a key word to get started again
2320   
2321  * Set target column sums, X. If these are not fixed, then the column sum
2322  * constraints will not be binding and the solution values or ERR1 will be 0.
2323  X.fx(INT) = TARGET0(INT);
2324   
2325  * Fix Macro aggregates.
2326  * If these are not fixed, then the macro constraints will not be binding
2327  * and the solution values of ERR2 will be zero.
2328  GDP_SAM.fx   = GDP0;
2329  GDPFC_SAM.fx = GDPFC0;
2330   
2331  Model SAMENTROP / all /;
2332   
2333  option iterLim = 5000, limRow = 0, limCol = 0, solPrint = on;
2334   
2335  * SAMENTROP.optFile   = 1;
2336    SAMENTROP.holdFixed = 1;
2337   option nlp          = CONOPT4;
2338  * SAMENTROP.workSpace = 25.0;
2339   
2340  solve SAMENTROP using nlp minimizing dentropy;
****                                               $257
**** LINE   1113 INCLUDE     C:\Users\kimc0\GUIDE_GLOBAL_CGE\4.SAM\new3.gms
**** LINE   1227 INPUT       C:\Users\kimc0\GUIDE_GLOBAL_CGE\4.SAM\DATA_GTAP11c.gms
**** 257  Solve statement not checked because of previous errors
2341   
      *=================================================================================
      Alias (macro,a_macro), (INT,a_INT), (JNT,a_JNT);
       
      Variable
         m_SAMEQ(A)        'multiplier for row and column sum constraint'
         m_SAMMAKE(A,B)    'multiplier for make SAM flows constraint'
         m_ROWSUM(A)       'multiplier for row target constraint'
         m_COLSUM(B)       'multiplier for column target constraint'
      *   m_GDPFCDEF        'multiplier for GDP at factor cost constraint'
      *   m_GDPDEF          'multiplier for GDP at market pricesconstraint'
      ;
       
      * EQUATIONS FOR THE FIRST ORDER CONDITIONS
      * FOR MINIMIZING THE OBJECTIVE FUNCTION
      Equation
         d_A(a_INT,a_JNT)      'FOC wrt the choice variable A'
         d_TSAM(a_INT,a_JNT)   'FOC wrt the variable TSAM'
         d_Y(a_INT)           'FOC wrt the variable Y'
         d_X(a_INT)           'FOC wrt the variable X'
      *   d_GDPFC             'FOC wrt the macro control variable GDPFC'
      *   d_GDP               'FOC wrt the macro control variable GDP'
      ;
       
      * EQUATION: FOC wrt the choice variable A
      d_A(a_INT,a_JNT)..
             ((log(A_MAT(a_INT,a_JNT) + epsilon) - log(abar1(a_INT,a_JNT)  + epsilon))
             $(nonzero(a_INT,a_JNT)) + a_MAT(a_INT,a_JNT)*(1/(a_MAT(a_INT,a_JNT) + epsilon))
             $(nonzero(a_INT,a_JNT)))
          -  sum((INT,JNT)$(nonzero(INT,JNT)), m_sammake(INT,JNT)*(-(1$((sameas
             (a_INT,INT) and sameas(a_JNT,JNT))))*(x(JNT))))
         =e= 0;
       
      * EQUATION: FOC wrt the variable TSAM
      d_TSAM(a_INT,a_JNT)..
      *    -  m_gdpfcdef*(-(1$((sameas(a_INT,"fac") and sameas(a_JNT,"act")))))
          -  m_colsum(a_JNT)
      *    -  m_gdpdef*(-(1$((sameas(a_INT,"fac") and sameas(a_JNT,"act")))
      *       +1$((sameas(a_INT,"gre") and sameas(a_JNT,"act"))) - (1$((sameas
      *       (a_INT,"act") and sameas(a_JNT,"gre"))))+1$((sameas(a_INT,"gre")
      *       and sameas(a_JNT,"com")))))
          -  m_rowsum(a_INT)$((not sameas(a_INT,"173_GOVT")))
          -  m_sammake(a_INT,a_JNT)$(nonzero(a_INT,a_JNT))
         =e= 0;
       
      * EQUATION: FOC wrt the variable Y
      d_Y(a_INT)..
          -  m_sameq(a_INT)
          -  sum((INT)$((not sameas(INT,"173_GOVT"))),m_rowsum(INT)*(-(1$((sameas(a_INT,INT))))))
         =e= 0;
       
      * EQUATION FOC wrt the variable X
      d_X(a_INT)..
          -  sum(JNT, m_colsum(JNT)*(-(1$((sameas(a_INT,JNT))))))
          -  sum(INT, m_sameq(INT) *(-(1$((sameas(a_INT,INT))))))
          -  sum((INT,JNT)$(nonzero(INT,JNT)), m_sammake(INT,JNT)*(-a_MAT(INT,JNT)*(1$((sameas(a_INT,JNT))))))
         =e= 0;
       
      * EQUATION: FOC wrt the macro control variable GDPFC
      *d_GDPFC..
      *   - m_gdpfcdef =e= 0;
       
      * EQUATION: FOC wrt the macro control variable GDP
      *d_GDP..
      *   - m_gdpdef =e= 0;
       
      * DEFINE MODEL
      * In GAMS the "." is used for pairing the complementarity variables
      * and equations for the MCP solver. For example the equation
      * defined by d_A is complementary to the variable A and must be
      * defined over the same sets.
      Model m_SAMENTROP / d_A.A_MAT, d_TSAM.TSAM
                          d_Y.Y
                          d_X.X
                          COLSUM.m_COLSUM
                          SAMEQ.m_SAMEQ
                          ROWSUM.m_ROWSUM
                          SAMMAKE.m_SAMMAKE
      *                    d_GDPFC.GDPFC
      *                    d_GDP.GDP
      *                    GDPFCDEF.m_GDPFCDEF
       
      *                    GDPDEF.m_GDPDEF
       /;
       
      * SOLVE MODEL
      * Shock the NLP solution
      A_MAT.l(INT,JNT) = 0.9*A_MAT.l(INT,JNT);
       
      solve m_SAMENTROP using mcp;
2433   
2434  execute_unload "SAM_BAL" ;
2435   
EXIT C:\Users\kimc0\GUIDE_GLOBAL_CGE\4.SAM\new3.gms
2437   
2438  *==============================================================================
2439  * Replacing Initial Data
2440  *==============================================================================
2441  *$INCLUDE DATA_Cal.gms

**** 7 ERROR(S)   0 WARNING(S)
GAMS 45.7.0  64fbf3ce Jan 18, 2024          WEX-WEI x86 64bit/MS Windows - 07/11/25 19:12:20 Page 2
G e n e r a l   A l g e b r a i c   M o d e l i n g   S y s t e m
Include File Summary


   SEQ   GLOBAL TYPE      PARENT   LOCAL  FILENAME

     1        1 INPUT          0       0  C:\Users\kimc0\GUIDE_GLOBAL_CGE\4.SAM\DATA_GTAP11c.gms
     2       33 CALL           1      33  PCharToStr Overflow
     3       34 CALL           1      34  PCharToStr Overflow
     4      318 GDXIN          1     318  C:\Users\kimc0\GUIDE_GLOBAL_CGE\4.SAM\Input_w-t\GTAP11c_basedata2019.gdx
     5     1032 GDXIN          1    1032  C:\Users\kimc0\GUIDE_GLOBAL_CGE\4.SAM\Input_w-t\GTAP11c_Parameters2019.gdx
     6     1183 CALL           1    1183  PCharToStr Overflow
     7     1184 GDXIN          1    1184  C:\Users\kimc0\GUIDE_GLOBAL_CGE\4.SAM\Input_w-t\Projection.gdx
     8     1187 CALL           1    1187  PCharToStr Overflow
     9     1188 GDXIN          1    1188  C:\Users\kimc0\GUIDE_GLOBAL_CGE\4.SAM\Input_w-t\Employment.gdx
    10     1227 INCLUDE        1    1227  .C:\Users\kimc0\GUIDE_GLOBAL_CGE\4.SAM\new3.gms
    11     2436 EXIT          10    1209  .C:\Users\kimc0\GUIDE_GLOBAL_CGE\4.SAM\new3.gms


COMPILATION TIME     =        3.203 SECONDS     21 MB  45.7.0 64fbf3ce WEX-WEI


USER: Medium MUD - 10 User License                   S220825|0002AO-WIN
      Konkuk University, Dept of Technology Fusion Engineering  DC16297
      License for teaching and research at degree granting institutions


**** FILE SUMMARY

Input      C:\Users\kimc0\GUIDE_GLOBAL_CGE\4.SAM\DATA_GTAP11c.gms
Output     C:\Users\kimc0\GUIDE_GLOBAL_CGE\4.SAM\DATA_GTAP11c.lst

**** USER ERROR(S) ENCOUNTERED
