GAMS 45.7.0  64fbf3ce Jan 18, 2024          WEX-WEI x86 64bit/MS Windows - 06/27/25 13:01:49 Page 1
G e n e r a l   A l g e b r a i c   M o d e l i n g   S y s t e m
C o m p i l a t i o n


   1  *==============================================================================*
   2  *GTAP DataBase Verion 11b Mapping Code Manual
   3  *Version: 1.0
   4  *Author: [Jintae Kim]
   5  *Original Code Authors: Veronique Robichaud, Andre Lemelin, Helene Maisonnave, Bernard Decaluwe (PEP-w-1)
   6  *License: CC BY-NC-SA 3.0
   7  *Last Updated: 2025-03-27
   8   
   9  *==============================================================================*
  10  *Introduction
  11  *This manual is based on the GTAP data mapping code (DATA_GTAP11b.gms). It explains the process of mapping between GTAP data and the PEP-w model, clarifying key variables and data transformation processes within the code.
  12  *
  13  *This manual can only be used for non-commercial (NC) purposes and must be shared under the same license (CC BY-NC-SA 3.0).
  14  *For detailed license information, please visit:
  15  *https://creativecommons.org/licenses/by-nc-sa/3.0/
  16   
  17  *License Notice
  18  *This manual is based on the GTAP data mapping code (DATA_GTAP11b.gms), originally developed by Veronique Robichaud, Andre Lemelin, Helene Maisonnave, and Bernard Decaluwe. It is distributed under the Creative Commons Attribution-NonCommercial-ShareAlike 3.0 (CC BY-NC-SA 3.0) license.
  19   
  20  *Key License Terms:
  21  *Attribution (BY): You must give appropriate credit to the original authors.
  22  *Non-Commercial (NC): This work cannot be used for commercial purposes.
  23  *Share-Alike (SA): If you modify or build upon this work, you must distribute the modified work under the same license.
  24  *For more details, please visit:
  25  *https://creativecommons.org/licenses/by-nc-sa/3.0/
  26   
  27  *==============================================================================*
  28  * Running new GTAP Model generates a number of files, of which two are
  29  * used below: BaseData2019.har and Parameters2019.har.
  30   
  31  * The har2gdx facility allows converting these two files into GDX format.
  32  *==============================================================================
  35   
  36  *==============================================================================
  37  * 1. Define the sets
  38  *==============================================================================
  39  *  1.1 Sets that will be used in the aggregated model
  40  *==============================================================================
  41  SET J All industries
  42  /
  43   01_AGRICULT    Agricultural forest and fishery goods
  44   02_COAL        Coal
  45   03_OIL         Crude petroleum
  46   04_GAS         Natural gas Gas distribution
  47   05_MINING      Mined and quarried goods
  48   06_FOODPRO     Food beverages and tobacco products
  49   07_TEXTILES    Textile and leather products
  50   08_WOODPRO     Wood products
  51   09_PAPERPRO    Paper products
  52   10_PETROLCOAL  Petroleum and coal products
  53   11_CHEMICAL    Chemical products
  54   12_NONMET      Non-metallic mineral products
  55   13_IRONSTL     Primary iron and steel products
  56   14_NONFERR     Non-ferrous metal products
  57   15_MACHINE     Fabricated metal products Electronic and electrical equipment Machinery and equipment
  58   16_TRANSEQ     Motor vehicles Other transport equipment
  59   17_OTHERIND    Other manufactured products Water supply
  60   18_TnD         Transmission and Distribution
  61   19_eNuclear    Nuclear generation
  62   20_eCoal       Coal generation
  63   21_eGas        Gas generation
  64   22_eOil        Oil generation
  65   23_eWind       Wind generation
  66   24_eSolar      Solar generation
  67   25_eHydro      Hydro generation
  68   26_eOther      Other generation
  69   27_CONSTRUC    Construction
  70   28_LTRP        Land transport service(road rail)
  71   29_WTRP        Water transport service
  72   30_ATRP        Air transport service
  73   31_SER         Service
  74  /
  75   
  76  J2(J) KLE Sectors
  77  /
  78   01_AGRICULT    Agricultural forest and fishery goods
  79   06_FOODPRO     Food beverages and tobacco products
  80   07_TEXTILES    Textile and leather products
  81   08_WOODPRO     Wood products
  82   09_PAPERPRO    Paper products
  83   10_PETROLCOAL  Petroleum and coal products
  84   11_CHEMICAL    Chemical products
  85   12_NONMET      Non-metallic mineral products
  86   13_IRONSTL     Primary iron and steel products
  87   14_NONFERR     Non-ferrous metal products
  88   15_MACHINE     Fabricated metal products Electronic and electrical equipment Machinery and equipment
  89   16_TRANSEQ     Motor vehicles Other transport equipment
  90   17_OTHERIND    Other manufactured products Water supply
  91   27_CONSTRUC    Construction
  92   28_LTRP        Land transport service(road rail)
  93   29_WTRP        Water transport service
  94   30_ATRP        Air transport service
  95   31_SER         Service
  96  /
  97   
  98  J3(J) Non-KLE Sectors
  99  /
 100   02_COAL        Coal
 101   03_OIL         Crude petroleum
 102   04_GAS         Natural gas Gas distribution
 103   05_MINING      Mined and quarried goods
 104   18_TnD         Transmission and Distribution
 105   19_eNuclear    Nuclear generation
 106   20_eCoal       Coal generation
 107   21_eGas        Gas generation
 108   22_eOil        Oil generation
 109   23_eWind       Wind generation
 110   24_eSolar      Solar generation
 111   25_eHydro      Hydro generation
 112   26_eOther      Other generation
 113  /
 114   
 115   
 116  I All commodities except agriculture
 117  /
 118   01_AGRICULT    Agricultural forest and fishery goods
 119   02_COAL        Coal
 120   03_OIL         Crude petroleum
 121   04_GAS         Natural gas Gas distribution
 122   05_MINING      Mined and quarried goods
 123   06_FOODPRO     Food beverages and tobacco products
 124   07_TEXTILES    Textile and leather products
 125   08_WOODPRO     Wood products
 126   09_PAPERPRO    Paper products
 127   10_PETROLCOAL  Petroleum and coal products
 128   11_CHEMICAL    Chemical products
 129   12_NONMET      Non-metallic mineral products
 130   13_IRONSTL     Primary iron and steel products
 131   14_NONFERR     Non-ferrous metal products
 132   15_MACHINE     Fabricated metal products Electronic and electrical equipment Machinery and equipment
 133   16_TRANSEQ     Motor vehicles Other transport equipment
 134   17_OTHERIND    Other manufactured products Water supply
 135   18_ELEC        Electricity
 136   19_CONSTRUC    Construction
 137   20_LTRP        Land transport service(road rail)
 138   21_WTRP        Water transport service
 139   22_ATRP        Air transport service
 140   23_SER         Service
 141  /
 142   
 143  ENE(I) Energy commodities full list
 144  /
 145   02_COAL         Coal
 146   03_OIL          Crude petroleum
 147   04_GAS         Natural gas
 148   10_PETROLCOAL   Petroleum and coal products
 149   18_ELEC         Electricity
 150  /
 151   
 152  BUS(J) Private industries
 153  /
 154   01_AGRICULT    Agricultural forest and fishery goods
 155   02_COAL        Coal
 156   03_OIL         Crude petroleum
 157   04_GAS         Natural gas Gas distribution
 158   05_MINING      Mined and quarried goods
 159   06_FOODPRO     Food beverages and tobacco products
 160   07_TEXTILES    Textile and leather products
 161   08_WOODPRO     Wood products
 162   09_PAPERPRO    Paper products
 163   10_PETROLCOAL  Petroleum and coal products
 164   11_CHEMICAL    Chemical products
 165   12_NONMET      Non-metallic mineral products
 166   13_IRONSTL     Primary iron and steel products
 167   14_NONFERR     Non-ferrous metal products
 168   15_MACHINE     Fabricated metal products Electronic and electrical equipment Machinery and equipment
 169   16_TRANSEQ     Motor vehicles Other transport equipment
 170   17_OTHERIND    Other manufactured products Water supply
 171   18_TnD         Transmission and Distribution
 172   19_eNuclear    Nuclear generation
 173   20_eCoal       Coal generation
 174   21_eGas        Gas generation
 175   22_eOil        Oil generation
 176   23_eWind       Wind generation
 177   24_eSolar      Solar generation
 178   25_eHydro      Hydro generation
 179   26_eOther      Other generation
 180   27_CONSTRUC    Construction
 181   28_LTRP        Land transport service(road rail)
 182   29_WTRP        Water transport service
 183   30_ATRP        Air transport service
 184  * 31_SER         Service
 185  /
 186   
 187  TRP(J) TRANSPORT
 188  /
 189   28_LTRP        Land transport service(road rail)
 190   29_WTRP        Water transport service
 191   30_ATRP        Air transport service
 192  /
 193   
 194  PUB(J) Public industries
 195  /
 196  * 01_AGRICULT    Agricultural forest and fishery goods
 197  * 02_COAL        Coal
 198  * 03_OIL         Crude petroleum
 199  * 04_GAS         Natural gas Gas distribution
 200  * 05_MINING      Mined and quarried goods
 201  * 06_FOODPRO     Food beverages and tobacco products
 202  * 07_TEXTILES    Textile and leather products
 203  * 08_WOODPRO     Wood products
 204  * 09_PAPERPRO    Paper products
 205  * 10_PETROLCOAL  Petroleum and coal products
 206  * 11_CHEMICAL    Chemical products
 207  * 12_NONMET      Non-metallic mineral products
 208  * 13_IRONSTL     Primary iron and steel products
 209  * 14_NONFERR     Non-ferrous metal products
 210  * 15_MACHINE     Fabricated metal products Electronic and electrical equipment Machinery and equipment
 211  * 16_TRANSEQ     Motor vehicles Other transport equipment
 212  * 17_OTHERIND    Other manufactured products Water supply
 213  * 18_TnD         Transmission and Distribution
 214  * 19_eNuclear    Nuclear generation
 215  * 20_eCoal       Coal generation
 216  * 21_eGas        Gas generation
 217  * 22_eOil        Oil generation
 218  * 23_eWind       Wind generation
 219  * 24_eSolar      Solar generation
 220  * 25_eHydro      Hydro generation
 221  * 26_eOther      Other generation
 222  * 27_CONSTRUC    Construction
 223  * 28_LTRP        Land transport service(road rail)
 224  * 29_WTRP        Water transport service
 225  * 30_ATRP        Air transport service
 226   31_SER         Service
 227  /
 228   
 229  F Production factors
 230  /
 231   slab            Skilled labour
 232   ulab            Unskilled Labour
 233   cap             Capital
 234   land            Land
 235   natr            Natural resources
 236  /
 237   
 238  L(F) Labor categories
 239  /
 240   slab            Skilled labour
 241   ulab            Unskilled Labour
 242  /
 243   
 244  K(F) Capital categories
 245  /
 246   cap             Capital
 247   land            Land
 248   natr            Natural resources
 249  /
 250   
 251  Z Regions
 252  /
 253   01_KOR Korea
 254   02_CHN China
 255   03_JPN Japan
 256   04_RUS Russian Federation
 257   05_MNG Mongolia
 258   06_PRK Peoples Republic of Korea
 259   07_NAM North America
 260   08_LAM Latin America and the Caribbean
 261   09_WEU Western Europe
 262   10_EEU Central and Eastern Europe
 263   11_FSU Former Soviet Union
 264   12_MEA Middle East and North Africa
 265   13_AFR Sub-Saharan Africa
 266   14_CPA Centrally Planned Asia and China
 267   15_SAS South Asia
 268   16_PAS Other Pacific Asia
 269   17_PAO Pacific OECD
 270  /
 271   
 272  Z1(Z) All regions except reference region
 273  /
 274   01_KOR Korea
 275   02_CHN China
 276   03_JPN Japan
 277   04_RUS Russian Federation
 278   05_MNG Mongolia
 279   06_PRK Peoples Republic of Korea
 280  * 07_NAM North America
 281   08_LAM Latin America and the Caribbean
 282   09_WEU Western Europe
 283   10_EEU Central and Eastern Europe
 284   11_FSU Former Soviet Union
 285   12_MEA Middle East and North Africa
 286   13_AFR Sub-Saharan Africa
 287   14_CPA Centrally Planned Asia and China
 288   15_SAS South Asia
 289   16_PAS Other Pacific Asia
 290   17_PAO Pacific OECD
 291  /
 292   
 293  ZR(Z) Reference country
 294  /
 295   07_NAM North America
 296  /
 297   
 298  Zrich(Z) Rich regions
 299   
 300  Zother(Z) Non-rich regions
 301   
 302  TIME Time periods
 303  /
 304  2018*2100
 305  /
 306   
 307  *==============================================================================
 308  *  1.2 Sets used in GTAP DB
 309  *==============================================================================
 310   
 311   GlobalSet(*) All of the elements of all sets
 312   endw(GlobalSet)  All factors of production
 313   acts(GlobalSet)  All industries
 314   comm(GlobalSet)  ALL commodities
 315   reg(GlobalSet)  All regions
 316   marg(comm) Margin commodities
 317   
GDXIN   C:\Users\kimc0\GUIDE_GLOBAL_CGE\4.SAM\Input_w-t\GTAP11c_basedata2019.gdx
 319   
--- LOAD  GlobalSet = 1:GlobalSet
--- LOAD  reg = 5:REG
--- LOAD  endw = 6:ENDW
--- LOAD  acts = 4:ACTS
--- LOAD  comm = 3:COMM
--- LOAD  marg = 7:MARG
 321   
 322  *==============================================================================
 323  *  1.3 Mapping between sets used in PEP-w and GTAP DB
 324  *==============================================================================
 325   
 326  z1c(reg)  Elements in GTAP that refer to one single country
 327  /
 328  r_01KOR, r_02CHN, r_03JPN, r_04RUS, r_05MNG, r_06PRK, r_07NAM, r_08LAM,
 329  r_09WEU, r_10EEU, r_11FSU, r_12MEA, r_13AFR, r_14CPA, r_15SAS, r_16PAS, r_17PAO
 330  /
 331   
 332  z2reg(z,reg) Mapping of regions
 333  /
 334   01_KOR. (r_01KOR)
 335   02_CHN. (r_02CHN)
 336   03_JPN. (r_03JPN)
 337   04_RUS. (r_04RUS)
 338   05_MNG. (r_05MNG)
 339   06_PRK. (r_06PRK)
 340   07_NAM. (r_07NAM)
 341   08_LAM. (r_08LAM)
 342   09_WEU. (r_09WEU)
 343   10_EEU. (r_10EEU)
 344   11_FSU. (r_11FSU)
 345   12_MEA. (r_12MEA)
 346   13_AFR. (r_13AFR)
 347   14_CPA. (r_14CPA)
 348   15_SAS. (r_15SAS)
 349   16_PAS. (r_16PAS)
 350   17_PAO. (r_17PAO)
 351  /
 352   
 353  j2acts(j,acts) Mapping of sectors
 354  /
 355   01_AGRICULT.     (pdr, wht, gro, v_f, osd, c_b, pfb, ocr, ctl, oap, rmk, wol, frs, fsh)
 356   02_COAL.         (coa)
 357   03_OIL.          (oil)
 358  * 04_GAS.          (gas, gdt)
 359   04_GAS.          (gas)
 360   05_MINING.       (oxt)
 361   06_FOODPRO.      (cmt, omt, vol, mil, pcr, sgr, ofd, b_t)
 362   07_TEXTILES.     (tex, wap, lea)
 363   08_WOODPRO.      (lum)
 364   09_PAPERPRO.     (ppp)
 365   10_PETROLCOAL.   (p_c)
 366   11_CHEMICAL.     (chm, bph, rpp)
 367   12_NONMET.       (nmm)
 368   13_IRONSTL.      (i_s)
 369   14_NONFERR.      (nfm)
 370   15_MACHINE.      (fmp, ele, eeq, ome)
 371   16_TRANSEQ.      (mvh, otn)
 372   17_OTHERIND.     (omf)
 373   18_TnD.          (TnD)
 374   19_eNuclear.     (eNuclear)
 375   20_eCoal.        (eCoal)
 376   21_eGas.         (eGas)
 377   22_eOil.         (eOil)
 378   23_eWind.        (eWind)
 379   24_eSolar.       (eSolar)
 380   25_eHydro.       (eHydro)
 381   26_eOther.       (eOther)
 382   27_CONSTRUC.     (cns)
 383   28_LTRP.         (otp)
 384   29_WTRP.         (wtp)
 385   30_ATRP.         (atp)
 386   31_SER.          (trd, afs, whs, cmn, ofi, ins, rsa, obs, ros, dwe, osg, edu, hht, wtr)
 387  /
 388   
 389  j2comm(j,comm) Mapping of sectors
 390  /
 391   01_AGRICULT.     (pdr, wht, gro, v_f, osd, c_b, pfb, ocr, ctl, oap, rmk, wol, frs, fsh)
 392   02_COAL.         (coa)
 393   03_OIL.          (oil)
 394  * 04_GAS.          (gas, gdt)
 395   04_GAS.          (gas)
 396   05_MINING.       (oxt)
 397   06_FOODPRO.      (cmt, omt, vol, mil, pcr, sgr, ofd, b_t)
 398   07_TEXTILES.     (tex, wap, lea)
 399   08_WOODPRO.      (lum)
 400   09_PAPERPRO.     (ppp)
 401   10_PETROLCOAL.   (p_c)
 402   11_CHEMICAL.     (chm, bph, rpp)
 403   12_NONMET.       (nmm)
 404   13_IRONSTL.      (i_s)
 405   14_NONFERR.      (nfm)
 406   15_MACHINE.      (fmp, ele, eeq, ome)
 407   16_TRANSEQ.      (mvh, otn)
 408   17_OTHERIND.     (omf)
 409   18_TnD.          (TnD)
 410   19_eNuclear.     (eNuclear)
 411   20_eCoal.        (eCoal)
 412   21_eGas.         (eGas)
 413   22_eOil.         (eOil)
 414   23_eWind.        (eWind)
 415   24_eSolar.       (eSolar)
 416   25_eHydro.       (eHydro)
 417   26_eOther.       (eOther)
 418   27_CONSTRUC.     (cns)
 419   28_LTRP.         (otp)
 420   29_WTRP.         (wtp)
 421   30_ATRP.         (atp)
 422   31_SER.          (trd, afs, whs, cmn, ofi, ins, rsa, obs, ros, dwe, osg, edu, hht, wtr)
 423  /
 424   
 425  i2comm(i,comm) Mapping of sectors
 426  /
 427   01_AGRICULT.     (pdr, wht, gro, v_f, osd, c_b, pfb, ocr, ctl, oap, rmk, wol, frs, fsh)
 428   02_COAL.         (coa)
 429   03_OIL.          (oil)
 430  * 04_GAS.          (gas, gdt)
 431   04_GAS.          (gas)
 432   05_MINING.       (oxt)
 433   06_FOODPRO.      (cmt, omt, vol, mil, pcr, sgr, ofd, b_t)
 434   07_TEXTILES.     (tex, wap, lea)
 435   08_WOODPRO.      (lum)
 436   09_PAPERPRO.     (ppp)
 437   10_PETROLCOAL.   (p_c)
 438   11_CHEMICAL.     (chm, bph, rpp)
 439   12_NONMET.       (nmm)
 440   13_IRONSTL.      (i_s)
 441   14_NONFERR.      (nfm)
 442   15_MACHINE.      (fmp, ele, eeq, ome)
 443   16_TRANSEQ.      (mvh, otn)
 444   17_OTHERIND.     (omf)
 445   18_ELEC.         (TnD, eNuclear, eCoal, eGas, eOil, eWind, eSolar, eHydro, eOther)
 446   19_CONSTRUC.     (cns)
 447   20_LTRP.         (otp)
 448   21_WTRP.         (wtp)
 449   22_ATRP.         (atp)
 450   23_SER.          (trd, afs, whs, cmn, ofi, ins, rsa, obs, ros, dwe, osg, edu, hht, wtr)
 451  /
 452   
 453  i2comm2(i,comm) Mapping of sectors
 454  /
 455   02_COAL.         (coa, oil, gas, p_c, TnD, eNuclear, eCoal, eGas, eOil, eWind, eSolar, eHydro, eOther)
 456  /
 457   
 458  COMtoIND(j,i)
 459  /
 460   01_AGRICULT.     (01_AGRICULT)
 461   02_COAL.         (02_COAL)
 462   03_OIL.          (03_OIL)
 463   04_GAS.          (04_GAS)
 464   05_MINING.       (05_MINING)
 465   06_FOODPRO.      (06_FOODPRO)
 466   07_TEXTILES.     (07_TEXTILES)
 467   08_WOODPRO.      (08_WOODPRO)
 468   09_PAPERPRO.     (09_PAPERPRO)
 469   10_PETROLCOAL.   (10_PETROLCOAL)
 470   11_CHEMICAL.     (11_CHEMICAL)
 471   12_NONMET.       (12_NONMET)
 472   13_IRONSTL.      (13_IRONSTL)
 473   14_NONFERR.      (14_NONFERR)
 474   15_MACHINE.      (15_MACHINE)
 475   16_TRANSEQ.      (16_TRANSEQ)
 476   17_OTHERIND.     (17_OTHERIND)
 477   18_TnD.          (18_ELEC)
 478   19_eNuclear.     (18_ELEC)
 479   20_eCoal.        (18_ELEC)
 480   21_eGas.         (18_ELEC)
 481   22_eOil.         (18_ELEC)
 482   23_eWind.        (18_ELEC)
 483   24_eSolar.       (18_ELEC)
 484   25_eHydro.       (18_ELEC)
 485   26_eOther.       (18_ELEC)
 486   27_CONSTRUC.     (19_CONSTRUC)
 487   28_LTRP.         (20_LTRP)
 488   29_WTRP.         (21_WTRP)
 489   30_ATRP.         (22_ATRP)
 490   31_SER.          (23_SER)
 491  /
 492   
 493  f2endw(f,endw) Mapping of production factors
 494  /
 495   slab.     (SkLab)
 496   ulab.     (UnSkLab)
 497   cap.      (Capital)
 498   land.     (Land)
 499   natr.     (NatRes)
 500  /
 501   
 502  ALIAS(reg,regj)
 503  ALIAS(comm,commi)
 504  ALIAS(acts,actsj)
 505  ALIAS(j,jj)
 506  ALIAS(i,ij)
 507  ALIAS(l,lj)
 508  ALIAS(k,kj)
 509  ALIAS(z,zj,zjj)
 510  ALIAS(time,timej)
 511  AlIAS (ENE,ENEE)
 512   
 513  ;
 514   
 515  *==============================================================================
 516  * 2. Calibration of variables
 517  *==============================================================================
 518   
 519  Parameter
 520  *==============================================================================
 521  *  2.1 Variables in GTAP DB
 522  *==============================================================================
 523  * These are the variables from GTAP DB format 6 verion used in the calibration process.
 524  * Population data is in million while all other data are expressed in millions of USD
 525   
 526   EVOS(endw,acts,reg)            Endowments at agents prices
 527   FBEP(endw,acts,reg)            Factor-based subsidies
 528   FTRV(endw,acts,reg)            Taxes - Factor Employment Tax Revenue
 529   MFRV(comm,reg,reg)             Protection MFA export subsidy equivalent
 530   OSEP(comm,reg)                 Ordinary output subsidies
 531   POP(reg)                       Population
 532   TFRV(comm,reg,reg)             Protection Ordinary Import Duty
 533   VDEP(reg)                      Capital Stock Value of Depreciation
 534   VDFP(comm,acts,reg)            Intermed Firms Dom Purchases at Agent Prices
 535   VDFB(comm,acts,reg)            Intermed Firms Dom Purchases at Mkt Prices
 536   VMFP(comm,acts,reg)            Intermed Firms Imp Purchases at Agent Prices
 537   VMFB(comm,acts,reg)            Intermed Firms Imp Purchases at Mkt Prices
 538   VDGP(comm,reg)                 Government Dom Purchases at Agents Prices
 539   VDGB(comm,reg)                 Government Dom Purchases at Market Prices
 540   VDPP(comm,reg)                 Private Hhold Dom Purchases at Agents Prices
 541   VDPB(comm,reg)                 Private Hhold Dom Purchases at Market Prices
 542   EVFB(endw,acts,reg)            Endowments Firms Purchases at Market Prices
 543   VIFA(comm,acts,reg)            Intermed Firms Imports at Agents Prices
 544   VIFM(comm,acts,reg)            Intermed Firms Imports at Market Prices
 545   VMGP(comm,reg)                 Government Imports at Agents Prices
 546   VMGB(comm,reg)                 Government Imports at Market Prices
 547   VMSB(comm,reg,reg)             Trade Bilateral Imports at Market Prices
 548   VMPP(comm,reg)                 Private Households Imports at Agents Prices
 549   VMPB(comm,reg)                 Private Households Imports at Market Prices
 550   VCIF(comm,reg,reg)             Trade Bilateral Imports at World Prices
 551   VKB(reg)                       Capital Stock Value at Beginning-of-Period
 552   VST(marg,reg)                  Trade Exports Internatl Trans Mkt Prices
 553   VTMFSD(marg,comm,reg,reg)      Trade Margins Internatl Trans World Prices
 554   VXSB(comm,reg,reg)             Trade Bilateral Exports at Market Prices
 555   VFOB(comm,reg,reg)             Trade Bilateral Exports at World Prices
 556   XTRV(comm,reg,reg)             Protection Ordinary Export Subsidy
 557   VDIP(comm,reg)                 Investment expenditure on dom. c in r at producer prices
 558   VMIP(comm,reg)                 Investment expenditure on imp. c in r at producer prices
 559   VDIB(comm,reg)                 Investment expenditure on dom. c in r at basic prices
 560   VMIB(comm,reg)                 Investment expenditure on imp. c in r at basic prices
 561   MAKES(comm,acts,reg)           Make matrix valued at suppliers prices
 562   MAKEB(comm,acts,reg)           Make matrix valued at basic prices
 563   
 564  *==============================================================================
 565  *  2.2 Variables in the aggregated model
 566  *==============================================================================
 567   CO(i,z)         Household consumption of commodity I
 568   CGO(i,z)        Public final consumption of commodity i
 569   INVO(i,z)       Final demand of commodity i for investment purposes
 570   DDO(i,z)        Demand for domestic production of commodity i
 571   DEPO(z)         Depreciation
 572   DIO(i,j,z)      Intermediate consumption of commodity i by industry j
 573   DSO(j,i,z)      Supply of commodity i by sector j to the domestic market
 574   EXO(i,z,zj)     Exports supply of commodity i from country z to country zj
 575   EXTO(i,z)       Total Export
 576   IMO(i,zj,z)     Imports of commodity m by country z from country zj
 577   RKDO(k,j,z)     Type k capital income in industry j
 578   RKDO_J(k,z)     Type k capital income
 579   KSTO(z)         Total capital stock in region z
 580   LDO(l,j,z)      Industry j demand for labour l
 581   LDO_J(l,z)      Demand for labour l
 582   MRGNO(i,z)      Demand for commodity i as a margin
 583   POPO(z)         Population
 584   TDHO(z)         Household income taxes
 585   DTAX(f,z)       Direct taxes
 586   TICO(i,z)       Government receipts of indirect taxes on commodity i
 587   TIKO(k,j,z)     Government receipts of indirect taxes on capital k of industry j
 588   TIKO_J(k,z)     Government receipts of indirect taxes on capital k
 589   TIMO(i,zj,z)    Government receipts of indirect taxes on imports of commodity i
 590   TIPO(j,z)       Government receipts of indirect taxes on production of industry j
 591   TIWO(l,j,z)     Government receipts of indirect taxes on wages and salaries of industry j
 592   TIWO_J(l,z)     Government receipts of indirect taxes on wages and salaries
 593   TIXO(i,z,zj)    Government receipts of indirect taxes on exports of commodity i
 594   tmrg(i,ij,zj,z) Rate of commodity i margin applied to import m from country zj
 595   XSO_I(i,z)      total production by commodity
 596   XSO(j,i,z)      Industry j production of commodity i
 597   XSTO(j,z)       Total aggregate output of industry j
 598   tssm(i,j,z)     Intermediate tax by source import
 599   tssd(i,j,z)     Intermediate tax by source domestic
 600   MAKE(j,i,z)     Make matrix valued at basic prices
 601   DSO_I(i,z)      Supplys of domestic production of commodity i
 602   XSO_I(i,z)      Total aggregate output of commoity i
 603   TotalCost(j,z)  Total Cost by industry
 604  ;
 605   
 606  *==============================================================================
 607  *  2.3 Loading parameters from GTAP database
 608  *==============================================================================
--- LOAD  EVOS = 13:EVOS
--- LOAD  FBEP = 40:FBEP
--- LOAD  FTRV = 41:FTRV
--- LOAD  MFRV = 46:MFRV
--- LOAD  OSEP = 43:OSEP
--- LOAD  POP = 42:POP
--- LOAD  TFRV = 45:TFRV
--- LOAD  VDEP = 31:VDEP
--- LOAD  VDFP = 11:VDFP
--- LOAD  VDFB = 9:VDFB
--- LOAD  VDGP = 20:VDGP
--- LOAD  VDGB = 18:VDGB
--- LOAD  VMFP = 12:VMFP
--- LOAD  VMFB = 10:VMFB
--- LOAD  MAKES = 16:MAKES
--- LOAD  MAKEB = 17:MAKEB
--- LOAD  VDPP = 24:VDPP
--- LOAD  VDPB = 22:VDPB
--- LOAD  EVFB = 14:EVFB
--- LOAD  VDIP = 28:VDIP
--- LOAD  VDIB = 26:VDIB
--- LOAD  VMIP = 29:VMIP
--- LOAD  VMIB = 27:VMIB
--- LOAD  VMGP = 21:VMGP
--- LOAD  VMGB = 19:VMGB
--- LOAD  VMPP = 25:VMPP
--- LOAD  VMPB = 23:VMPB
--- LOAD  VMSB = 35:VMSB
--- LOAD  VCIF = 34:VCIF
--- LOAD  VKB = 39:VKB
--- LOAD  VST = 36:VST
--- LOAD  VTMFSD = 38:VTMFSD
--- LOAD  VXSB = 32:VXSB
--- LOAD  VFOB = 33:VFOB
--- LOAD  XTRV = 44:XTRV
 612   
 613  *==============================================================================
 614  * 2.4 Mapping between variables in the model and GTAP
 615  *==============================================================================
 616  *==============================================================================
 617  * 2.4.1 Households consumption
 618  *==============================================================================
 619  * Households consumption is given by the sum of domestic purchases at
 620  * agents prices (VDPP) and private household imports at agents prices (VMPP).
 621   
 622   CO(i,z)         = SUM{(comm,reg)$[i2comm(i,comm)$z2reg(z,reg)],
 623                         VDPP(comm,reg)+VMPP(comm,reg)};
 624   
 625   CO(i,z)$(CO(i,z) lt 0.1) = 0.1 ;
 626   
 627  *==============================================================================
 628  * 2.4.2 Public final consumption
 629  *==============================================================================
 630  * Public final consumption is given by the sum of domestic purchases at
 631  * agents prices (VDGP) and public final imports at agents prices (VMGP).
 632   
 633   CGO(i,z)        = SUM{(comm,reg)$[i2comm(i,comm)$z2reg(z,reg)],
 634                         VDGP(comm,reg)+VMGP(comm,reg)};
 635   
 636   CGO(i,z)$(CGO(i,z) lt 0.1) = 0.1 ;
 637   
 638  *==============================================================================
 639  * 2.4.3 Demand for investment purposes
 640  *=============================================================================
 641  *  In the GTAP data, the accumulation account is presented in the
 642  *  production sector CGDS (Capital goods). Demand for investment purposes
 643  *  is thus given by the sum of domestic purchases at agents prices (VDIP)
 644  *  and public final imports at agents prices (VMIP) for this sector.
 645   
 646   INVO(i,z)       = SUM{(comm,reg)$[i2comm(i,comm)$z2reg(z,reg)],
 647                        VDIP(comm,reg)+VMIP(comm,reg)};
 648   
 649   INVO(i,z)$(INVO(i,z) lt 0.1) = 0.1 ;
 650   
 651  *==============================================================================
 652  * 2.4.4 Intermediate demand
 653  *==============================================================================
 654  * Intermediate consumption is given by the sum of domestic purchases at
 655  * agents prices (VDFP) and public final imports at agents prices (VMFP).
 656   
 657   DIO(i,j,z)      = SUM[(comm,acts,reg)$[i2comm(i,comm)
 658                        $j2acts(j,acts)$z2reg(z,reg)],
 659                        VDFP(comm,acts,reg)+VMFP(comm,acts,reg)];
 660   
 661   DIO(ene,j2,z)$(DIO(ene,j2,z) lt 0.1) = sum(enee,DIO(enee,j2,z))*0.015 ;
 662   DIO(i,j,z)$(DIO(i,j,z) lt 0.1) = 0.1 ;
 663   
 664  * for data balancing
 665  * DIO(i,'09_PAPERPRO','05_MNG')$(DIO(i,'09_PAPERPRO','05_MNG') lt 0.0000068505) = 0.000001 ;
 666   
 667   tssm(i,j,z)    = SUM[(comm,acts,reg)$[i2comm(i,comm)
 668                        $j2acts(j,acts)$z2reg(z,reg)],
 669                        VMFP(comm,acts,reg)-VMFB(comm,acts,reg)];
 670   
 671   tssd(i,j,z)    = SUM[(comm,acts,reg)$[i2comm(i,comm)
 672                        $j2acts(j,acts)$z2reg(z,reg)],
 673                        VDFP(comm,acts,reg)-VDFB(comm,acts,reg)];
 674   
 675  *==============================================================================
 676  * 2.4.5 Imports
 677  *==============================================================================
 678  * Imports are defined in GTAP at world prices (VCIF) and at market prices
 679  * (VMSB). Data on bilateral flows also include margins on imports (VTMFSD) and
 680  * import duties (TFRV). On the export side, the database includes exports at
 681  * market prices (VXSB), at world prices (VFOB) and subsidies on exports (MFRV
 682  * and XTRV).
 683  * The relationships between those variables is the following:
 684  *       VMSB = VCIF + TFRV
 685  *       VCIF = VFOB + VTMFSD
 686  *       VXSB = VFOB - MFRV - XTRV
 687  *
 688  * Imports are evaluated at world prices (VCIF) less transport margins (VTMFSD).
 689   
 690  ** Elimination of trade within a country:
 691  ** Trade within any entity that is a GTAP single-country region (or equivalent)
 692  ** is removed.
 693   VCIF(comm,z1c,z1c)        = 0;
 694   VTMFSD(marg,comm,z1c,z1c) = 0;
 695   
 696   IMO(i,zj,z)     = SUM{(comm,regj,reg)$[i2comm(i,comm)
 697                         $z2reg(zj,regj)$z2reg(z,reg)],
 698                         VCIF(comm,regj,reg)-
 699                         SUM[marg,VTMFSD(marg,comm,regj,reg)]};
 700  *lt Strictly less than
 701   IMO(i,zj, z)$(IMO(i, zj, z) lt 0.1) = 0.1 ;
 702   IMO(i,zj,z)$sameas(zj,z) = 0 ;
 703   
 704  * IMO(i,zj,z)$(abs(IMO(i,zj,z)) < 1e-3) = 0;
 705  * IMO(i,zj,z)$sameas(zj,z) = 0 ;
 706   
 707  *==============================================================================
 708  * 2.4.6 Exports
 709  *==============================================================================
 710  *  To limit the sources of potential desequilibrium, exports are simply set
 711  *  equal to imports.
 712   
 713   EXO(i,zj,z)     = IMO(i,zj,z);
 714   EXTO(i,z)       = sum(zj, EXO(i,z,zj));
 715   
 716  * VXSB(comm,z1c,z1c)        = 0;
 717   
 718  * Alternative method bring the export value
 719  * EXO(i,zj,z)     = SUM{(comm,regj,reg)$[i2comm(i,comm)
 720  *                       $z2reg(zj,regj)$z2reg(z,reg)],
 721  *                       VXSB(comm,regj,reg)};
 722  *
 723  *;
 724   
 725  * EXO(i,zj,z)$(abs(EXO(i,zj,z)) < 1e-8) = 1e-3;
 726  * EXTO(i,z)       = sum(zj, EXO(i,z,zj));
 727   
 728  *==============================================================================
 729  * 2.4.7 Margins
 730  *==============================================================================
 731  *  Transport margins are given by the variable VTMFSD
 732  * tmrg(TRP,ij,zj,z)$IMO(ij,zj,z)
 733  *                 = SUM{(comm,regj,reg)$[j2comm(ij,comm)
 734  *                       $z2reg(zj,regj)$z2reg(z,reg)],
 735  *                       SUM[marg,VTMFSD(marg,comm,regj,reg)]};
 736   
 737   tmrg('20_LTRP',ij,zj,z)$IMO(ij,zj,z)
 738                   = SUM{(comm,regj,reg)$[i2comm(ij,comm)
 739                         $z2reg(zj,regj)$z2reg(z,reg)],
 740                         VTMFSD('otp',comm,regj,reg)};
 741   
 742   tmrg('20_LTRP',ij,zj,z)$(tmrg('20_LTRP',ij,zj,z)lt 0.1) = 0.1 ;
 743   
 744   tmrg('21_WTRP',ij,zj,z)$IMO(ij,zj,z)
 745                   = SUM{(comm,regj,reg)$[i2comm(ij,comm)
 746                         $z2reg(zj,regj)$z2reg(z,reg)],
 747                         VTMFSD('wtp',comm,regj,reg)};
 748   
 749   tmrg('21_WTRP',ij,zj,z)$(tmrg('21_WTRP',ij,zj,z)lt 0.1) = 0.1 ;
 750   
 751   tmrg('22_ATRP',ij,zj,z)$IMO(ij,zj,z)
 752                   = SUM{(comm,regj,reg)$[i2comm(ij,comm)
 753                         $z2reg(zj,regj)$z2reg(z,reg)],
 754                         VTMFSD('atp',comm,regj,reg)};
 755   
 756   tmrg('22_ATRP',ij,zj,z)$(tmrg('22_ATRP',ij,zj,z)lt 0.1) = 0.1 ;
 757   
 758   
 759  * Supply of transport margin are given by the variable VST
 760   MRGNO(i,z)      = SUM{(marg,reg)$[i2comm(i,marg)$z2reg(z,reg)],
 761                         VST(marg,reg)};
 762   
 763   MRGNO(i,z)$(MRGNO(i,z)lt 0.1) = 0.1 ;
 764   
 765  *==============================================================================
 766  * 2.4.8 Import duties
 767  *==============================================================================
 768  *  Import duties are given by the variable TFRV
 769   
 770   TIMO(i,zj,z)$IMO(i,zj,z)
 771                   = SUM{(comm,regj,reg)$[i2comm(i,comm)
 772                         $z2reg(zj,regj)$z2reg(z,reg)],
 773                         TFRV(comm,regj,reg)};
 774   
 775  *==============================================================================
 776  * 2.4.9 Taxes on exports
 777  *==============================================================================
 778  *  Taxes on exports are given by the sum of MFRV and XTRV
 779   
 780   TIXO(i,z,zj)$IMO(i,z,zj)
 781                   = SUM{(comm,reg,regj)$[i2comm(i,comm)
 782                         $z2reg(z,reg)$z2reg(zj,regj)],
 783                         MFRV(comm,reg,regj)+XTRV(comm,reg,regj)};
 784   
 785  *==============================================================================
 786  * 2.4.10 Taxes on factors of production
 787  *==============================================================================
 788  * Net taxes on factor of production are calculated as taxes (FTRV)
 789  * less subsidies (FBEP).
 790   
 791   TIWO(l,j,z)      = SUM{(endw,acts,reg)$[f2endw(l,endw)
 792                         $j2acts(j,acts)$z2reg(z,reg)],
 793                         FTRV(endw,acts,reg)+
 794                         FBEP(endw,acts,reg)};
 795   
 796   TIWO_J(l,z)   = SUM(j, TIWO(l,j,z));
 797   
 798   TIKO(k,j,z)     = SUM{(endw,acts,reg)$[f2endw(k,endw)
 799                         $j2acts(j,acts)$z2reg(z,reg)],
 800                         FTRV(endw,acts,reg)+
 801                         FBEP(endw,acts,reg)};
 802   
 803   TIKO_J(k,z) = SUM(j, TIKO(k,j,z));
 804   
 805  *==============================================================================
 806  * 2.4.11 Taxes on production
 807  *==============================================================================
 808  * Taxes on production are set equal to the negative value of production
 809  * subsidies (OSEP).
 810   
 811   TIPO(j,z)       = SUM{(comm,reg)$[j2comm(j,comm)$z2reg(z,reg)],
 812                         OSEP(comm,reg)};
 813   
 814  *==============================================================================
 815  * 2.4.12 Domestic taxes on commodities
 816  *==============================================================================
 817  * Domestic taxes on commodities are evaluated as the difference between
 818  * demand at agent prices and demand at market prices.
 819   
 820   TICO(i,z)       = SUM{(comm,reg)$[i2comm(i,comm)$z2reg(z,reg)],
 821                        VDPP(comm,reg)-VDPB(comm,reg)
 822                       +VMPP(comm,reg)-VMPB(comm,reg)
 823                       +VDGP(comm,reg)-VDGB(comm,reg)
 824                       +VMGP(comm,reg)-VMGB(comm,reg)
 825                       +SUM[acts,VDFP(comm,acts,reg)
 826                            +VMFP(comm,acts,reg)]
 827   
 828                       -SUM[acts,VDFB(comm,acts,reg)
 829                             +VMFB(comm,acts,reg)]};
 830   
 831   
 832  *Balancing 2019
 833   
 834  TICO('04_GAS','06_PRK')   = TICO('04_GAS','06_PRK') -3.59655 -1.0;
 835  TICO('04_GAS','05_MNG')   = TICO('04_GAS','05_MNG') -2.15382 -1.0;
 836  TICO('03_OIL','05_MNG')   = TICO('03_OIL','05_MNG') -3.30004 -1.0;
 837  TICO('03_OIL','06_PRK')   = TICO('03_OIL','06_PRK') -2.13592 -1.0;
 838   
 839  *==============================================================================
 840  * 2.4.13 Direct taxes
 841  *==============================================================================
 842  * Direct taxes is given by the difference between factor payment at
 843  * market prices (EVFB) and endowment at agent prices (EVOS)
 844   
 845   TDHO(z)            = SUM{reg$z2reg(z,reg),
 846                         SUM[endw,SUM(acts,EVFB(endw,acts,reg))
 847                         -SUM(acts,EVOS(endw, acts, reg))]};
 848   
 849   DTAX(f,z)          = SUM{(endw,reg)$[f2endw(f,endw)$z2reg(z,reg)],
 850                         SUM[acts,EVFB(endw,acts,reg)] -
 851                         SUM[acts,EVOS(endw,acts, reg)]} ;
 852   
 853  *==============================================================================
 854  * 2.4.14 Factors of production
 855  *==============================================================================
 856  * Remuneration of the production factors is evaluated at market prices,
 857  * that is before taxes (EVFB).
 858   
 859   LDO(l,j,z)       = SUM{(endw,acts,reg)$[f2endw(l,endw)
 860                         $j2acts(j,acts)$z2reg(z,reg)],
 861                         EVFB(endw,acts,reg)};
 862   
 863   LDO(l,j,z)$(LDO(l,j,z) lt 0.1) = 0.1 ;
 864   LDO_J(l,z)  = SUM(j,LDO(l,j,z)) - DTAX(l,z);
 865   
 866   RKDO(k,j,z)      = SUM{(endw,acts,reg)$[f2endw(k,endw)
 867                         $j2acts(j,acts)$z2reg(z,reg)],
 868                         EVFB(endw,acts,reg)};
 869   
 870   RKDO("cap",j,z)$(RKDO("cap",j,z) lt 0.1) = 0.1 ;
 871   RKDO("natr","04_GAS","01_KOR")$(RKDO("natr","04_GAS","01_KOR") lt 0.1) = 0.1 ;
 872   RKDO("natr","04_GAS","05_MNG")$(RKDO("natr","04_GAS","05_MNG") lt 0.1) = 0.1 ;
 873   RKDO("natr","04_GAS","06_PRK")$(RKDO("natr","04_GAS","06_PRK") lt 0.1) = 0.1 ;
 874   RKDO("natr","05_MINING","06_PRK")$(RKDO("natr","05_MINING","06_PRK") lt 0.1) = 0.1 ;
 875   
 876  * Total capital stock at the beginning of the period
 877   KSTO(z)         = SUM{reg$z2reg(z,reg),VKB(reg)};
 878   
 879  *==============================================================================
 880  * 2.4.15 Depreciation
 881  *==============================================================================
 882  * Depreciation is given by the variable VDEP
 883   
 884   DEPO(z)         = SUM{reg$z2reg(z,reg),VDEP(reg)};
 885   
 886  *==============================================================================
 887  * 2.4.16 Population
 888  *==============================================================================
 889  *  Population by region
 890   POPO(z)         = SUM{reg$z2reg(z,reg),POP(reg)};
 891   
 892  *==============================================================================
 893  * 2.4.17 Domestic demand
 894  *==============================================================================
 895  * Once again, to avoid descrepencies, domestic purchases are calculated
 896  * by substracting imports, transport margins and indirect taxes from total
 897  * domestic absorption.
 898   
 899   DDO(i,z)        = CO(i,z)+CGO(i,z)+INVO(i,z)+SUM[j,DIO(i,j,z)]-TICO(i,z)
 900                     -SUM[zj,TIMO(i,zj,z)]-SUM[zj,IMO(i,zj,z)]
 901                     -SUM[(ij,zj),tmrg(ij,i,zj,z)];
 902   
 903  *==============================================================================
 904  * 2.4.18 MAKE Matrix
 905  *==============================================================================
 906   
 907   MAKE(j,i,z) = SUM[(acts,comm,reg)$[i2comm(i,comm)
 908                        $j2acts(j,acts)$z2reg(z,reg)],
 909                        MAKEB(comm,acts,reg)];
 910   
 911  *==============================================================================
 912  * 2.5 Equilibrate data
 913  *==============================================================================
 914  *  2.5.1 Equilibrium on the world margin market
 915  *==============================================================================
 916  *  The first step would be to equilibrate international markets. As there is a
 917  *  small difference between supply of margins and demand, we chose to adjust
 918  *  the supply side by increasing or reducing each region's production
 919  *  proportionately.
 920   
 921   MRGNO(i,z)$MRGNO(i,z)
 922                   = MRGNO(i,z)*SUM[(ij,zj,zjj),tmrg(i,ij,zj,zjj)]
 923                    /SUM[zjj,MRGNO(i,zjj)];
 924   
 925  **==============================================================================
 926  * 2.5.2 Equilibrium in each region
 927  *==============================================================================
 928  *  As exports have already been set equal to imports, the remaining differences
 929  *  would appear in the national data. Total production is first set equal to
 930  *  the sum of production for the domestic market (DSO), adjusted production
 931  *  of margins (MRGNO) and exports.
 932   
 933   DSO_I(i,z)        = DDO(i,z) ;
 934   XSO_I(i,z)        = DDO(i,z)+MRGNO(i,z)+SUM[zj,EXO(i,z,zj)-TIXO(i,z,zj)];
 935   XSO(j,i,z)        = XSO_I(i,z)*[MAKE(j,i,z)/sum(jj,MAKE(jj,i,z))];
 936   XSTO(j,z)         = SUM(i, XSO(j,i,z));
 937   EXTO(i,z)         = SUM[zj,EXO(i,z,zj)];
 938   DSO(j,i,z)        = DDO(i,z)*[MAKE(j,i,z)/sum(jj,MAKE(jj,i,z))];
 939   
 940  *  The operating surplus is the variable that was used to equilibrate the
 941  *  regional data. As all other variables (income, savings and so on) will
 942  *  be calculated based on the variables described in these steps, there
 943  *  should not be any other descrepency.
 944   
 945  * for Data Balancing in 2019 Database
 946  TIPO('04_GAS','06_PRK')       = -9.19154 -0.1;
 947  TIPO('09_PAPERPRO','05_MNG')  = -7.77282  -0.1;
 948  TIPO('11_CHEMICAL','05_MNG')  = -7.2221  -0.809803 -0.1;
 949  TIPO('03_OIL','06_PRK')       = -6.11563 -0.1;
 950  TIPO('13_IRONSTL','05_MNG')   = -5.64578 -0.1;
 951  TIPO('19_eNuclear','06_PRK')  = -4.99124 -0.1;
 952  TIPO('23_eWind','06_PRK')     = -4.99122 -0.1;
 953  TIPO('24_eSolar','06_PRK')    = -4.92509 -0.1;
 954  TIPO('19_eNuclear','05_MNG')  = -4.81788 -0.1;
 955  TIPO('19_eNuclear','17_PAO')  = -4.80275 -0.1;
 956  TIPO('26_eOther','05_MNG')    = -4.80001 -0.1;
 957  TIPO('21_eGas','05_MNG')      = -4.78731 -0.1;
 958  TIPO('19_eNuclear','14_CPA')  = -4.63479 -0.1;
 959  TIPO('21_eGas','06_PRK')      = -4.12172 -0.1;
 960  TIPO('24_eSolar','14_CPA')    = -3.06953 -0.1;
 961  TIPO('26_eOther','06_PRK')    = -2.96659 -0.1;
 962  TIPO('14_NONFERR','06_PRK')   = -2.12762 -0.1;
 963  TIPO('10_PETROLCOAL','06_PRK')= -1.82929 -0.1;
 964  TIPO('24_eSolar','05_MNG')    = -0.654131 -0.1;
 965  TIPO('22_eOil','06_PRK')      = -0.408636 -0.1;
 966  TIPO('04_GAS','01_KOR')       = -0.00115488 -0.1;
 967  TIPO('04_GAS','05_MNG')       = -0.0039926 -7.1598 -0.1;
 968  TIPO('05_MINING','06_PRK ')   = -0.0394804 -0.1;
 969   
 970  * RKDO('cap',j,z)  = XSTO(j,z)-SUM[i,DIO(i,j,z)]-LDO(j,z)-TIWO(j,z)
 971  *                   -TIPO(j,z)-SUM[k,TIKO(k,j,z)]-RKDO('land',j,z) -RKDO('natr',j,z);
 972   
 973  RKDO('cap',j,z)  = XSTO(j,z)-SUM[i,DIO(i,j,z)]-SUM[l, LDO(l,j,z)+TIWO(l,j,z)]
 974                     -TIPO(j,z)-SUM[k,TIKO(k,j,z)]-RKDO('land',j,z) -RKDO('natr',j,z);
 975   
 976  RKDO_J(k,z) = sum(j,RKDO(k,j,z)) - DTAX(k,z);
 977   
 978  TotalCost(j,z) = SUM[i,DIO(i,j,z)]
 979                      +SUM[l,LDO(l,j,z)+TIWO(l,j,z)]
 980                      +TIPO(j,z)
 981                      +SUM[k,TIKO(k,j,z)+RKDO(k,j,z)];
 982   
 983  *==============================================================================
 984  * 3. CES elasticities
 985  *==============================================================================
 986  * 3.1 Definition of GTAP parameters
 987  *==============================================================================
 988  PARAMETER
 989   ESUBD(comm, reg)   Elasticity of substitution between domestic product and imports
 990   ESUBM(comm, reg)   Elasticity of substitution between imports from different regions
 991   ESUBVA(acts, reg)  Elasticity of substitution between primary factors in the production of value added
 992   ELFKLE(acts, reg)  Elasticity of substitution between VA-energy sub-production
 993   
 994  *==============================================================================
 995  * 3.2 Definition in PEP w
 996  *==============================================================================
 997   sigma_M1(i,z)   Elasticity (CES - composite commodity)
 998   sigma_M2(i,z)   Elasticity (CES - composite import)
 999   sigma_VA(j,z)   Elasticity (CES - value added)
1000   sigma_KLE(j,z)  Elastcitiy (CES - KL-E)
1001   
1002  *==============================================================================
1003  * 3.3 Temporary variables
1004  *==============================================================================
1005   IM_GTAP(comm,z)  Total imports using the GTAP commodity sets
1006   Q_GTAP(comm,z)   Composite commodity using the GTAP commodity sets
1007   VA_GTAP(acts,z)  Value added using the GTAP sectors
1008   KLE_GTAP(acts,z) KLE using the GTAP sectors
1009   E_GTAP(acts,z)   E using ther GTAP sectors
1010   SH_IM(comm,i,z)  Share of each import TRAD_COM in aggregation i for region z
1011   SH_Q(comm,i,z)   Share of each composite commodity TRAD_COM in aggregation i for region z
1012   SH_VA(acts,j,z)  Share of each sector TRAD_COM in aggregation j for region z
1013   SH_KLE(acts,j,z) Share of each sector KLE in aggregation j for region z
1014  ;
1015   
1016  *==============================================================================
1017  * 3.4 Load the GTAP file which includes the parameters
1018  *==============================================================================
GDXIN   C:\Users\kimc0\GUIDE_GLOBAL_CGE\4.SAM\Input_w-t\GTAP11c_Parameters2019.gdx
--- LOAD  ESUBD = 19:ESUBD
--- LOAD  ESUBM = 20:ESUBM
--- LOAD  ESUBVA = 61:ESUBVA
--- LOAD  ELFKLE = 62:ELFKLE
1021   
1022  *==============================================================================
1023  *  3.5 sigma_M1
1024  *==============================================================================
1025  * Elasticities of substitution between domestic product and imports are
1026  * aggregated acording to the share of each commodity (QO) TRAD_COMM in total I
1027   
1028   Q_GTAP(comm,z)
1029                   = SUM{reg$z2reg(z,reg),
1030                     VDPP(comm,reg)+VMPP(comm,reg)+
1031                     VDGP(comm,reg)+VMGP(comm,reg)+
1032                     VDIP(comm,reg)+VMIP(comm,reg)+
1033                     SUM[acts,VDFP(comm,acts,reg)+
1034                         VMFP(comm,acts,reg)]};
1035   
1036   
1037   SH_Q(comm,i,z)$i2comm(i,comm)
1038                   = Q_GTAP(comm,z)/
1039                     SUM{commi$i2comm(i,commi),
1040                         Q_GTAP(commi,z)};
1041   
1042   sigma_M1(i,z)   = SUM{(comm,reg)$[i2comm(i,comm)$z2reg(z,reg)],
1043                     ESUBD(comm,reg)*SH_Q(comm,i,z)};
1044   
1045  *==============================================================================
1046  *  3.6 sigma_M2
1047  *==============================================================================
1048  * Elasticities of substitution between imports from different partners are
1049  * aggregated acording to the share of total import (IMTO) TRAD_COMM in total I
1050   
1051   IM_GTAP(comm,z)
1052                   = SUM[regj,SUM{reg$z2reg(z,reg),VCIF(comm,regj,reg)}];
1053   
1054   SH_IM(comm,i,z)$i2comm(i,comm)
1055                   = IM_GTAP(comm,z)/
1056                     SUM{commi$i2comm(i,commi),
1057                         IM_GTAP(commi,z)};
1058   
1059   sigma_M2(i,z)   = SUM{(comm,reg)$[i2comm(i,comm)$z2reg(z,reg)],
1060                     ESUBM(comm,reg)*SH_IM(comm,i,z)};
1061   
1062  *==============================================================================
1063  *  3.7 sigma_VA
1064  *==============================================================================
1065  * Elasticities of substitution between factors of production are aggregated
1066  * acording to the share of each sector (VA) TRAD_COMM in total I
1067   
1068   VA_GTAP(acts,z)
1069                   = SUM{endw,
1070                         SUM[reg$z2reg(z,reg),EVFB(endw,acts,reg)]};
1071   
1072   SH_VA(acts,j,z)$j2acts(j,acts)
1073                   = VA_GTAP(acts,z)/
1074                     SUM{actsj$j2acts(j,actsj),
1075                         VA_GTAP(actsj,z)};
1076   
1077   sigma_VA(j,z)   = SUM{(acts,reg)$[j2acts(j,acts)$z2reg(z,reg)],
1078                     ESUBVA(acts,reg)*SH_VA(acts,j,z)};
1079   
1080  *==============================================================================
1081  *  3.8 sigma_KLE
1082  *==============================================================================
1083   KLE_GTAP(acts,z)
1084                   = SUM{endw,
1085                         SUM[reg$z2reg(z,reg),EVFB(endw,acts,reg)]} +
1086                       SUM[i,
1087                          SUM[(comm,reg)$[i2comm2(i,comm)$z2reg(z,reg)],
1088                               VDFP(comm,acts,reg)+VMFP(comm,acts,reg)]];
1089   
1090   E_GTAP(acts,z)
1091                   = SUM[i,
1092                          SUM[(comm,reg)$[i2comm2(i,comm)$z2reg(z,reg)],
1093                               VDFP(comm,acts,reg)+VMFP(comm,acts,reg)]];
1094   
1095   SH_KLE(acts,j,z)$j2acts(j,acts)
1096                   = KLE_GTAP(acts,z)/
1097                     SUM{actsj$j2acts(j,actsj),
1098                         KLE_GTAP(actsj,z)};
1099   
1100   sigma_KLE(j,z)   = SUM{(acts,reg)$[j2acts(j,acts)$z2reg(z,reg)],
1101                      ELFKLE(acts, reg)*SH_KLE(acts,j,z)};
1102   
1103  *==============================================================================
1104  * 4. Own price elasticities (Conditional)
1105  *==============================================================================
1106  PARAMETER
1107   E_Composite(j,z)      E nest susbtitution elasticies
1108   KLE_Composite(j,z)    KLE nest susbtitution elasticies
1109   elas_E(j,z)           Own price elasticities(Composite Energy)
1110   elas_elec(j,z)        Own price elasticities(electricity)
1111   elas_gas(j,z)         Own price elasticities(gas)
1112   elas_oil(j,z)         Own price elasticities(oil)
1113   elas_coal(j,z)        Own price elasticities(coal)
1114   elas_petrolcoal(j,z)  Own price elasticities(petrolcoal)
1115  ;
1116   
1117   E_Composite(j,z)   = SUM{(acts)$[j2acts(j,acts)], E_GTAP(acts,z)};
1118   KLE_Composite(j,z) = SUM{(acts)$[j2acts(j,acts)], KLE_GTAP(acts,z)};
1119   
1120   elas_E(j,z) = sigma_KLE(j,z)*(1- E_Composite(j,z)/KLE_Composite(j,z));
1121   elas_elec(j,z) = 1.1*(1- DIO('18_ELEC',j,z)/E_Composite(j,z));
1122   elas_gas(j,z) = 1.1*(1- DIO('04_GAS',j,z)/E_Composite(j,z));
1123   elas_oil(j,z) = 1.1*(1- DIO('03_OIL',j,z)/E_Composite(j,z));
1124   elas_coal(j,z) = 1.1*(1- DIO('02_COAL',j,z)/E_Composite(j,z));
1125   elas_petrolcoal(j,z) = 1.1*(1- DIO('10_PETROLCOAL',j,z)/E_Composite(j,z));
1126   
1127  *==============================================================================
1128  * Projections used in Recursive Dynamic model
1129  *==============================================================================
1130  PARAMETER
1131   ACT_POP(z,time)         Active population from 1980 to 2050 based on the PEP w aggregation
1132  * ACT_POP_GTAP8(reg,time) Active population from 1980 to 2050 based on the GTAP8 aggregation
1133   CAB_Foure(z,time)       Implicit CAB in Foure et al projections
1134   exogro(z,time)          Exogenous growth factor for exogenously growing variables
1135   exogro_LS(z,time)       Exogenous growth factor for exogenously growing labor supply
1136   g_GDP(z,time)           GDP growth
1137   g_KS(z,time)            Capital stock growth rate
1138   g_LS(z,time)            Active population growth rate
1139   g_POP(z,time)           Population growth rate
1140   g_SDR(z,time)           Domestic savings rate growth rate
1141   GDP(z,time)             GDP projection based on the PEP w aggregation
1142  * GDP_GTAP8(reg,time)     GDP from 1980 to 2050 based on the GTAP8 aggregation
1143   gdp_per_cap(z)          GDP per capita
1144   I_rate(z,time)          Investment rate - domestic savings over GDP
1145   Invest(z,time)          Investments from 1980 to 2050 based on PEP w aggregation
1146  * Invest_GTAP8(reg,time)  Investments from 1980 to 2050 based on GTAP8 aggregation
1147  * K_Stock_GTAP8(reg,time) Capital stock from 1980 to 2050 based on the GTAP8 aggregation
1148   K_Stock(z,time)         Capital stock from 1980 to 2050 based on the PEP w aggregation
1149   TFP(z,time)             Total factor productivity index 1980-2050 for PEP w aggregation
1150  * TFP_GTAP8(reg,time)     Total factor productivity 1980-2050 for GTAP8 aggregation
1151   S_rate(z,time)          Savings rate - domestic savings over GDP
1152   Savings(z,time)         Domestic savings from 1980 to 2050 based on PEP w aggregation
1153  * Savings_GTAP8(reg,time) Domestic savings from 1980 to 2050 based on GTAP8 aggregation
1154   sdr_fac(z,time)         Exogenous change factor for domestic savings rate
1155   TOT_POP(z,time)         Total population from 1980 to 2050 based on the PEP w aggregation
1156  * TOT_POP_GTAP8(reg,time) Total population from 1980 to 2050 based on the GTAP8 aggregation
1157   CTAX_Cal(z,time)        Carbon Tax for Baseline Scenario
1158   CTAX_CPS(z,time)        Carbon Tax for Current Policy Scenario
1159   CTAX_NZS(z,time)        Carbon Tax for Net-Zero Scenario
1160   EMPLOY(j,z)             Employment by sector 2019 (thousand)
1161   AEEI_low(z,time)        Autonomous energy efficiency improvement
1162   AEEI_high(z,time)       Autonomous energy efficiency improvement
1163   TREND(z,time)           Value to Physical quantity
1164   TREND2(z,time)          Value to Physical quantity
1165   TREND_CPS(z,time)       Value to Physical quantity
1166   TREND_NZS(z,time)       Value to Physical quantity
1167   PERMIT_Cal(z,time)      PERMIT
1168   
1169  ;
1170   
GDXIN   C:\Users\kimc0\GUIDE_GLOBAL_CGE\4.SAM\Input_w-t\Projection.gdx
--- LOAD  GDP = 1:GDP
--- LOAD  TOT_POP = 2:TOT_POP
--- LOAD  g_SDR = 3:g_SDR
--- LOAD  AEEI_low = 4:AEEI_low
--- LOAD  AEEI_high = 5:AEEI_high
--- LOAD  TREND = 6:TREND
--- LOAD  TREND2 = 7:TREND2
--- LOAD  TREND_CPS = 8:TREND_CPS
--- LOAD  TREND_NZS = 9:TREND_NZS
--- LOAD  CTAX_Cal = 10:CTAX_Cal
--- LOAD  CTAX_CPS = 11:CTAX_CPS
--- LOAD  CTAX_NZS = 12:CTAX_NZS
--- LOAD  PERMIT_Cal = 13:PERMIT_Cal
1174   
GDXIN   C:\Users\kimc0\GUIDE_GLOBAL_CGE\4.SAM\Input_w-t\Employment.gdx
--- LOAD  EMPLOY = 1:EMPLOY
1178   
1179  *==============================================================================
1180  * 4.1 Real GDP projections
1181  *==============================================================================
1182   
1183  loop{time$[time.val lt 2100],
1184   g_GDP(z,time+1)           = [GDP(z,time+1)/GDP(z,time)]-1;
1185  };
1186   g_GDP(z,time)$[time.val ge 2100]
1187                           = g_GDP(z,time+2);
1188   
1189  *==============================================================================
1190  * 4.2 Total population projections
1191  *==============================================================================
1192   
1193  loop{time$[time.val lt 2100],
1194   g_POP(z,time+1)           = [TOT_POP(z,time+1)/TOT_POP(z,time)]-1;
1195  };
1196   g_POP(z,time)$[time.val ge 2100]
1197                           = g_POP(z,time+1);
1198   
1199  *==============================================================================
1200  * 5. Endogenous definition of set for rich regions/countries
1201  *==============================================================================
1202  * High Income Countries
1203   Zrich('01_KOR')        = yes;
1204   Zrich('03_JPN')        = yes;
1205   Zrich('07_NAM')        = yes;
1206   Zrich('09_WEU')        = yes;
1207   Zrich('10_EEU')        = yes;
1208   Zrich('17_PAO')        = yes;
1209   Zother(Z)              = yes$[not Zrich(Z)];
1210   
1211  execute_unload 'Input_w-t\DATA_AGG-2019_GTAP11c.gdx',
1212   
1213  *Sets
1214   J, I, BUS, PUB, F, L, K, Z, ZR, Z1, Zrich, Zother
1215   
1216  *Benchmark variables and parameters
1217   CO, CGO, DDO, DEPO, DIO, DSO,DSO_I, EXO, IMO, INVO, KSTO, LDO, MRGNO, POPO, RKDO,
1218   TDHO, DTAX, TICO, TIKO, TIMO, TIPO, TIWO, TIXO, tssm, tssd, tmrg, XSO, XSO_I, XSTO, EXTO, TotalCost,
1219   sigma_M1, sigma_M2, sigma_VA, sigma_KLE, Q_GTAP, KLE_GTAP, SH_Q, SH_VA, SH_KLE, ESUBD, ELFKLE,
1220   elas_E, elas_elec, elas_gas, elas_oil, elas_coal, elas_petrolcoal, EMPLOY,
1221   
1222  *Parameters for RD-CGE
1223   TOT_POP, g_GDP, g_POP, g_SDR, AEEI_low, AEEI_high, TREND, TREND2, TREND_CPS, TREND_NZS, CTAX_Cal, CTAX_CPS, CTAX_NZS, PERMIT_Cal ;
1224   
1225   
1226  *==============================================================================
1227  * SAM Balancing
1228  *==============================================================================
INCLUDE    C:\Users\kimc0\GUIDE_GLOBAL_CGE\4.SAM\DATA_SamBal-2025.gms
1230  *=========== 1. Input names of matrix accounts =================================
1231  SETS
1232  A MATRIX ACCOUNTS
1233  /
1234  1_a_AGRICULT
1235  2_a_COAL
1236  3_a_OIL
1237  4_a_GAS
1238  5_a_MINING
1239  6_a_FOODPRO
1240  7_a_TEXTILES
1241  8_a_WOODPRO
1242  9_a_PAPERPRO
1243  10_a_PETROLCOAL
1244  11_a_CHEMICAL
1245  12_a_NONMET
1246  13_a_IRONSTL
1247  14_a_NONFERR
1248  15_a_MACHINE
1249  16_a_TRANSEQ
1250  17_a_OTHERIND
1251  18_a_TnD
1252  19_a_eNuclear
1253  20_a_eCoal
1254  21_a_eGas
1255  22_a_eOil
1256  23_a_eWind
1257  24_a_eSolar
1258  25_a_eHydro
1259  26_a_eOther
1260  27_a_CONSTRUC
1261  28_a_LTRP
1262  29_a_WTRP
1263  30_a_ATRP
1264  31_a_SER
1265  32_c_AGRICULT
1266  33_c_COAL
1267  34_c_OIL
1268  35_c_GAS
1269  36_c_MINING
1270  37_c_FOODPRO
1271  38_c_TEXTILES
1272  39_c_WOODPRO
1273  40_c_PAPERPRO
1274  41_c_PETROLCOAL
1275  42_c_CHEMICAL
1276  43_c_NONMET
1277  44_c_IRONSTL
1278  45_c_NONFERR
1279  46_c_MACHINE
1280  47_c_TRANSEQ
1281  48_c_OTHERIND
1282  49_c_ELEC
1283  50_c_CONSTRUC
1284  51_c_LTRP
1285  52_c_WTRP
1286  53_c_ATRP
1287  54_c_SER
1288  55_Land
1289  56_UnSkLab
1290  57_SkLab
1291  58_Capital
1292  59_NatRes
1293  60_tmm_r_01KOR
1294  61_tmm_r_02CHN
1295  62_tmm_r_03JPN
1296  63_tmm_r_04RUS
1297  64_tmm_r_05MNG
1298  65_tmm_r_06PRK
1299  66_tmm_r_07NAM
1300  67_tmm_r_08LAM
1301  68_tmm_r_09WEU
1302  69_tmm_r_10EEU
1303  70_tmm_r_11FSU
1304  71_tmm_r_12MEA
1305  72_tmm_r_13AFR
1306  73_tmm_r_14CPA
1307  74_tmm_r_15SAS
1308  75_tmm_r_16PAS
1309  76_tmm_r_17PAO
1310  77_tee_r_01KOR
1311  78_tee_r_02CHN
1312  79_tee_r_03JPN
1313  80_tee_r_04RUS
1314  81_tee_r_05MNG
1315  82_tee_r_06PRK
1316  83_tee_r_07NAM
1317  84_tee_r_08LAM
1318  85_tee_r_09WEU
1319  86_tee_r_10EEU
1320  87_tee_r_11FSU
1321  88_tee_r_12MEA
1322  89_tee_r_13AFR
1323  90_tee_r_14CPA
1324  91_tee_r_15SAS
1325  92_tee_r_16PAS
1326  93_tee_r_17PAO
1327  94_tf_Land
1328  95_tf_UnSkLab
1329  96_tf_SkLab
1330  97_tf_Capital
1331  98_tf_NatRes
1332  99_M1c20__R1r
1333  100_M2c21__R1r
1334  101_M3c22__R1r
1335  102_M1c20__R2r
1336  103_M2c21__R2r
1337  104_M3c22__R2r
1338  105_M1c20__R3r
1339  106_M2c21__R3r
1340  107_M3c22__R3r
1341  108_M1c20__R4r
1342  109_M2c21__R4r
1343  110_M3c22__R4r
1344  111_M1c20__R5r
1345  112_M2c21__R5r
1346  113_M3c22__R5r
1347  114_M1c20__R6r
1348  115_M2c21__R6r
1349  116_M3c22__R6r
1350  117_M1c20__R7r
1351  118_M2c21__R7r
1352  119_M3c22__R7r
1353  120_M1c20__R8r
1354  121_M2c21__R8r
1355  122_M3c22__R8r
1356  123_M1c20__R9r
1357  124_M2c21__R9r
1358  125_M3c22__R9r
1359  126_M1c20__R10r
1360  127_M2c21__R10r
1361  128_M3c22__R10r
1362  129_M1c20__R11r
1363  130_M2c21__R11r
1364  131_M3c22__R11r
1365  132_M1c20__R12r
1366  133_M2c21__R12r
1367  134_M3c22__R12r
1368  135_M1c20__R13r
1369  136_M2c21__R13r
1370  137_M3c22__R13r
1371  138_M1c20__R14r
1372  139_M2c21__R14r
1373  140_M3c22__R14r
1374  141_M1c20__R15r
1375  142_M2c21__R15r
1376  143_M3c22__R15r
1377  144_M1c20__R16r
1378  145_M2c21__R16r
1379  146_M3c22__R16r
1380  147_M1c20__R17r
1381  148_M2c21__R17r
1382  149_M3c22__R17r
1383  150_M1c20_L_pvst
1384  151_M2c21_W_pvst
1385  152_M3c22_A_pvst
1386  153_ww_r_01KOR
1387  154_ww_r_02CHN
1388  155_ww_r_03JPN
1389  156_ww_r_04RUS
1390  157_ww_r_05MNG
1391  158_ww_r_06PRK
1392  159_ww_r_07NAM
1393  160_ww_r_08LAM
1394  161_ww_r_09WEU
1395  162_ww_r_10EEU
1396  163_ww_r_11FSU
1397  164_ww_r_12MEA
1398  165_ww_r_13AFR
1399  166_ww_r_14CPA
1400  167_ww_r_15SAS
1401  168_ww_r_16PAS
1402  169_ww_r_17PAO
1403  170_PRIV
1404  171_PRODTAX
1405  172_DIRTAX
1406  173_GOVT
1407  174_CGDS
1408  175_TOT
1409  /
1410   
1411  INT(A) MATRIX ACCOUNTS
1412  /
1413  1_a_AGRICULT
1414  2_a_COAL
1415  3_a_OIL
1416  4_a_GAS
1417  5_a_MINING
1418  6_a_FOODPRO
1419  7_a_TEXTILES
1420  8_a_WOODPRO
1421  9_a_PAPERPRO
1422  10_a_PETROLCOAL
1423  11_a_CHEMICAL
1424  12_a_NONMET
1425  13_a_IRONSTL
1426  14_a_NONFERR
1427  15_a_MACHINE
1428  16_a_TRANSEQ
1429  17_a_OTHERIND
1430  18_a_TnD
1431  19_a_eNuclear
1432  20_a_eCoal
1433  21_a_eGas
1434  22_a_eOil
1435  23_a_eWind
1436  24_a_eSolar
1437  25_a_eHydro
1438  26_a_eOther
1439  27_a_CONSTRUC
1440  28_a_LTRP
1441  29_a_WTRP
1442  30_a_ATRP
1443  31_a_SER
1444  32_c_AGRICULT
1445  33_c_COAL
1446  34_c_OIL
1447  35_c_GAS
1448  36_c_MINING
1449  37_c_FOODPRO
1450  38_c_TEXTILES
1451  39_c_WOODPRO
1452  40_c_PAPERPRO
1453  41_c_PETROLCOAL
1454  42_c_CHEMICAL
1455  43_c_NONMET
1456  44_c_IRONSTL
1457  45_c_NONFERR
1458  46_c_MACHINE
1459  47_c_TRANSEQ
1460  48_c_OTHERIND
1461  49_c_ELEC
1462  50_c_CONSTRUC
1463  51_c_LTRP
1464  52_c_WTRP
1465  53_c_ATRP
1466  54_c_SER
1467  55_Land
1468  56_UnSkLab
1469  57_SkLab
1470  58_Capital
1471  59_NatRes
1472  60_tmm_r_01KOR
1473  61_tmm_r_02CHN
1474  62_tmm_r_03JPN
1475  63_tmm_r_04RUS
1476  64_tmm_r_05MNG
1477  65_tmm_r_06PRK
1478  66_tmm_r_07NAM
1479  67_tmm_r_08LAM
1480  68_tmm_r_09WEU
1481  69_tmm_r_10EEU
1482  70_tmm_r_11FSU
1483  71_tmm_r_12MEA
1484  72_tmm_r_13AFR
1485  73_tmm_r_14CPA
1486  74_tmm_r_15SAS
1487  75_tmm_r_16PAS
1488  76_tmm_r_17PAO
1489  77_tee_r_01KOR
1490  78_tee_r_02CHN
1491  79_tee_r_03JPN
1492  80_tee_r_04RUS
1493  81_tee_r_05MNG
1494  82_tee_r_06PRK
1495  83_tee_r_07NAM
1496  84_tee_r_08LAM
1497  85_tee_r_09WEU
1498  86_tee_r_10EEU
1499  87_tee_r_11FSU
1500  88_tee_r_12MEA
1501  89_tee_r_13AFR
1502  90_tee_r_14CPA
1503  91_tee_r_15SAS
1504  92_tee_r_16PAS
1505  93_tee_r_17PAO
1506  94_tf_Land
1507  95_tf_UnSkLab
1508  96_tf_SkLab
1509  97_tf_Capital
1510  98_tf_NatRes
1511  99_M1c20__R1r
1512  100_M2c21__R1r
1513  101_M3c22__R1r
1514  102_M1c20__R2r
1515  103_M2c21__R2r
1516  104_M3c22__R2r
1517  105_M1c20__R3r
1518  106_M2c21__R3r
1519  107_M3c22__R3r
1520  108_M1c20__R4r
1521  109_M2c21__R4r
1522  110_M3c22__R4r
1523  111_M1c20__R5r
1524  112_M2c21__R5r
1525  113_M3c22__R5r
1526  114_M1c20__R6r
1527  115_M2c21__R6r
1528  116_M3c22__R6r
1529  117_M1c20__R7r
1530  118_M2c21__R7r
1531  119_M3c22__R7r
1532  120_M1c20__R8r
1533  121_M2c21__R8r
1534  122_M3c22__R8r
1535  123_M1c20__R9r
1536  124_M2c21__R9r
1537  125_M3c22__R9r
1538  126_M1c20__R10r
1539  127_M2c21__R10r
1540  128_M3c22__R10r
1541  129_M1c20__R11r
1542  130_M2c21__R11r
1543  131_M3c22__R11r
1544  132_M1c20__R12r
1545  133_M2c21__R12r
1546  134_M3c22__R12r
1547  135_M1c20__R13r
1548  136_M2c21__R13r
1549  137_M3c22__R13r
1550  138_M1c20__R14r
1551  139_M2c21__R14r
1552  140_M3c22__R14r
1553  141_M1c20__R15r
1554  142_M2c21__R15r
1555  143_M3c22__R15r
1556  144_M1c20__R16r
1557  145_M2c21__R16r
1558  146_M3c22__R16r
1559  147_M1c20__R17r
1560  148_M2c21__R17r
1561  149_M3c22__R17r
1562  150_M1c20_L_pvst
1563  151_M2c21_W_pvst
1564  152_M3c22_A_pvst
1565  153_ww_r_01KOR
1566  154_ww_r_02CHN
1567  155_ww_r_03JPN
1568  156_ww_r_04RUS
1569  157_ww_r_05MNG
1570  158_ww_r_06PRK
1571  159_ww_r_07NAM
1572  160_ww_r_08LAM
1573  161_ww_r_09WEU
1574  162_ww_r_10EEU
1575  163_ww_r_11FSU
1576  164_ww_r_12MEA
1577  165_ww_r_13AFR
1578  166_ww_r_14CPA
1579  167_ww_r_15SAS
1580  168_ww_r_16PAS
1581  169_ww_r_17PAO
1582  170_PRIV
1583  171_PRODTAX
1584  172_DIRTAX
1585  173_GOVT
1586  174_CGDS
1587  *175_TOT
1588  /
1589   
1590  A1(A)
1591  /
1592  1_a_AGRICULT
1593  2_a_COAL
1594  3_a_OIL
1595  4_a_GAS
1596  5_a_MINING
1597  6_a_FOODPRO
1598  7_a_TEXTILES
1599  8_a_WOODPRO
1600  9_a_PAPERPRO
1601  10_a_PETROLCOAL
1602  11_a_CHEMICAL
1603  12_a_NONMET
1604  13_a_IRONSTL
1605  14_a_NONFERR
1606  15_a_MACHINE
1607  16_a_TRANSEQ
1608  17_a_OTHERIND
1609  18_a_TnD
1610  19_a_eNuclear
1611  20_a_eCoal
1612  21_a_eGas
1613  22_a_eOil
1614  23_a_eWind
1615  24_a_eSolar
1616  25_a_eHydro
1617  26_a_eOther
1618  27_a_CONSTRUC
1619  28_a_LTRP
1620  29_a_WTRP
1621  30_a_ATRP
1622  31_a_SER
1623  /
1624   
1625  C1(A)
1626  /
1627  32_c_AGRICULT
1628  33_c_COAL
1629  34_c_OIL
1630  35_c_GAS
1631  36_c_MINING
1632  37_c_FOODPRO
1633  38_c_TEXTILES
1634  39_c_WOODPRO
1635  40_c_PAPERPRO
1636  41_c_PETROLCOAL
1637  42_c_CHEMICAL
1638  43_c_NONMET
1639  44_c_IRONSTL
1640  45_c_NONFERR
1641  46_c_MACHINE
1642  47_c_TRANSEQ
1643  48_c_OTHERIND
1644  49_c_ELEC
1645  50_c_CONSTRUC
1646  51_c_LTRP
1647  52_c_WTRP
1648  53_c_ATRP
1649  54_c_SER
1650  /
1651   
1652  L1(A)
1653  /
1654  56_UnSkLab
1655  57_SkLab
1656  /
1657   
1658  K1(A)
1659  /
1660  55_Land
1661  58_Capital
1662  59_NatRes
1663  /
1664   
1665  ITAX1(A)
1666  /
1667  60_tmm_r_01KOR
1668  61_tmm_r_02CHN
1669  62_tmm_r_03JPN
1670  63_tmm_r_04RUS
1671  64_tmm_r_05MNG
1672  65_tmm_r_06PRK
1673  66_tmm_r_07NAM
1674  67_tmm_r_08LAM
1675  68_tmm_r_09WEU
1676  69_tmm_r_10EEU
1677  70_tmm_r_11FSU
1678  71_tmm_r_12MEA
1679  72_tmm_r_13AFR
1680  73_tmm_r_14CPA
1681  74_tmm_r_15SAS
1682  75_tmm_r_16PAS
1683  76_tmm_r_17PAO
1684  /
1685   
1686  ETAX1(A)
1687  /
1688  77_tee_r_01KOR
1689  78_tee_r_02CHN
1690  79_tee_r_03JPN
1691  80_tee_r_04RUS
1692  81_tee_r_05MNG
1693  82_tee_r_06PRK
1694  83_tee_r_07NAM
1695  84_tee_r_08LAM
1696  85_tee_r_09WEU
1697  86_tee_r_10EEU
1698  87_tee_r_11FSU
1699  88_tee_r_12MEA
1700  89_tee_r_13AFR
1701  90_tee_r_14CPA
1702  91_tee_r_15SAS
1703  92_tee_r_16PAS
1704  93_tee_r_17PAO
1705  /
1706   
1707  tf1(A)
1708  /
1709  95_tf_UnSkLab
1710  96_tf_SkLab
1711  /
1712   
1713  tf2(A)
1714  /
1715  94_tf_Land
1716  97_tf_Capital
1717  98_tf_NatRes
1718  /
1719   
1720  MAR1(A)
1721  /
1722  99_M1c20__R1r
1723  102_M1c20__R2r
1724  105_M1c20__R3r
1725  108_M1c20__R4r
1726  111_M1c20__R5r
1727  114_M1c20__R6r
1728  117_M1c20__R7r
1729  120_M1c20__R8r
1730  123_M1c20__R9r
1731  126_M1c20__R10r
1732  129_M1c20__R11r
1733  132_M1c20__R12r
1734  135_M1c20__R13r
1735  138_M1c20__R14r
1736  141_M1c20__R15r
1737  144_M1c20__R16r
1738  147_M1c20__R17r
1739  /
1740   
1741  MAR2(A)
1742  /
1743  100_M2c21__R1r
1744  103_M2c21__R2r
1745  106_M2c21__R3r
1746  109_M2c21__R4r
1747  112_M2c21__R5r
1748  115_M2c21__R6r
1749  118_M2c21__R7r
1750  121_M2c21__R8r
1751  124_M2c21__R9r
1752  127_M2c21__R10r
1753  130_M2c21__R11r
1754  133_M2c21__R12r
1755  136_M2c21__R13r
1756  139_M2c21__R14r
1757  142_M2c21__R15r
1758  145_M2c21__R16r
1759  148_M2c21__R17r
1760  /
1761   
1762  MAR3(A)
1763  /
1764  101_M3c22__R1r
1765  104_M3c22__R2r
1766  107_M3c22__R3r
1767  110_M3c22__R4r
1768  113_M3c22__R5r
1769  116_M3c22__R6r
1770  119_M3c22__R7r
1771  122_M3c22__R8r
1772  125_M3c22__R9r
1773  128_M3c22__R10r
1774  131_M3c22__R11r
1775  134_M3c22__R12r
1776  137_M3c22__R13r
1777  140_M3c22__R14r
1778  143_M3c22__R15r
1779  146_M3c22__R16r
1780  149_M3c22__R17r
1781  /
1782   
1783  MART1(A)
1784  /
1785  150_M1c20_L_pvst
1786  151_M2c21_W_pvst
1787  152_M3c22_A_pvst
1788  /
1789   
1790  WORLD1(A)
1791  /
1792  153_ww_r_01KOR
1793  154_ww_r_02CHN
1794  155_ww_r_03JPN
1795  156_ww_r_04RUS
1796  157_ww_r_05MNG
1797  158_ww_r_06PRK
1798  159_ww_r_07NAM
1799  160_ww_r_08LAM
1800  161_ww_r_09WEU
1801  162_ww_r_10EEU
1802  163_ww_r_11FSU
1803  164_ww_r_12MEA
1804  165_ww_r_13AFR
1805  166_ww_r_14CPA
1806  167_ww_r_15SAS
1807  168_ww_r_16PAS
1808  169_ww_r_17PAO
1809  /
1810   
1811  PRI1(A)
1812  /
1813  170_PRIV
1814  /
1815   
1816  PTX1(A)
1817  /
1818  171_PRODTAX
1819  /
1820   
1821  DTX1(A)
1822  /
1823  172_DIRTAX
1824  /
1825   
1826  GOV1(A)
1827  /
1828  173_GOVT
1829  /
1830   
1831  INV1(A)
1832  /
1833  174_CGDS
1834  /
1835   
1836  sam_sce1(A1,j) Mapping of sectors
1837  /
1838  1_a_AGRICULT.       01_AGRICULT
1839  2_a_COAL.           02_COAL
1840  3_a_OIL.            03_OIL
1841  4_a_GAS.            04_GAS
1842  5_a_MINING.         05_MINING
1843  6_a_FOODPRO.        06_FOODPRO
1844  7_a_TEXTILES.       07_TEXTILES
1845  8_a_WOODPRO.        08_WOODPRO
1846  9_a_PAPERPRO.       09_PAPERPRO
1847  10_a_PETROLCOAL.    10_PETROLCOAL
1848  11_a_CHEMICAL.      11_CHEMICAL
1849  12_a_NONMET.        12_NONMET
1850  13_a_IRONSTL.       13_IRONSTL
1851  14_a_NONFERR.       14_NONFERR
1852  15_a_MACHINE.       15_MACHINE
1853  16_a_TRANSEQ.       16_TRANSEQ
1854  17_a_OTHERIND.      17_OTHERIND
1855  18_a_TnD.           18_TnD
1856  19_a_eNuclear.      19_eNuclear
1857  20_a_eCoal.         20_eCoal
1858  21_a_eGas.          21_eGas
1859  22_a_eOil.          22_eOil
1860  23_a_eWind.         23_eWind
1861  24_a_eSolar.        24_eSolar
1862  25_a_eHydro.        25_eHydro
1863  26_a_eOther.        26_eOther
1864  27_a_CONSTRUC.      27_CONSTRUC
1865  28_a_LTRP.          28_LTRP
1866  29_a_WTRP.          29_WTRP
1867  30_a_ATRP.          30_ATRP
1868  31_a_SER.           31_SER
1869  /
1870   
1871  sam_sce2(C1,i) Mapping of sectors
1872  /
1873  32_c_AGRICULT.        01_AGRICULT
1874  33_c_COAL.            02_COAL
1875  34_c_OIL.             03_OIL
1876  35_c_GAS.             04_GAS
1877  36_c_MINING.          05_MINING
1878  37_c_FOODPRO.         06_FOODPRO
1879  38_c_TEXTILES.        07_TEXTILES
1880  39_c_WOODPRO.         08_WOODPRO
1881  40_c_PAPERPRO.        09_PAPERPRO
1882  41_c_PETROLCOAL.      10_PETROLCOAL
1883  42_c_CHEMICAL.        11_CHEMICAL
1884  43_c_NONMET.          12_NONMET
1885  44_c_IRONSTL.         13_IRONSTL
1886  45_c_NONFERR.         14_NONFERR
1887  46_c_MACHINE.         15_MACHINE
1888  47_c_TRANSEQ.         16_TRANSEQ
1889  48_c_OTHERIND.        17_OTHERIND
1890  49_c_ELEC.            18_ELEC
1891  50_c_CONSTRUC.        19_CONSTRUC
1892  51_c_LTRP.            20_LTRP
1893  52_c_WTRP.            21_WTRP
1894  53_c_ATRP.            22_ATRP
1895  54_c_SER.             23_SER
1896  /
1897   
1898  sam_sce3(L1,f) Mapping of sectors
1899  /
1900  56_UnSkLab.     ulab
1901  57_SkLab.       slab
1902  /
1903   
1904  sam_sce4(K1,f) Mapping of sectors
1905  /
1906  55_Land.        land
1907  58_Capital.     cap
1908  59_NatRes.      natr
1909  /
1910   
1911  sam_sce5(ITAX1,z)
1912  /
1913  60_tmm_r_01KOR. 01_KOR
1914  61_tmm_r_02CHN. 02_CHN
1915  62_tmm_r_03JPN. 03_JPN
1916  63_tmm_r_04RUS. 04_RUS
1917  64_tmm_r_05MNG. 05_MNG
1918  65_tmm_r_06PRK. 06_PRK
1919  66_tmm_r_07NAM. 07_NAM
1920  67_tmm_r_08LAM. 08_LAM
1921  68_tmm_r_09WEU. 09_WEU
1922  69_tmm_r_10EEU. 10_EEU
1923  70_tmm_r_11FSU. 11_FSU
1924  71_tmm_r_12MEA. 12_MEA
1925  72_tmm_r_13AFR. 13_AFR
1926  73_tmm_r_14CPA. 14_CPA
1927  74_tmm_r_15SAS. 15_SAS
1928  75_tmm_r_16PAS. 16_PAS
1929  76_tmm_r_17PAO. 17_PAO
1930  /
1931   
1932  sam_sce6(ETAX1,z)
1933  /
1934  77_tee_r_01KOR. 01_KOR
1935  78_tee_r_02CHN. 02_CHN
1936  79_tee_r_03JPN. 03_JPN
1937  80_tee_r_04RUS. 04_RUS
1938  81_tee_r_05MNG. 05_MNG
1939  82_tee_r_06PRK. 06_PRK
1940  83_tee_r_07NAM. 07_NAM
1941  84_tee_r_08LAM. 08_LAM
1942  85_tee_r_09WEU. 09_WEU
1943  86_tee_r_10EEU. 10_EEU
1944  87_tee_r_11FSU. 11_FSU
1945  88_tee_r_12MEA. 12_MEA
1946  89_tee_r_13AFR. 13_AFR
1947  90_tee_r_14CPA. 14_CPA
1948  91_tee_r_15SAS. 15_SAS
1949  92_tee_r_16PAS. 16_PAS
1950  93_tee_r_17PAO. 17_PAO
1951  /
1952   
1953  sam_sce7(tf1,f) Mapping of sectors
1954  /
1955  95_tf_UnSkLab.     ulab
1956  96_tf_SkLab.       slab
1957  /
1958   
1959  sam_sce8(tf2,f) Mapping of sectors
1960  /
1961  94_tf_Land.        land
1962  97_tf_Capital.     cap
1963  98_tf_NatRes.      natr
1964  /
1965   
1966  sam_sce9(MAR1,zj) Mapping of sectors
1967  /
1968  99_M1c20__R1r.   01_KOR
1969  102_M1c20__R2r.   02_CHN
1970  105_M1c20__R3r.   03_JPN
1971  108_M1c20__R4r.  04_RUS
1972  111_M1c20__R5r.  05_MNG
1973  114_M1c20__R6r.  06_PRK
1974  117_M1c20__R7r.  07_NAM
1975  120_M1c20__R8r.  08_LAM
1976  123_M1c20__R9r.  09_WEU
1977  126_M1c20__R10r. 10_EEU
1978  129_M1c20__R11r. 11_FSU
1979  132_M1c20__R12r. 12_MEA
1980  135_M1c20__R13r. 13_AFR
1981  138_M1c20__R14r. 14_CPA
1982  141_M1c20__R15r. 15_SAS
1983  144_M1c20__R16r. 16_PAS
1984  147_M1c20__R17r. 17_PAO
1985  /
1986   
1987  sam_sce10(MAR2,zj) Mapping of sectors
1988  /
1989  100_M2c21__R1r. 01_KOR
1990  103_M2c21__R2r. 02_CHN
1991  106_M2c21__R3r. 03_JPN
1992  109_M2c21__R4r. 04_RUS
1993  112_M2c21__R5r. 05_MNG
1994  115_M2c21__R6r. 06_PRK
1995  118_M2c21__R7r. 07_NAM
1996  121_M2c21__R8r. 08_LAM
1997  124_M2c21__R9r. 09_WEU
1998  127_M2c21__R10r. 10_EEU
1999  130_M2c21__R11r. 11_FSU
2000  133_M2c21__R12r. 12_MEA
2001  136_M2c21__R13r. 13_AFR
2002  139_M2c21__R14r. 14_CPA
2003  142_M2c21__R15r. 15_SAS
2004  145_M2c21__R16r. 16_PAS
2005  148_M2c21__R17r. 17_PAO
2006  /
2007   
2008  sam_sce11(MAR3,zj) Mapping of sectors
2009  /
2010  101_M3c22__R1r. 01_KOR
2011  104_M3c22__R2r. 02_CHN
2012  107_M3c22__R3r. 03_JPN
2013  110_M3c22__R4r. 04_RUS
2014  113_M3c22__R5r. 05_MNG
2015  116_M3c22__R6r. 06_PRK
2016  119_M3c22__R7r. 07_NAM
2017  122_M3c22__R8r. 08_LAM
2018  125_M3c22__R9r. 09_WEU
2019  128_M3c22__R10r. 10_EEU
2020  131_M3c22__R11r. 11_FSU
2021  134_M3c22__R12r. 12_MEA
2022  137_M3c22__R13r. 13_AFR
2023  140_M3c22__R14r. 14_CPA
2024  143_M3c22__R15r. 15_SAS
2025  146_M3c22__R16r. 16_PAS
2026  149_M3c22__R17r. 17_PAO
2027  /
2028   
2029  sam_sce12(WORLD1, z) Mapping of sectors
2030  /
2031  153_ww_r_01KOR. 01_KOR
2032  154_ww_r_02CHN. 02_CHN
2033  155_ww_r_03JPN. 03_JPN
2034  156_ww_r_04RUS. 04_RUS
2035  157_ww_r_05MNG. 05_MNG
2036  158_ww_r_06PRK. 06_PRK
2037  159_ww_r_07NAM. 07_NAM
2038  160_ww_r_08LAM. 08_LAM
2039  161_ww_r_09WEU. 09_WEU
2040  162_ww_r_10EEU. 10_EEU
2041  163_ww_r_11FSU. 11_FSU
2042  164_ww_r_12MEA. 12_MEA
2043  165_ww_r_13AFR. 13_AFR
2044  166_ww_r_14CPA. 14_CPA
2045  167_ww_r_15SAS. 15_SAS
2046  168_ww_r_16PAS. 16_PAS
2047  169_ww_r_17PAO. 17_PAO
2048  /
2049   
2050  INT(A) All accounts except total;
2051   
2052  ALIAS(A,B);
2053  ALIAS(A1,A11);
2054  ALIAS(C1,C11);
2055  ALIAS(INT,JNT);
2056   
2057   
2058  *============ 2.Initial matrix ===========================================
2059  Table SAM0(A,B,z) initial matrix ;
2060  Table SAM0_01_KOR(A,B) initial matrix ;
2061  Table SAM0_02_CHN(A,B) initial matrix ;
2062  Table SAM0_03_JPN(A,B) initial matrix ;
2063  Table SAM0_04_RUS(A,B) initial matrix ;
2064  Table SAM0_05_MNG(A,B) initial matrix ;
2065  Table SAM0_06_PRK(A,B) initial matrix ;
2066  Table SAM0_07_NAM(A,B) initial matrix ;
2067  Table SAM0_08_LAM(A,B) initial matrix ;
2068  Table SAM0_09_WEU(A,B) initial matrix ;
2069  Table SAM0_10_EEU(A,B) initial matrix ;
2070  Table SAM0_11_FSU(A,B) initial matrix ;
2071  Table SAM0_12_MEA(A,B) initial matrix ;
2072  Table SAM0_13_AFR(A,B) initial matrix ;
2073  Table SAM0_14_CPA(A,B) initial matrix ;
2074  Table SAM0_15_SAS(A,B) initial matrix ;
2075  Table SAM0_16_PAS(A,B) initial matrix ;
2076  Table SAM0_17_PAO(A,B) initial matrix ;
2077   
2078  Scalar Tiny "tiny" /0.0000000000000000000000000000000000000001/;
2079  SAM0(INT,JNT,z) = Tiny;
2080   
2081  *Acitivities
2082  SAM0(C1,A1,Z)  = SUM[(i,j)$[sam_sce2(C1,i)$sam_sce1(A1,j)], DIO(i,j,Z)];
2083  SAM0(L1,A1,Z)  = SUM[(l,j)$[sam_sce3(L1,l)$sam_sce1(A1,j)], LDO(l,j,Z)];
2084  SAM0(K1,A1,Z)  = SUM[(k,j)$[sam_sce4(K1,k)$sam_sce1(A1,j)], RKDO(k,j,Z)];
2085  SAM0(tf1,A1,Z)  = SUM[(l,j)$[sam_sce7(tf1,l)$sam_sce1(A1,j)], TIWO(l,j,Z)];
2086  SAM0(tf2,A1,Z)  = SUM[(k,j)$[sam_sce8(tf2,k)$sam_sce1(A1,j)], TIKO(k,j,Z)];
2087  SAM0(PTX1,A1,Z) = SUM[(j)$[sam_sce1(A1,j)], TIPO(j,Z)];
2088   
2089  *Commodities
2090  SAM0(A1,C1,Z)  = SUM[(i,j)$[sam_sce1(A1,i)$sam_sce2(C1,j)], XSO_Matrix(i,j,Z)];
****                                           $171           $171         $140
**** LINE    861 INCLUDE     C:\Users\kimc0\GUIDE_GLOBAL_CGE\4.SAM\DATA_SamBal-2025.gms
**** LINE   1229 INPUT       C:\Users\kimc0\GUIDE_GLOBAL_CGE\4.SAM\DATA_GTAP11c.gms
**** 140  Unknown symbol
**** 171  Domain violation for set
2091  SAM0(ITAX1,C1,Z) = SUM[(i,zj)$[sam_sce5(ITAX1,zj)$sam_sce2(C1,i)], TIMO(i,zj,Z)];
2092  SAM0(ETAX1,C1,Z) = SUM[(i,zj)$[sam_sce6(ETAX1,zj)$sam_sce2(C1,i)], TIXO(i,Z,zj)];
2093  SAM0(MAR1,C1,Z) = SUM[(ij,zj)$[sam_sce9(MAR1,zj)$sam_sce2(C1,ij)],tmrg('20_LTRP',ij,zj,Z)];
2094  SAM0(MAR2,C1,Z) = SUM[(ij,zj)$[sam_sce10(MAR2,zj)$sam_sce2(C1,ij)],tmrg('21_WTRP',ij,zj,Z)];
2095  SAM0(MAR3,C1,Z) = SUM[(ij,zj)$[sam_sce11(MAR3,zj)$sam_sce2(C1,ij)],tmrg('22_ATRP',ij,zj,Z)];
2096  SAM0(WORLD1,C1,Z)= SUM[(i,zj)$[sam_sce12(WORLD1,zj)$sam_sce2(C1,i)], IMO(i,zj,Z)];
2097  SAM0(PTX1,C1,Z) = SUM[(i)$[sam_sce2(C1,i)], TICO(i,Z)];
2098   
2099  *Factors
2100  SAM0(PRI1,L1,Z)  = sum{(l)$[sam_sce3(L1,l)],LDO_J(l,Z)};
2101  SAM0(PRI1,K1,Z)  = sum{(k)$[sam_sce4(K1,k)],RKDO_J(k,Z)};
2102  SAM0(DTX1,L1,Z)  = sum{(l)$[sam_sce3(L1,l)],DTAX(l,Z)};
2103  SAM0(DTX1,K1,Z)  = sum{(k)$[sam_sce4(K1,k)],DTAX(k,Z)};
2104   
2105  *Import tariffs
2106  SAM0(PTX1,ITAX1,Z) = SUM[(zj)$[sam_sce5(ITAX1,zj)], sum(i,TIMO(i,zj,Z))];
2107   
2108  *Export taxes
2109  SAM0(PTX1,ETAX1,Z) = SUM[(zj)$[sam_sce6(ETAX1,zj)], sum(i,TIXO(i,Z,zj))];
2110   
2111  *Factor taxes
2112  SAM0(PTX1,tf1,Z)  = sum{(l)$[sam_sce7(tf1,l)],sum(j,TIWO(l,j,Z))};
2113  SAM0(PTX1,tf2,Z)  = sum{(k)$[sam_sce8(tf2,k)],sum(j,TIKO(k,j,Z))};
2114   
2115  *Transaction cost
2116  SAM0('142_M1c20_L_pvst',MAR1,Z) = SUM[(zj)$[sam_sce9(MAR1,zj)],sum(ij,tmrg('20_LTRP',ij,zj,Z))];
****                        $170
**** LINE    887 INCLUDE     C:\Users\kimc0\GUIDE_GLOBAL_CGE\4.SAM\DATA_SamBal-2025.gms
**** LINE   1229 INPUT       C:\Users\kimc0\GUIDE_GLOBAL_CGE\4.SAM\DATA_GTAP11c.gms
**** 170  Domain violation for element
2117  SAM0('143_M2c21_W_pvst',MAR2,Z) = SUM[(zj)$[sam_sce10(MAR2,zj)],sum(ij,tmrg('21_WTRP',ij,zj,Z))];
****                        $170
**** LINE    888 INCLUDE     C:\Users\kimc0\GUIDE_GLOBAL_CGE\4.SAM\DATA_SamBal-2025.gms
**** LINE   1229 INPUT       C:\Users\kimc0\GUIDE_GLOBAL_CGE\4.SAM\DATA_GTAP11c.gms
**** 170  Domain violation for element
2118  SAM0('144_M3c22_A_pvst',MAR3,Z) = SUM[(zj)$[sam_sce11(MAR3,zj)],sum(ij,tmrg('22_ATRP',ij,zj,Z))];
****                        $170
**** LINE    889 INCLUDE     C:\Users\kimc0\GUIDE_GLOBAL_CGE\4.SAM\DATA_SamBal-2025.gms
**** LINE   1229 INPUT       C:\Users\kimc0\GUIDE_GLOBAL_CGE\4.SAM\DATA_GTAP11c.gms
**** 170  Domain violation for element
2119   
2120  SAM0('43_c_LTRP','142_M1c20_L_pvst',Z)= MRGNO('20_LTRP',Z);
****                 $170               $170
**** LINE    891 INCLUDE     C:\Users\kimc0\GUIDE_GLOBAL_CGE\4.SAM\DATA_SamBal-2025.gms
**** LINE   1229 INPUT       C:\Users\kimc0\GUIDE_GLOBAL_CGE\4.SAM\DATA_GTAP11c.gms
**** 170  Domain violation for element
2121  SAM0('44_c_WTRP','143_M2c21_W_pvst',Z)= MRGNO('21_WTRP',Z);
****                 $170               $170
**** LINE    892 INCLUDE     C:\Users\kimc0\GUIDE_GLOBAL_CGE\4.SAM\DATA_SamBal-2025.gms
**** LINE   1229 INPUT       C:\Users\kimc0\GUIDE_GLOBAL_CGE\4.SAM\DATA_GTAP11c.gms
**** 170  Domain violation for element
2122  SAM0('45_c_ATRP','144_M3c22_A_pvst',Z)= MRGNO('22_ATRP',Z);
****                 $170               $170
**** LINE    893 INCLUDE     C:\Users\kimc0\GUIDE_GLOBAL_CGE\4.SAM\DATA_SamBal-2025.gms
**** LINE   1229 INPUT       C:\Users\kimc0\GUIDE_GLOBAL_CGE\4.SAM\DATA_GTAP11c.gms
**** 170  Domain violation for element
2123   
2124  SAM0(INV1,'142_M1c20_L_pvst',Z) = sum(B,SAM0('142_M1c20_L_pvst',B,Z))-SAM0('43_c_LTRP','142_M1c20_L_pvst',Z);
****                             $170                               $170                   $170               $170
**** LINE    895 INCLUDE     C:\Users\kimc0\GUIDE_GLOBAL_CGE\4.SAM\DATA_SamBal-2025.gms
**** LINE   1229 INPUT       C:\Users\kimc0\GUIDE_GLOBAL_CGE\4.SAM\DATA_GTAP11c.gms
**** 170  Domain violation for element
2125  SAM0(INV1,'143_M2c21_W_pvst',Z) = sum(B,SAM0('143_M2c21_W_pvst',B,Z))-SAM0('44_c_WTRP','143_M2c21_W_pvst',Z);
****                             $170                               $170                   $170               $170
**** LINE    896 INCLUDE     C:\Users\kimc0\GUIDE_GLOBAL_CGE\4.SAM\DATA_SamBal-2025.gms
**** LINE   1229 INPUT       C:\Users\kimc0\GUIDE_GLOBAL_CGE\4.SAM\DATA_GTAP11c.gms
**** 170  Domain violation for element
2126  SAM0(INV1,'144_M3c22_A_pvst',Z) = sum(B,SAM0('144_M3c22_A_pvst',B,Z))-SAM0('45_c_ATRP','144_M3c22_A_pvst',Z);
****                             $170                               $170                   $170               $170
**** LINE    897 INCLUDE     C:\Users\kimc0\GUIDE_GLOBAL_CGE\4.SAM\DATA_SamBal-2025.gms
**** LINE   1229 INPUT       C:\Users\kimc0\GUIDE_GLOBAL_CGE\4.SAM\DATA_GTAP11c.gms
**** 170  Domain violation for element
2127   
2128  *Import&Export
2129  SAM0(C1,WORLD1,Z)= SUM[(i,zj)$[sam_sce12(WORLD1,zj)$sam_sce2(C1,i)],EXO(i,Z,zj)];
2130   
2131  *Balance of Trade
2132  SAM0(INV1,WORLD1,Z)= SUM(B,SAM0(WORLD1,B,Z))-SUM(C1,SAM0(C1,WORLD1,Z));
2133   
2134  *Household
2135  SAM0(C1,PRI1,Z)= SUM[(i)$[sam_sce2(C1,I)], CO(i,Z)];
2136  SAM0(INV1,PRI1,Z)= SUM(B,SAM0(PRI1,B,Z))- SUM(C1,SAM0(C1,PRI1,Z));
2137   
2138  *Indirect tax
2139  SAM0(GOV1,PTX1,Z)= SUM(B,SAM0(PTX1,B,Z));
2140   
2141  *Direct tax
2142  SAM0(GOV1,DTX1,Z)= SUM(B,SAM0(DTX1,B,Z));
2143   
2144  *Government
2145  SAM0(C1,GOV1,Z)= SUM[(i)$[sam_sce2(C1,I)], CGO(i,Z)];
2146   
2147  *Saving-Investment
2148  SAM0(C1,INV1,Z)= SUM[(i)$[sam_sce2(C1,I)], INVO(i,Z)];
2149  SAM0(INV1,GOV1,Z)= SUM(C1, SAM0(C1,INV1,Z))-SUM(B,SAM0(INV1,B,Z));
2150   
2151  *Total
2152  SAM0('167_TOT',B,Z)= SUM(A,SAM0(A,B,Z));
****               $170
**** LINE    923 INCLUDE     C:\Users\kimc0\GUIDE_GLOBAL_CGE\4.SAM\DATA_SamBal-2025.gms
**** LINE   1229 INPUT       C:\Users\kimc0\GUIDE_GLOBAL_CGE\4.SAM\DATA_GTAP11c.gms
**** 170  Domain violation for element
2153  SAM0(A,'167_TOT',Z)= SUM(B,SAM0(A,B,Z));
****                 $170
**** LINE    924 INCLUDE     C:\Users\kimc0\GUIDE_GLOBAL_CGE\4.SAM\DATA_SamBal-2025.gms
**** LINE   1229 INPUT       C:\Users\kimc0\GUIDE_GLOBAL_CGE\4.SAM\DATA_GTAP11c.gms
**** 170  Domain violation for element
2154   
2155  *Scaling
2156  SAM0_01_KOR(A,B) = SAM0(A,B,'01_KOR');
2157  SAM0_02_CHN(A,B) = SAM0(A,B,'02_CHN');
2158  SAM0_03_JPN(A,B) = SAM0(A,B,'03_JPN');
2159  SAM0_04_RUS(A,B) = SAM0(A,B,'04_RUS');
2160  SAM0_05_MNG(A,B) = SAM0(A,B,'05_MNG');
2161  SAM0_06_PRK(A,B) = SAM0(A,B,'06_PRK');
2162  SAM0_07_NAM(A,B) = SAM0(A,B,'07_NAM');
2163  SAM0_08_LAM(A,B) = SAM0(A,B,'08_LAM');
2164  SAM0_09_WEU(A,B) = SAM0(A,B,'09_WEU');
2165  SAM0_10_EEU(A,B) = SAM0(A,B,'10_EEU');
2166  SAM0_11_FSU(A,B) = SAM0(A,B,'11_FSU');
2167  SAM0_12_MEA(A,B) = SAM0(A,B,'12_MEA');
2168  SAM0_13_AFR(A,B) = SAM0(A,B,'13_AFR');
2169  SAM0_14_CPA(A,B) = SAM0(A,B,'14_CPA');
2170  SAM0_15_SAS(A,B) = SAM0(A,B,'15_SAS');
2171  SAM0_16_PAS(A,B) = SAM0(A,B,'16_PAS');
2172  SAM0_17_PAO(A,B) = SAM0(A,B,'17_PAO');
2173   
2174  execute_unload "SAM19",
2175  SAM0,
2176  SAM0_01_KOR,
2177  SAM0_02_CHN,
2178  SAM0_03_JPN,
2179  SAM0_04_RUS,
2180  SAM0_05_MNG,
2181  SAM0_06_PRK,
2182  SAM0_07_NAM,
2183  SAM0_08_LAM,
2184  SAM0_09_WEU,
2185  SAM0_10_EEU,
2186  SAM0_11_FSU,
2187  SAM0_12_MEA,
2188  SAM0_13_AFR,
2189  SAM0_14_CPA,
2190  SAM0_15_SAS,
2191  SAM0_16_PAS,
2192  SAM0_17_PAO
2193  ;
EXIT C:\Users\kimc0\GUIDE_GLOBAL_CGE\4.SAM\DATA_SamBal-2025.gms

**** 26 ERROR(S)   0 WARNING(S)
GAMS 45.7.0  64fbf3ce Jan 18, 2024          WEX-WEI x86 64bit/MS Windows - 06/27/25 13:01:49 Page 2
G e n e r a l   A l g e b r a i c   M o d e l i n g   S y s t e m
Include File Summary


   SEQ   GLOBAL TYPE      PARENT   LOCAL  FILENAME

     1        1 INPUT          0       0  C:\Users\kimc0\GUIDE_GLOBAL_CGE\4.SAM\DATA_GTAP11c.gms
     2       33 CALL           1      33  PCharToStr Overflow
     3       34 CALL           1      34  PCharToStr Overflow
     4      318 GDXIN          1     318  C:\Users\kimc0\GUIDE_GLOBAL_CGE\4.SAM\Input_w-t\GTAP11c_basedata2019.gdx
     5     1019 GDXIN          1    1019  C:\Users\kimc0\GUIDE_GLOBAL_CGE\4.SAM\Input_w-t\GTAP11c_Parameters2019.gdx
     6     1171 CALL           1    1171  PCharToStr Overflow
     7     1172 GDXIN          1    1172  C:\Users\kimc0\GUIDE_GLOBAL_CGE\4.SAM\Input_w-t\Projection.gdx
     8     1175 CALL           1    1175  PCharToStr Overflow
     9     1176 GDXIN          1    1176  C:\Users\kimc0\GUIDE_GLOBAL_CGE\4.SAM\Input_w-t\Employment.gdx
    10     1229 INCLUDE        1    1229  .C:\Users\kimc0\GUIDE_GLOBAL_CGE\4.SAM\DATA_SamBal-2025.gms
    11     2194 EXIT          10     965  .C:\Users\kimc0\GUIDE_GLOBAL_CGE\4.SAM\DATA_SamBal-2025.gms


COMPILATION TIME     =        3.438 SECONDS     21 MB  45.7.0 64fbf3ce WEX-WEI


USER: Medium MUD - 10 User License                   S220825|0002AO-WIN
      Konkuk University, Dept of Technology Fusion Engineering  DC16297
      License for teaching and research at degree granting institutions


**** FILE SUMMARY

Input      C:\Users\kimc0\GUIDE_GLOBAL_CGE\4.SAM\DATA_GTAP11c.gms
Output     C:\Users\kimc0\GUIDE_GLOBAL_CGE\4.SAM\DATA_GTAP11c.lst

**** USER ERROR(S) ENCOUNTERED
