
--- Job Model_PEP-w-1_v4.0_GTAP11_240403.gms Start 04/03/24 16:55:52 42.5.0 cf11b917 WEX-WEI x86 64bit/MS Windows
--- Applying:
    C:\GAMS\42\gmsprmNT.txt
    C:\Users\kimc0\Documents\GAMS\gamsconfig.yaml
--- GAMS Parameters defined
    Input C:\Users\kimc0\GUIDE_GLOBAL_CGE\1.Static_CGE\Model_PEP-w-1_v4.0_GTAP11_240403.gms
    PageSize 0
    ScrDir C:\Users\kimc0\GUIDE_GLOBAL_CGE\1.Static_CGE\225a\
    SysDir C:\GAMS\42\
    LogOption 3
    ErrMsg 1
    ErrorLog 99
    IDE 1
    LstTitleLeftAligned 1
Licensee: Medium MUD - 10 User License                   S220825|0002AO-WIN
          Konkuk University, Dept of Technology Fusion Engineering  DC16297
          C:\Users\kimc0\Documents\GAMS\gamslice.txt
          License Admin: MInyoung Choi, mychoi1119@naver.com               
Processor information: 1 socket(s), 6 core(s), and 12 thread(s) available
GAMS 42.5.0   Copyright (C) 1987-2023 GAMS Development. All rights reserved
--- Starting compilation
--- Model_PEP-w-1_v4.0_GTAP11_240403.gms(50) 2 Mb
--- GDXin=C:\Users\kimc0\GUIDE_GLOBAL_CGE\1.Static_CGE\Input_w-1\DATA_AGG-2019_GTAP11_240214.gdx
--- GDX File ($gdxIn) C:\Users\kimc0\GUIDE_GLOBAL_CGE\1.Static_CGE\Input_w-1\DATA_AGG-2019_GTAP11_240214.gdx
--- Model_PEP-w-1_v4.0_GTAP11_240403.gms(496) 3 Mb
--- GDXin=C:\Users\kimc0\GUIDE_GLOBAL_CGE\1.Static_CGE\Input_w-1\DATA_AGG-2019_GTAP11_240214.gdx
--- GDX File ($gdxIn) C:\Users\kimc0\GUIDE_GLOBAL_CGE\1.Static_CGE\Input_w-1\DATA_AGG-2019_GTAP11_240214.gdx
--- Model_PEP-w-1_v4.0_GTAP11_240403.gms(632) 5 Mb
--- call gdxxrw Input_w-1\JointB_VAL_230411_PAR.xls @Input_w-1\JointB_POWER_PAR.txt trace=0 output=Input_w-1\JointB_VAL_230411_PAR.gdx
--- Model_PEP-w-1_v4.0_GTAP11_240403.gms(633) 5 Mb
--- GDXin=C:\Users\kimc0\GUIDE_GLOBAL_CGE\1.Static_CGE\Input_w-1\JointB_VAL_230411_PAR.gdx
--- GDX File ($gdxIn) C:\Users\kimc0\GUIDE_GLOBAL_CGE\1.Static_CGE\Input_w-1\JointB_VAL_230411_PAR.gdx
--- Model_PEP-w-1_v4.0_GTAP11_240403.gms(1229) 5 Mb
--- . DATA_WEB-2019_240219.gms(706) 5 Mb
--- $echo File C:\Users\kimc0\GUIDE_GLOBAL_CGE\1.Static_CGE\Input_WEB\WEB19.txt
--- . DATA_WEB-2019_240219.gms(728) 5 Mb
--- call gdxxrw Input_WEB/230425_WEB19.xlsx @Input_WEB/WEB19.txt trace=0 output=Input_WEB/230425_WEB19.gdx
--- . DATA_WEB-2019_240219.gms(729) 5 Mb
--- GDXin=C:\Users\kimc0\GUIDE_GLOBAL_CGE\1.Static_CGE\Input_WEB\230425_WEB19.gdx
--- GDX File ($gdxIn) C:\Users\kimc0\GUIDE_GLOBAL_CGE\1.Static_CGE\Input_WEB\230425_WEB19.gdx
--- . DATA_WEB-2019_240219.gms(1220) 6 Mb
--- Model_PEP-w-1_v4.0_GTAP11_240403.gms(2494) 6 Mb
--- Starting execution: elapsed 0:00:03.534
--- Model_PEP-w-1_v4.0_GTAP11_240403.gms(1980) 11 Mb
--- GDX File (execute_unload) C:\Users\kimc0\GUIDE_GLOBAL_CGE\1.Static_CGE\Input_WEB\WEB_2019_230425.gdx
--- Model_PEP-w-1_v4.0_GTAP11_240403.gms(2423) 11 Mb
--- GDX File (execute_unload) C:\Users\kimc0\GUIDE_GLOBAL_CGE\1.Static_CGE\Input_WEB\DATA_WEB-2019_230418.gdx
--- Model_PEP-w-1_v4.0_GTAP11_240403.gms(2489) 11 Mb
--- GDX File (execute_unload) C:\Users\kimc0\GUIDE_GLOBAL_CGE\1.Static_CGE\DIO_wKLEM.gdx
--- Model_PEP-w-1_v4.0_GTAP11_240403.gms(2576) 12 Mb
--- GDX File (execute_unload) C:\Users\kimc0\GUIDE_GLOBAL_CGE\1.Static_CGE\CO2FACTOR_w-1_GTAP11.gdx
--- Model_PEP-w-1_v4.0_GTAP11_240403.gms(3709) 19 Mb
--- Generating CNS model PEPW1
--- Model_PEP-w-1_v4.0_GTAP11_240403.gms(3710) 57 Mb
---   87,517 rows  87,517 columns  429,536 non-zeroes
---   786,252 nl-code  259,689 nl-non-zeroes
--- Range statistics (absolute non-zero finite values)
--- RHS       [min, max] : [ 1.354E-02, 8.352E+02] - Zero values observed as well
--- Bound     [min, max] : [ 5.012E-17, 2.685E-03]
--- Matrix    [min, max] : [ 1.059E-20, 1.609E+04] - Zero values observed as well
--- Model_PEP-w-1_v4.0_GTAP11_240403.gms(3710) 51 Mb
--- Executing CONOPT (Solvelink=2): elapsed 0:00:04.563

CONOPT 3         42.5.0 cf11b917 Mar 30, 2023          WEI x86 64bit/MS Window

 
 
    C O N O P T 3   version 3.17N
    Copyright (C)   ARKI Consulting and Development A/S
                    Bagsvaerdvej 246 A
                    DK-2880 Bagsvaerd, Denmark
 
 
   Iter Phase Ninf   Infeasibility   RGmax    NSB   Step InItr MX OK
      0   0        8.0937200794E-05 (Input point)
 
 ** The iteration limit has been reached.
--- Reading solution for model PEPW1
*** Status: Normal completion
--- Job Model_PEP-w-1_v4.0_GTAP11_240403.gms Stop 04/03/24 16:55:57 elapsed 0:00:05.397
