
--- Job Model_GTAP11c_new_backstop.gms Start 04/05/26 22:01:47 45.7.0 64fbf3ce WEX-WEI x86 64bit/MS Windows
--- Applying:
    C:\GAMS\45\gmsprmNT.txt
    C:\Users\kimc0\Documents\GAMS\gamsconfig.yaml
--- GAMS Parameters defined
    Input C:\Users\kimc0\GUIDE_GLOBAL_CGE\2.GUIDE-GLOBAL-CGE_v2\Model_GTAP11c_new_backstop.gms
    PageSize 0
    ScrDir C:\Users\kimc0\GUIDE_GLOBAL_CGE\2.GUIDE-GLOBAL-CGE_v2\225a\
    SysDir C:\GAMS\45\
    LogOption 3
    ErrMsg 1
    ErrorLog 99
    IDE 1
    LstTitleLeftAligned 1
*** License file too old for this version of GAMS.
*** Maintenance expired 25 days ago.
Licensee: Medium MUD - 10 User License                   S220825|0002AO-WIN
          Konkuk University, Dept of Technology Fusion Engineering  DC16297
          C:\Users\kimc0\Documents\GAMS\gamslice.txt
          License Admin: MInyoung Choi, mychoi1119@naver.com               
          The maintenance period of the license expired on Sep 19, 2023
          Please contact GAMS or your distributor for further information
Processor information: 1 socket(s), 6 core(s), and 12 thread(s) available
GAMS 45.7.0   Copyright (C) 1987-2024 GAMS Development. All rights reserved
--- Starting compilation
--- Model_GTAP11c_new_backstop.gms(114) 3 Mb
--- GDXin=C:\Users\kimc0\GUIDE_GLOBAL_CGE\2.GUIDE-GLOBAL-CGE_v2\Input_CGE\DATA_AGG-2019_GTAP11c_Regen.gdx
--- GDX File ($gdxIn) C:\Users\kimc0\GUIDE_GLOBAL_CGE\2.GUIDE-GLOBAL-CGE_v2\Input_CGE\DATA_AGG-2019_GTAP11c_Regen.gdx
--- Model_GTAP11c_new_backstop.gms(1077) 5 Mb
--- call gdxxrw Input_CGE\PAR.xlsx @Input_CGE\PAR.txt Rdim=2 Cdim=1 output = Input_CGE\PAR.gdx

GDXXRW           45.7.0 64fbf3ce Jan 18, 2024          WEI x86 64bit/MS Window
Input file : C:\Users\kimc0\GUIDE_GLOBAL_CGE\2.GUIDE-GLOBAL-CGE_v2\Input_CGE\PAR.xlsx
Output file: C:\Users\kimc0\GUIDE_GLOBAL_CGE\2.GUIDE-GLOBAL-CGE_v2\Input_CGE\PAR.gdx
Total time = 1828 Ms
--- Model_GTAP11c_new_backstop.gms(1078) 5 Mb
--- GDXin=C:\Users\kimc0\GUIDE_GLOBAL_CGE\2.GUIDE-GLOBAL-CGE_v2\Input_CGE\PAR.gdx
--- GDX File ($gdxIn) C:\Users\kimc0\GUIDE_GLOBAL_CGE\2.GUIDE-GLOBAL-CGE_v2\Input_CGE\PAR.gdx
--- Model_GTAP11c_new_backstop.gms(2234) 6 Mb
--- . DATA_WEB_2024_new.gms(914) 6 Mb
--- $echo File C:\Users\kimc0\GUIDE_GLOBAL_CGE\2.GUIDE-GLOBAL-CGE_v2\Input_WEB\WEB19.txt
--- . DATA_WEB_2024_new.gms(936) 6 Mb
--- call gdxxrw Input_WEB/250328_WEB19.xlsx @Input_WEB/WEB19.txt trace=0 output=Input_WEB/250328_WEB19.gdx
--- . DATA_WEB_2024_new.gms(937) 6 Mb
--- GDXin=C:\Users\kimc0\GUIDE_GLOBAL_CGE\2.GUIDE-GLOBAL-CGE_v2\Input_WEB\250328_WEB19.gdx
--- GDX File ($gdxIn) C:\Users\kimc0\GUIDE_GLOBAL_CGE\2.GUIDE-GLOBAL-CGE_v2\Input_WEB\250328_WEB19.gdx
--- . DATA_WEB_2024_new.gms(1690) 6 Mb
--- Model_GTAP11c_new_backstop.gms(2235) 6 Mb
--- . DATA_CO2coef_new.gms(189) 6 Mb
--- Model_GTAP11c_new_backstop.gms(3357) 6 Mb
--- . NZ_SOLVE_GTAP11c_new.gms(58) 6 Mb
--- GDXin=C:\Users\kimc0\GUIDE_GLOBAL_CGE\2.GUIDE-GLOBAL-CGE_v2\Input_CGE\B_line_GTAP11c_new.gdx
--- GDX File ($gdxIn) C:\Users\kimc0\GUIDE_GLOBAL_CGE\2.GUIDE-GLOBAL-CGE_v2\Input_CGE\B_line_GTAP11c_new.gdx
--- . NZ_SOLVE_GTAP11c_new.gms(132) 6 Mb
--- .. INIT_new.gms(310) 6 Mb
--- . NZ_SOLVE_GTAP11c_new.gms(479) 6 Mb
--- Model_GTAP11c_new_backstop.gms(3358) 6 Mb
--- . NZ_RESULTS_GTAP11c_new.gms(708) 6 Mb
--- Model_GTAP11c_new_backstop.gms(3361) 6 Mb
--- Starting execution: elapsed 0:00:04.606
--- Model_GTAP11c_new_backstop.gms(1751) 10 Mb  4 secs
--- Model_GTAP11c_new_backstop.gms(3193) 27 Mb
--- GDX File (execute_unload) C:\Users\kimc0\GUIDE_GLOBAL_CGE\2.GUIDE-GLOBAL-CGE_v2\Input_WEB\WEB_2019.gdx
--- Model_GTAP11c_new_backstop.gms(3891) 28 Mb
--- GDX File (execute_unload) C:\Users\kimc0\GUIDE_GLOBAL_CGE\2.GUIDE-GLOBAL-CGE_v2\Input_WEB\DATA_WEB-2019_250328.gdx
--- Model_GTAP11c_new_backstop.gms(4243) 30 Mb
--- GDX File (execute_unload) C:\Users\kimc0\GUIDE_GLOBAL_CGE\2.GUIDE-GLOBAL-CGE_v2\Calibration_Check_GTAP11c.gdx
--- Model_GTAP11c_new_backstop.gms(5360) 74 Mb
--- Generating CNS model CGE
--- Model_GTAP11c_new_backstop.gms(6020) 118 Mb
--- LOOPS TIME = 2019
---   91,305 rows  91,305 columns  463,803 non-zeroes
---   830,103 nl-code  288,624 nl-non-zeroes
--- Range statistics (absolute non-zero finite values)
--- RHS       [min, max] : [ 2.220E-16, 5.315E+03] - Zero values observed as well
--- Bound     [min, max] : [ 2.000E-04, 2.000E-04]
--- Matrix    [min, max] : [ 1.091E-20, 6.495E+04] - Zero values observed as well
--- Model_GTAP11c_new_backstop.gms(6020) 112 Mb
--- Executing CONOPT4 (Solvelink=2): elapsed 0:00:10.790

CONOPT 4         45.7.0 64fbf3ce Jan 18, 2024          WEI x86 64bit/MS Window

 
 
    C O N O P T   version 4.31
    Copyright (C) ARKI Consulting and Development A/S
                  Bagsvaerdvej 246 A
                  DK-2880 Bagsvaerd, Denmark
 
 
    The user model has 91305 constraints and 91305 variables
    with 463803 Jacobian elements, 288624 of which are nonlinear.
 
    Iter Phase   Ninf   Infeasibility   RGmax      NSB   Step  InItr MX OK
       0   0          3.4800233491E-01 (Input point)
 
    The pre-triangular part of the model has 7192 constraints and variables.
    The post-triangular part of the model has 1014 constraints and variables.
 
    Preprocessed model has 83099 constraints and 83099 variables
    with 395910 Jacobian elements, 237673 of which are nonlinear.
 
    Iter Phase   Ninf   Infeasibility   RGmax      NSB   Step  InItr MX OK
                      3.4798255778E-01 (Full preprocessed model)
                      1.3658291207E-01 (After scaling)
       1   0       0  1.3230140266E-01                 6.3E-02     1 F  T
       2   0       0  1.2778401335E-01                 6.8E-02     1 F  T
       3   0       0  1.2298947059E-01                 7.5E-02     1 F  T
       4   0       0  1.1786389043E-01                 8.3E-02     1 F  T
       5   0       0  1.1233429498E-01                 9.4E-02     1 F  T
 
 ** User Interrupt.
 
--- Reading solution for model CGE
--- Executing after solve: elapsed 0:00:15.534
--- Model_GTAP11c_new_backstop.gms(5360) 112 Mb
--- Generating CNS model CGE
--- Model_GTAP11c_new_backstop.gms(6020) 133 Mb
--- LOOPS TIME = 2020
---   91,305 rows  91,305 columns  463,803 non-zeroes
---   830,103 nl-code  288,624 nl-non-zeroes
--- Range statistics (absolute non-zero finite values)
--- RHS       [min, max] : [ 2.220E-16, 5.577E+03] - Zero values observed as well
--- Bound     [min, max] : [ 9.891E-11, 4.002E-01]
--- Matrix    [min, max] : [ 1.091E-20, 6.495E+04] - Zero values observed as well
--- Model_GTAP11c_new_backstop.gms(6020) 127 Mb
--- Executing CONOPT4 (Solvelink=2): elapsed 0:00:16.567
