--- Job merge2.gms Start 04/14/26 14:45:12 45.7.0 64fbf3ce WEX-WEI x86 64bit/MS Windows
--- Applying:
    C:\GAMS\45\gmsprmNT.txt
    C:\Users\kimc0\Documents\GAMS\gamsconfig.yaml
--- GAMS Parameters defined
    Input "C:\Users\kimc0\GUIDE_GLOBAL_CGE\New folder\merge2.gms"
    PageSize 0
    ScrDir "C:\Users\kimc0\GUIDE_GLOBAL_CGE\New folder\225a\"
    SysDir C:\GAMS\45\
    LogOption 3
    ErrMsg 1
    ErrorLog 99
    IDE 1
    LstTitleLeftAligned 1
*** License file too old for this version of GAMS.
*** Maintenance expired 25 days ago.
Licensee: Medium MUD - 10 User License                   S220825|0002AO-WIN
          Konkuk University, Dept of Technology Fusion Engineering  DC16297
          C:\Users\kimc0\Documents\GAMS\gamslice.txt
          License Admin: MInyoung Choi, mychoi1119@naver.com               
          The maintenance period of the license expired on Sep 19, 2023
          Please contact GAMS or your distributor for further information
Processor information: 1 socket(s), 6 core(s), and 12 thread(s) available
GAMS 45.7.0   Copyright (C) 1987-2024 GAMS Development. All rights reserved
--- Starting compilation
--- merge2.gms(1) 2 Mb
--- Starting execution: elapsed 0:00:00.010
--- merge2.gms(1) 3 Mb
Output file: merged.gdx
"S3_Isolated_NZ.gdx," is no valid pattern for an existing input file name, skipped it as input
Reading file: S3_Isolated_NZ_2.gdx

Merge complete, 1 input files merged
*** Status: Normal completion
--- Job merge2.gms Stop 04/14/26 14:45:13 elapsed 0:00:01.322
