--- Job NEAICM_ALL_NZ_Model.gms Start 06/10/26 20:29:37 45.7.0 64fbf3ce WEX-WEI x86 64bit/MS Windows
--- Applying:
    C:\GAMS\45\gmsprmNT.txt
    C:\Users\kimc0\Documents\GAMS\gamsconfig.yaml
--- GAMS Parameters defined
    Input "C:\Users\kimc0\GUIDE_GLOBAL_CGE\10. NEA_Integrated Carbon Market(ICM)\S5_NEAICM_ALL_NZ\NEAICM_ALL_NZ_Model.gms"
    PageSize 0
    ScrDir "C:\Users\kimc0\GUIDE_GLOBAL_CGE\10. NEA_Integrated Carbon Market(ICM)\S5_NEAICM_ALL_NZ\225a\"
    SysDir C:\GAMS\45\
    LogOption 3
    ErrMsg 1
    ErrorLog 99
    IDE 1
    LstTitleLeftAligned 1
*** License file too old for this version of GAMS.
*** Maintenance expired 25 days ago.
Licensee: Medium MUD - 10 User License                   S220825|0002AO-WIN
          Konkuk University, Dept of Technology Fusion Engineering  DC16297
          C:\Users\kimc0\Documents\GAMS\gamslice.txt
          License Admin: MInyoung Choi, mychoi1119@naver.com               
          The maintenance period of the license expired on Sep 19, 2023
          Please contact GAMS or your distributor for further information
Processor information: 1 socket(s), 6 core(s), and 12 thread(s) available
GAMS 45.7.0   Copyright (C) 1987-2024 GAMS Development. All rights reserved
--- Starting compilation
--- NEAICM_ALL_NZ_Model.gms(114) 3 Mb
--- GDXin=C:\Users\kimc0\GUIDE_GLOBAL_CGE\10. NEA_Integrated Carbon Market(ICM)\S5_NEAICM_ALL_NZ\Input_CGE\DATA_AGG-2019_GTAP11c_Regen.gdx
--- GDX File ($gdxIn) C:\Users\kimc0\GUIDE_GLOBAL_CGE\10. NEA_Integrated Carbon Market(ICM)\S5_NEAICM_ALL_NZ\Input_CGE\DATA_AGG-2019_GTAP11c_Regen.gdx
--- NEAICM_ALL_NZ_Model.gms(1023) 5 Mb
--- call gdxxrw Input_CGE\PAR.xlsx @Input_CGE\PAR.txt Rdim=2 Cdim=1 output = Input_CGE\PAR.gdx

GDXXRW           45.7.0 64fbf3ce Jan 18, 2024          WEI x86 64bit/MS Window
Input file : C:\Users\kimc0\GUIDE_GLOBAL_CGE\10. NEA_Integrated Carbon Market(ICM)\S5_NEAICM_ALL_NZ\Input_CGE\PAR.xlsx
Output file: C:\Users\kimc0\GUIDE_GLOBAL_CGE\10. NEA_Integrated Carbon Market(ICM)\S5_NEAICM_ALL_NZ\Input_CGE\PAR.gdx
Total time = 1672 Ms
--- NEAICM_ALL_NZ_Model.gms(1024) 5 Mb
--- GDXin=C:\Users\kimc0\GUIDE_GLOBAL_CGE\10. NEA_Integrated Carbon Market(ICM)\S5_NEAICM_ALL_NZ\Input_CGE\PAR.gdx
--- GDX File ($gdxIn) C:\Users\kimc0\GUIDE_GLOBAL_CGE\10. NEA_Integrated Carbon Market(ICM)\S5_NEAICM_ALL_NZ\Input_CGE\PAR.gdx
--- NEAICM_ALL_NZ_Model.gms(1030) 6 Mb
--- call gdxxrw Input_CGE\S2_EMISSIONS.xlsx par=S3_EMISSIONS rng=S3_EMISSIONS!A1 Rdim=1 Cdim=1 output=Input_CGE\S3_EMISSIONS.gdx

GDXXRW           45.7.0 64fbf3ce Jan 18, 2024          WEI x86 64bit/MS Window
**** Input file not found = C:\Users\kimc0\GUIDE_GLOBAL_CGE\10. NEA_Integrated Carbon Market(ICM)\S5_NEAICM_ALL_NZ\Input_CGE\S2_EMISSIONS.xlsx
Total time = 1437 Ms
--- NEAICM_ALL_NZ_Model.gms(1031) 6 Mb
--- GDXin=C:\Users\kimc0\GUIDE_GLOBAL_CGE\10. NEA_Integrated Carbon Market(ICM)\S5_NEAICM_ALL_NZ\Input_CGE\S3_EMISSIONS.gdx
--- GDX File ($gdxIn) C:\Users\kimc0\GUIDE_GLOBAL_CGE\10. NEA_Integrated Carbon Market(ICM)\S5_NEAICM_ALL_NZ\Input_CGE\S3_EMISSIONS.gdx
--- NEAICM_ALL_NZ_Model.gms(1037) 6 Mb
--- call gdxxrw Input_CGE\S4_PERMIT.xlsx par=S4_PERMIT rng=S4_PERMIT!A1 Rdim=1 output=Input_CGE\S4_PERMIT.gdx

GDXXRW           45.7.0 64fbf3ce Jan 18, 2024          WEI x86 64bit/MS Window
Input file : C:\Users\kimc0\GUIDE_GLOBAL_CGE\10. NEA_Integrated Carbon Market(ICM)\S5_NEAICM_ALL_NZ\Input_CGE\S4_PERMIT.xlsx
Output file: C:\Users\kimc0\GUIDE_GLOBAL_CGE\10. NEA_Integrated Carbon Market(ICM)\S5_NEAICM_ALL_NZ\Input_CGE\S4_PERMIT.gdx
Total time = 1516 Ms
--- NEAICM_ALL_NZ_Model.gms(1038) 6 Mb
--- GDXin=C:\Users\kimc0\GUIDE_GLOBAL_CGE\10. NEA_Integrated Carbon Market(ICM)\S5_NEAICM_ALL_NZ\Input_CGE\S4_PERMIT.gdx
--- GDX File ($gdxIn) C:\Users\kimc0\GUIDE_GLOBAL_CGE\10. NEA_Integrated Carbon Market(ICM)\S5_NEAICM_ALL_NZ\Input_CGE\S4_PERMIT.gdx
--- NEAICM_ALL_NZ_Model.gms(2198) 6 Mb
--- . DATA_WEB_2024.gms(914) 6 Mb
--- $echo File C:\Users\kimc0\GUIDE_GLOBAL_CGE\10. NEA_Integrated Carbon Market(ICM)\S5_NEAICM_ALL_NZ\Input_WEB\WEB19.txt
--- . DATA_WEB_2024.gms(936) 6 Mb
--- call gdxxrw Input_WEB/250328_WEB19.xlsx @Input_WEB/WEB19.txt trace=0 output=Input_WEB/250328_WEB19.gdx
--- . DATA_WEB_2024.gms(937) 6 Mb
--- GDXin=C:\Users\kimc0\GUIDE_GLOBAL_CGE\10. NEA_Integrated Carbon Market(ICM)\S5_NEAICM_ALL_NZ\Input_WEB\250328_WEB19.gdx
--- GDX File ($gdxIn) C:\Users\kimc0\GUIDE_GLOBAL_CGE\10. NEA_Integrated Carbon Market(ICM)\S5_NEAICM_ALL_NZ\Input_WEB\250328_WEB19.gdx
--- . DATA_WEB_2024.gms(1690) 6 Mb
--- NEAICM_ALL_NZ_Model.gms(2199) 6 Mb
--- . DATA_CO2coef.gms(189) 6 Mb
--- NEAICM_ALL_NZ_Model.gms(3367) 6 Mb
--- . NEAICM_ALL_NZ_SOLVE.gms(58) 6 Mb
--- GDXin=C:\Users\kimc0\GUIDE_GLOBAL_CGE\10. NEA_Integrated Carbon Market(ICM)\S5_NEAICM_ALL_NZ\Input_CGE\B_line.gdx
--- GDX File ($gdxIn) C:\Users\kimc0\GUIDE_GLOBAL_CGE\10. NEA_Integrated Carbon Market(ICM)\S5_NEAICM_ALL_NZ\Input_CGE\B_line.gdx
--- . NEAICM_ALL_NZ_SOLVE.gms(113) 6 Mb 1 Error
*** Error 140 in C:\Users\kimc0\GUIDE_GLOBAL_CGE\10. NEA_Integrated Carbon Market(ICM)\S5_NEAICM_ALL_NZ\NEAICM_ALL_NZ_SOLVE.gms
    Unknown symbol
--- . NEAICM_ALL_NZ_SOLVE.gms(132) 6 Mb
--- .. NEAICM_ALL_NZ_INIT.gms(316) 6 Mb
--- . NEAICM_ALL_NZ_SOLVE.gms(456) 6 Mb 2 Errors
*** Error 257 in C:\Users\kimc0\GUIDE_GLOBAL_CGE\10. NEA_Integrated Carbon Market(ICM)\S5_NEAICM_ALL_NZ\NEAICM_ALL_NZ_SOLVE.gms
    Solve statement not checked because of previous errors
--- . NEAICM_ALL_NZ_SOLVE.gms(461) 6 Mb
--- NEAICM_ALL_NZ_Model.gms(3368) 6 Mb
--- . NEAICM_ALL_NZ_RESULTS.gms(285) 6 Mb 3 Errors
*** Error 141 in C:\Users\kimc0\GUIDE_GLOBAL_CGE\10. NEA_Integrated Carbon Market(ICM)\S5_NEAICM_ALL_NZ\NEAICM_ALL_NZ_RESULTS.gms
    Symbol declared but no values have been assigned. Check for missing
       data definition, assignment, data loading or implicit assignment
       via a solve statement. Suppress with $onImplicitAssign.
       A wild shot: You may have spurious commas in the explanatory
       text of a declaration. Check symbol reference list.
--- . NEAICM_ALL_NZ_RESULTS.gms(457) 6 Mb
--- NEAICM_ALL_NZ_Model.gms(3368) 6 Mb 3 Errors
*** Status: Compilation error(s)
--- Job NEAICM_ALL_NZ_Model.gms Stop 06/10/26 20:29:45 elapsed 0:00:08.166
